
> Configure project :
Fabric Loom: 1.18.2

> Configure project :shader-loader
Fabric Loom: 1.18.2

> Task :compileJava UP-TO-DATE
> Task :configureNative UP-TO-DATE
> Task :buildNative UP-TO-DATE
> Task :processResources UP-TO-DATE
> Task :classes UP-TO-DATE
> Task :processIncludeJars UP-TO-DATE
> Task :jar UP-TO-DATE
> Task :shader-loader:compileJava UP-TO-DATE
> Task :shader-loader:processResources UP-TO-DATE
> Task :shader-loader:classes UP-TO-DATE
> Task :shader-loader:compileGametestJava UP-TO-DATE
> Task :shader-loader:generateLog4jConfig UP-TO-DATE
> Task :shader-loader:generateDLIConfig UP-TO-DATE
> Task :shader-loader:configureLaunch UP-TO-DATE
> Task :shader-loader:downloadAssets UP-TO-DATE
> Task :shader-loader:configureClientLaunch UP-TO-DATE
> Task :shader-loader:deleteGameTestRunDir
> Task :shader-loader:processGametestResources UP-TO-DATE
> Task :shader-loader:gametestClasses UP-TO-DATE

> Task :shader-loader:runClientGameTest
[00:18:34] [main/INFO] (FabricLoader/GameProvider) Loading Minecraft 26.3 with Fabric Loader 0.19.5
[00:18:34] [main/INFO] (FabricLoader/Mappings) Mappings not present!
[00:18:34] [main/INFO] (FabricLoader) Loading 54 mods:
	- fabric-advancement-api-v1 1.0.0+38c7a2d55d
	- fabric-api 0.161.0+26.3
	- fabric-api-base 2.0.6+fcdff87f5d
	- fabric-api-lookup-api-v1 2.0.24+3434d6d95d
	- fabric-biome-api-v1 20.0.9+74ed1ea55d
	- fabric-block-api-v1 3.1.0+0ae6f9115d
	- fabric-block-getter-api-v2 2.0.9+3434d6d95d
	- fabric-client-gametest-api-v1 6.0.7+4be74c3f5d
	- fabric-command-api-v2 3.1.2+fcdff87f5d
	- fabric-content-registries-v0 15.0.4+74ed1ea55d
	- fabric-convention-tags-v2 4.10.3+6b5b47fd5d
	- fabric-crash-report-info-v1 1.0.7+fcdff87f5d
	- fabric-creative-tab-api-v1 5.0.21+fcdff87f5d
	- fabric-data-attachment-api-v1 2.2.30+3434d6d95d
	- fabric-data-generation-api-v1 27.2.4+427eab975d
	- fabric-debug-api-v1 1.0.4+3434d6d95d
	- fabric-dimensions-v1 5.1.19+47f74c985d
	- fabric-entity-events-v1 6.0.4+3434d6d95d
	- fabric-events-interaction-v0 5.3.6+3434d6d95d
	- fabric-game-rule-api-v1 4.0.10+3434d6d95d
	- fabric-gametest-api-v1 4.0.32+3434d6d95d
	- fabric-item-api-v1 14.7.0+cf6bc2db5d
	- fabric-key-mapping-api-v1 2.0.8+3434d6d95d
	- fabric-lifecycle-events-v1 4.1.9+ffef5f675d
	- fabric-loot-api-v3 4.0.8+4068fd645d
	- fabric-menu-api-v1 2.0.27+ed66f0a35d
	- fabric-message-api-v1 7.0.10+3434d6d95d
	- fabric-model-loading-api-v1 8.0.35+fcdff87f5d
	- fabric-networking-api-v1 6.3.8+fcdff87f5d
	- fabric-object-builder-api-v1 24.1.9+3434d6d95d
	- fabric-particles-v1 5.0.24+3434d6d95d
	- fabric-permission-api-v1 1.0.8+fcdff87f5d
	- fabric-recipe-api-v1 10.0.8+fcdff87f5d
	- fabric-registry-sync-v0 8.0.1+fcdff87f5d
	- fabric-renderer-api-v1 17.0.15+79385d0b5d
	- fabric-renderer-indigo 9.1.23+b9d63e335d
	- fabric-rendering-fluids-v1 6.0.6+3434d6d95d
	- fabric-rendering-v1 27.0.14+901a437c5d
	- fabric-resource-conditions-api-v1 6.1.5+3434d6d95d
	- fabric-resource-loader-v0 3.3.26+4fc5413f5d
	- fabric-resource-loader-v1 3.0.4+fcdff87f5d
	- fabric-screen-api-v1 5.2.4+48607d035d
	- fabric-serialization-api-v1 2.0.7+74ed1ea55d
	- fabric-sound-api-v1 2.0.7+3434d6d95d
	- fabric-tag-api-v1 2.1.10+fcdff87f5d
	- fabric-transfer-api-v1 8.0.25+fcdff87f5d
	- fabric-transitive-access-wideners-v1 8.1.16+52268a0e5d
	- fabricloader 0.19.5
	- java 26
	- minecraft 26.3
	- minecraft_metal 0.2.1
	- minecraft_shader_loader 0.1.1
	- minecraft_shader_loader_gametest 1.0.0
	- mixinextras 0.5.5
[00:18:34] [main/INFO] (FabricLoader/Mixin) SpongePowered MIXIN Subsystem Version=0.8.7 Source=file:~/.gradle/caches/modules-2/files-2.1/net.fabricmc/sponge-mixin/0.17.4+mixin.0.8.7/5f66cc9f59b8efaa942155a3d5a30599bf6640dd/sponge-mixin-0.17.4+mixin.0.8.7.jar Service=Knot/Fabric Env=CLIENT
[00:18:35] [main/INFO] (FabricLoader/MixinExtras|Service) Initializing MixinExtras via com.llamalad7.mixinextras.service.MixinExtrasServiceImpl(version=0.5.5).
[00:18:36] [Datafixer Bootstrap #0/INFO] (Minecraft) 307 Datafixer optimizations took 218 milliseconds
[00:18:44] [Render thread/INFO] (Minecraft) Environment: Environment[discoveryUrl=https://discovery.minecraftservices.com/minecraft/client, name=PROD]
[00:18:44] [Render thread/INFO] (Minecraft) Setting user: Player0
[00:18:46] [Render thread/INFO] (minecraft_shader_loader) Selected shader pack BSL_v10.1.8.zip with 35723 cached block states; render programs initialize when entering a world.
[00:18:46] [Render thread/INFO] (minecraft_metal) Native Metal backend selected. Use -Dmetal.enabled=false to use Minecraft's graphics setting.
[00:18:46] [Render thread/INFO] (Indigo) [Indigo] Registering Indigo renderer!
[00:18:47] [Render thread/ERROR] (Minecraft) Illegal option value 0 for Anisotropic Filtering
[00:18:47] [Render thread/INFO] (Minecraft) Backend library: LWJGL version 3.4.3-snapshot
[00:18:47] [Render thread/INFO] (Minecraft) SDL [SYSTEM]: App name: Minecraft
[00:18:47] [Render thread/INFO] (Minecraft) SDL [SYSTEM]: App version: 26.3
[00:18:47] [Render thread/INFO] (Minecraft) SDL [SYSTEM]: App ID: com.mojang.minecraft
[00:18:47] [Render thread/INFO] (Minecraft) SDL [SYSTEM]: SDL revision: SDL-3.4.14-62f10da
2026-10-03 00:18:48.018 java[30598:9548881] Metal API Validation Enabled
[00:18:48] [Render thread/WARN] (Minecraft) Device [Apple M3 Pro] supports all extensions from FeatureSet [Vulkan Portability Subset], making required
[00:18:48] [Render thread/INFO] (MinecraftMetal) Metal device created: Apple M3 Pro. Native SDL presentation, no OpenGL context.
[00:18:48] [Render thread/INFO] (Minecraft) Using graphics backend Metal, using drivers: 26.5.2
[00:18:48] [Render thread/INFO] (Minecraft) Using graphics device: Apple M3 Pro (Apple)
[00:18:48] [Render thread/INFO] (Minecraft) Using graphics device extensions: CAMetalLayer, MSL, SPIRV-Cross
[00:18:48] [Render thread/INFO] (Minecraft) Created window using SDL video driver: cocoa
[00:18:51] [Download-1/INFO] (Minecraft) Could not authorize you against Realms server: java.lang.RuntimeException: Failed to parse into SignedJWT: FabricMC
[00:18:55] [Render thread/INFO] (Minecraft) Reloading ResourceManager: vanilla, vanilla, fabric-advancement-api-v1, fabric-api, fabric-api-base, fabric-api-lookup-api-v1, fabric-biome-api-v1, fabric-block-api-v1, fabric-block-getter-api-v2, fabric-client-gametest-api-v1, fabric-command-api-v2, fabric-content-registries-v0, fabric-convention-tags-v2, fabric-crash-report-info-v1, fabric-creative-tab-api-v1, fabric-data-attachment-api-v1, fabric-data-generation-api-v1, fabric-debug-api-v1, fabric-dimensions-v1, fabric-entity-events-v1, fabric-events-interaction-v0, fabric-game-rule-api-v1, fabric-gametest-api-v1, fabric-item-api-v1, fabric-key-mapping-api-v1, fabric-lifecycle-events-v1, fabric-loot-api-v3, fabric-menu-api-v1, fabric-message-api-v1, fabric-model-loading-api-v1, fabric-networking-api-v1, fabric-object-builder-api-v1, fabric-particles-v1, fabric-permission-api-v1, fabric-recipe-api-v1, fabric-registry-sync-v0, fabric-renderer-api-v1, fabric-renderer-indigo, fabric-rendering-fluids-v1, fabric-rendering-v1, fabric-resource-conditions-api-v1, fabric-resource-loader-v0, fabric-resource-loader-v1, fabric-screen-api-v1, fabric-serialization-api-v1, fabric-sound-api-v1, fabric-tag-api-v1, fabric-transfer-api-v1, fabric-transitive-access-wideners-v1, fabricloader
[00:18:56] [Worker-Main-4/INFO] (Minecraft) Found unifont_all_no_pua-17.0.01.hex, loading
[00:18:56] [Worker-Main-3/INFO] (Minecraft) Found unifont_pua-17.0.01.hex, loading
[00:18:58] [Worker-Main-11/INFO] (Minecraft) Found unifont_jp_patch-17.0.01.hex, loading
[00:19:27] [Render thread/INFO] (Minecraft) OpenAL initialized on device SOUNDPEATS Sonic
[00:19:27] [Render thread/INFO] (Minecraft) Sound engine started
[00:19:27] [Render thread/INFO] (Minecraft) Created: 512x256x0 minecraft:textures/atlas/particles.png-atlas
[00:19:27] [Render thread/INFO] (Minecraft) Created: 256x128x0 minecraft:textures/atlas/celestials.png-atlas
[00:19:27] [Render thread/INFO] (Minecraft) Created: 128x128x0 minecraft:textures/atlas/decorated_pot.png-atlas
[00:19:27] [Render thread/INFO] (Minecraft) Created: 512x256x0 minecraft:textures/atlas/paintings.png-atlas
[00:19:27] [Render thread/INFO] (Minecraft) Created: 1024x512x0 minecraft:textures/atlas/shield_patterns.png-atlas
[00:19:27] [Render thread/INFO] (Minecraft) Created: 1024x512x0 minecraft:textures/atlas/banner_patterns.png-atlas
[00:19:27] [Render thread/INFO] (Minecraft) Created: 2048x2048x4 minecraft:textures/atlas/blocks.png-atlas
[00:19:28] [Render thread/INFO] (Minecraft) Created: 1024x512x0 minecraft:textures/atlas/items.png-atlas
[00:19:28] [Render thread/INFO] (Minecraft) Created: 1024x1024x0 minecraft:textures/atlas/gui.png-atlas
[00:19:28] [Render thread/INFO] (Minecraft) Created: 128x64x0 minecraft:textures/atlas/map_decorations.png-atlas
[00:19:28] [Render thread/INFO] (Minecraft) Created: 512x512x0 minecraft:textures/atlas/chest.png-atlas
[00:19:28] [Render thread/INFO] (Minecraft) Created: 512x512x0 minecraft:textures/atlas/shulker_boxes.png-atlas
[00:19:30] [Download-1/INFO] (Minecraft) Could not authorize you against Realms server: java.lang.RuntimeException: Failed to parse into SignedJWT: FabricMC
[00:19:32] [Worker-Main-4/INFO] (Minecraft) Loaded 1866 advancements
[00:19:32] [Render thread/INFO] (fabric-client-gametest-api-v1) World loading finished: null screen: net.minecraft.client.gui.screens.GenericMessageScreen@5b879db9
[00:19:33] [Render thread/INFO] (BiomeModificationImpl) Applied 0 biome modifications to 0 of 67 new biomes in 661.8 μs
[00:19:33] [Server thread/INFO] (Minecraft) Starting integrated minecraft server version 26.3
[00:19:33] [Server thread/INFO] (Minecraft) Generating keypair
[00:19:33] [Server thread/INFO] (Minecraft) Selecting global world spawn...
[00:19:33] [Server thread/INFO] (Minecraft) Loading 0 persistent chunks...
[00:19:33] [Server thread/INFO] (Minecraft) Preparing spawn area: 16%
[00:19:33] [Server thread/INFO] (Minecraft) Saving chunks for level 'ServerLevel[Shader pack disposable validation]'/minecraft:overworld
[00:19:33] [Server thread/INFO] (Minecraft) Saving chunks for level 'ServerLevel[Shader pack disposable validation]'/minecraft:the_end
[00:19:33] [Server thread/INFO] (Minecraft) Saving chunks for level 'ServerLevel[Shader pack disposable validation]'/minecraft:the_nether
[00:19:33] [Render thread/INFO] (fabric-client-gametest-api-v1) World loading finished: null screen: net.minecraft.client.gui.screens.LevelLoadingScreen@43901d12
[00:19:33] [Render thread/INFO] (fabric-client-gametest-api-v1) World loading finished: null screen: net.minecraft.client.gui.screens.LevelLoadingScreen@43901d12
[00:19:33] [Render thread/INFO] (fabric-client-gametest-api-v1) World loading finished: null screen: net.minecraft.client.gui.screens.LevelLoadingScreen@43901d12
[00:19:33] [Render thread/INFO] (fabric-client-gametest-api-v1) World loading finished: null screen: net.minecraft.client.gui.screens.LevelLoadingScreen@43901d12
[00:19:33] [Render thread/INFO] (fabric-client-gametest-api-v1) World loading finished: null screen: net.minecraft.client.gui.screens.LevelLoadingScreen@43901d12
[00:19:33] [Render thread/INFO] (fabric-client-gametest-api-v1) World loading finished: null screen: net.minecraft.client.gui.screens.LevelLoadingScreen@43901d12
[00:19:33] [Render thread/INFO] (fabric-client-gametest-api-v1) World loading finished: null screen: net.minecraft.client.gui.screens.LevelLoadingScreen@43901d12
[00:19:33] [Render thread/INFO] (fabric-client-gametest-api-v1) World loading finished: null screen: net.minecraft.client.gui.screens.LevelLoadingScreen@43901d12
[00:19:33] [Server thread/INFO] (Minecraft) Loading 48 chunks for player spawn...
[00:19:34] [Server thread/INFO] (Minecraft) Preparing spawn area: 16%
[00:19:34] [Render thread/INFO] (fabric-client-gametest-api-v1) World loading finished: null screen: net.minecraft.client.gui.screens.LevelLoadingScreen@43901d12
[00:19:34] [Render thread/INFO] (fabric-client-gametest-api-v1) World loading finished: null screen: net.minecraft.client.gui.screens.LevelLoadingScreen@43901d12
[00:19:34] [Render thread/INFO] (fabric-client-gametest-api-v1) World loading finished: null screen: net.minecraft.client.gui.screens.LevelLoadingScreen@43901d12
[00:19:34] [Render thread/INFO] (fabric-client-gametest-api-v1) World loading finished: null screen: net.minecraft.client.gui.screens.LevelLoadingScreen@43901d12
[00:19:34] [Render thread/INFO] (fabric-client-gametest-api-v1) World loading finished: null screen: net.minecraft.client.gui.screens.LevelLoadingScreen@43901d12
[00:19:34] [Render thread/INFO] (fabric-client-gametest-api-v1) World loading finished: null screen: net.minecraft.client.gui.screens.LevelLoadingScreen@43901d12
[00:19:34] [Server thread/INFO] (Minecraft) Preparing spawn area: 100%
[00:19:34] [Server thread/INFO] (Minecraft) Time elapsed: 1050 ms
[00:19:34] [Render thread/INFO] (fabric-client-gametest-api-v1) World loading finished: null screen: net.minecraft.client.gui.screens.LevelLoadingScreen@43901d12
[00:19:34] [Server thread/INFO] (Minecraft) Player0[local:E:abd815d6] logged in with entity id 1 at (0.5, -60.0, 0.5)
[00:19:34] [Server thread/INFO] (Minecraft) System chat: Player0 joined the game
[00:19:34] [Server thread/INFO] (Minecraft) Changing view distance to 5, from 10
[00:19:34] [Server thread/INFO] (Minecraft) Changing simulation distance to 5, from 0
[00:19:34] [Render thread/INFO] (fabric-client-gametest-api-v1) World loading finished: null screen: net.minecraft.client.gui.screens.LevelLoadingScreen@43901d12
[00:19:34] [Render thread/INFO] (Minecraft) Loaded 2 advancements
[00:19:34] [Render thread/INFO] (fabric-client-gametest-api-v1) World loading finished: ClientLevel screen: net.minecraft.client.gui.screens.LevelLoadingScreen@43901d12
[00:19:34] [Render thread/WARN] (Minecraft) Requested post effect does not exist: minecraft:end_of_frame
[00:19:36] [Render thread/INFO] (minecraft_shader_loader) Pack BSL_v10.1.8.zip initialized in minecraft:overworld at 960x600
[00:19:38] [Render thread/INFO] (Minecraft) Resizing Dynamic Transforms UBO, capacity limit of 2 reached during a single frame. New capacity will be 4.
[00:19:38] [Render thread/INFO] (fabric-client-gametest-api-v1) World loading finished: ClientLevel screen: net.minecraft.client.gui.screens.LevelLoadingScreen@43901d12
[00:19:38] [Server thread/WARN] (Minecraft) Can't keep up! Is the server overloaded? Running 4164ms or 83 ticks behind
[00:19:39] [Render thread/INFO] (Minecraft) Resizing Dynamic Transforms UBO, capacity limit of 4 reached during a single frame. New capacity will be 8.
[00:19:39] [Render thread/INFO] (fabric-client-gametest-api-v1) World loading finished: ClientLevel screen: net.minecraft.client.gui.screens.LevelLoadingScreen@43901d12
[00:19:39] [Render thread/INFO] (Minecraft) Resizing Dynamic Transforms UBO, capacity limit of 8 reached during a single frame. New capacity will be 16.
[00:19:39] [Render thread/INFO] (fabric-client-gametest-api-v1) World loading finished: ClientLevel screen: net.minecraft.client.gui.screens.LevelLoadingScreen@43901d12
[00:19:39] [Render thread/INFO] (fabric-client-gametest-api-v1) World loading finished: ClientLevel screen: net.minecraft.client.gui.screens.LevelLoadingScreen@43901d12
[00:19:39] [Render thread/INFO] (fabric-client-gametest-api-v1) World loading finished: ClientLevel screen: net.minecraft.client.gui.screens.LevelLoadingScreen@43901d12
[00:19:39] [Render thread/INFO] (Minecraft) Resizing Chunk Sections Command Buffer, capacity limit of 2 reached during a single frame. New capacity will be 4.
[00:19:39] [Render thread/INFO] (Minecraft) Resizing Chunk Sections Instanced, capacity limit of 2 reached during a single frame. New capacity will be 4.
[00:19:39] [Render thread/INFO] (Minecraft) Resizing Chunk Sections Command Buffer, capacity limit of 4 reached during a single frame. New capacity will be 8.
[00:19:39] [Render thread/INFO] (Minecraft) Resizing Chunk Sections Instanced, capacity limit of 4 reached during a single frame. New capacity will be 8.
[00:19:39] [Render thread/INFO] (Minecraft) Resizing Chunk Sections Command Buffer, capacity limit of 8 reached during a single frame. New capacity will be 16.
[00:19:39] [Render thread/INFO] (Minecraft) Resizing Chunk Sections Instanced, capacity limit of 8 reached during a single frame. New capacity will be 16.
[00:19:39] [Render thread/INFO] (fabric-client-gametest-api-v1) World loading finished: ClientLevel screen: net.minecraft.client.gui.screens.LevelLoadingScreen@43901d12
[00:19:39] [Render thread/INFO] (Minecraft) Resizing Chunk Sections Command Buffer, capacity limit of 16 reached during a single frame. New capacity will be 32.
[00:19:39] [Render thread/INFO] (Minecraft) Resizing Chunk Sections Instanced, capacity limit of 16 reached during a single frame. New capacity will be 32.
[00:19:39] [Render thread/INFO] (fabric-client-gametest-api-v1) World loading finished: ClientLevel screen: net.minecraft.client.gui.screens.LevelLoadingScreen@43901d12
[00:19:39] [Render thread/INFO] (fabric-client-gametest-api-v1) World loading finished: ClientLevel screen: net.minecraft.client.gui.screens.LevelLoadingScreen@43901d12
[00:19:39] [Render thread/INFO] (fabric-client-gametest-api-v1) World loading finished: ClientLevel screen: net.minecraft.client.gui.screens.LevelLoadingScreen@43901d12
[00:19:39] [Render thread/INFO] (fabric-client-gametest-api-v1) World loading finished: ClientLevel screen: net.minecraft.client.gui.screens.LevelLoadingScreen@43901d12
[00:19:39] [Render thread/INFO] (fabric-client-gametest-api-v1) World loading finished: ClientLevel screen: net.minecraft.client.gui.screens.LevelLoadingScreen@43901d12
[00:19:39] [Render thread/INFO] (fabric-client-gametest-api-v1) World loading finished: ClientLevel screen: net.minecraft.client.gui.screens.LevelLoadingScreen@43901d12
[00:19:39] [Render thread/INFO] (fabric-client-gametest-api-v1) World loading finished: ClientLevel screen: net.minecraft.client.gui.screens.LevelLoadingScreen@43901d12
[00:19:39] [Render thread/INFO] (fabric-client-gametest-api-v1) World loading finished: ClientLevel screen: net.minecraft.client.gui.screens.LevelLoadingScreen@43901d12
[00:19:39] [Render thread/INFO] (fabric-client-gametest-api-v1) World loading finished: ClientLevel screen: net.minecraft.client.gui.screens.LevelLoadingScreen@43901d12
[00:19:39] [Render thread/INFO] (fabric-client-gametest-api-v1) World loading finished: ClientLevel screen: net.minecraft.client.gui.screens.LevelLoadingScreen@43901d12
[00:19:40] [Render thread/INFO] (fabric-client-gametest-api-v1) World loading finished: ClientLevel screen: net.minecraft.client.gui.screens.LevelLoadingScreen@43901d12
[00:19:40] [Render thread/INFO] (Minecraft) Resizing Chunk Sections Command Buffer, capacity limit of 32 reached during a single frame. New capacity will be 64.
[00:19:40] [Render thread/INFO] (Minecraft) Resizing Chunk Sections Instanced, capacity limit of 32 reached during a single frame. New capacity will be 64.
[00:19:40] [Render thread/INFO] (fabric-client-gametest-api-v1) World loading finished: ClientLevel screen: null
[00:19:40] [Server thread/INFO] (Minecraft) System chat: Game rule send_command_feedback is now set to false
[00:19:40] [Server thread/INFO] (Minecraft) System chat: Game rule advance_time is already set to false
[00:19:40] [Server thread/INFO] (Minecraft) System chat: Set Player0's game mode to Creative Mode
[00:19:40] [Server thread/INFO] (Minecraft) System chat: Set minecraft:overworld to 4000 tick(s)
[00:19:40] [Server thread/INFO] (Minecraft) System chat: Set the weather to clear
[00:19:40] [Server thread/INFO] (Minecraft) System chat: Successfully filled 441 block(s)
[00:19:40] [Server thread/INFO] (Minecraft) System chat: Successfully filled 384 block(s)
[00:19:40] [Server thread/INFO] (Minecraft) System chat: Successfully filled 20 block(s)
[00:19:40] [Server thread/INFO] (Minecraft) System chat: Successfully filled 6 block(s)
[00:19:40] [Server thread/INFO] (Minecraft) System chat: Successfully filled 75 block(s)
[00:19:40] [Server thread/INFO] (Minecraft) System chat: Successfully filled 15 block(s)
[00:19:40] [Server thread/INFO] (Minecraft) System chat: Changed the block at -1, -59, 2
[00:19:40] [Server thread/INFO] (Minecraft) System chat: Summoned new Pig
[00:19:40] [Server thread/INFO] (Minecraft) System chat: Gave 1 [Diamond Sword] to Player0
[00:19:40] [Server thread/INFO] (Minecraft) System chat: Successfully filled 150 block(s)
[00:19:40] [Server thread/INFO] (Minecraft) System chat: Teleported Player0 to 11.500000, -54.000000, 14.500000
[00:19:41] [Render thread/INFO] (Minecraft) Resizing Chunk Sections Command Buffer, capacity limit of 64 reached during a single frame. New capacity will be 128.
[00:19:41] [Render thread/INFO] (Minecraft) Resizing Chunk Sections Instanced, capacity limit of 64 reached during a single frame. New capacity will be 128.
[00:19:42] [Render thread/INFO] (Minecraft) Resizing Chunk Sections Command Buffer, capacity limit of 128 reached during a single frame. New capacity will be 256.
[00:19:43] [Render thread/INFO] (Minecraft) Resizing Chunk Sections Instanced, capacity limit of 128 reached during a single frame. New capacity will be 256.
[00:19:46] [Render thread/INFO] (Minecraft) Resizing Chunk Sections Command Buffer, capacity limit of 256 reached during a single frame. New capacity will be 512.
[00:19:46] [Render thread/INFO] (Minecraft) Resizing Chunk Sections Instanced, capacity limit of 256 reached during a single frame. New capacity will be 512.
[00:19:47] [Test thread/INFO] (Minecraft) [STDOUT]: Shader visual evidence: ~/Programs/minecraft-metal-renderer/shader-loader/build/run/clientGameTest/screenshots/01-bsl-day-water-glass-shadow.png
[00:19:47] [Render thread/INFO] (Minecraft) [STDOUT]: Shader image diagnostics 01-bsl-day-water-glass-shadow:
Native texture row 0 appears at image top; these diagnostics are not presentation-flipped.
shadowtex0 D32_FLOAT 2048x2048 min=0.487378627 max=1.000000000 nonFinite=0 nonClear=2183830/4194304 drawnMin=0.487378627 drawnMax=0.515968800
depthtex0 D32_FLOAT 960x600 min=0.551016569 max=1.000000000 nonFinite=0 nonClear=463687/576000 drawnMin=0.551016569 drawnMax=0.999517977
colortex0 RG11B10_FLOAT 960x600 min=0.000029564 max=2.062500000 nonFinite=0
shadowcolor0 RGBA8_UNORM 2048x2048 min=0.000000000 max=1.000000000 nonFinite=0
Submitted feature tags: {DrawTag[kind=ENTITY, entityId=-1, blockEntityId=-1, red=0.0, green=0.0, blue=0.0, alpha=0.0, shadowOnly=false]=2, DrawTag[kind=NONE, entityId=-1, blockEntityId=-1, red=0.0, green=0.0, blue=0.0, alpha=0.0, shadowOnly=false]=3, DrawTag[kind=ENTITY, entityId=-1, blockEntityId=-1, red=0.0, green=0.0, blue=0.0, alpha=0.0, shadowOnly=true]=3}
Shadow projection: [0.00390625, 0.0, 0.0, 0.0, 0.0, 0.00390625, 0.0, 0.0, 0.0, 0.0, -0.0019532205, 0.0, -0.0, -0.0, -1.0000978, 1.0]
Shadow model view: [0.8459399, -0.3786123, 0.37555084, 0.0, 0.0, 0.70423055, 0.7099714, 0.0, -0.5332782, -0.60059315, 0.59573674, 0.0, 1.002286, 0.27263838, -509.98865, 1.0]
Sun world direction: ( 3.756E-1  7.100E-1  5.957E-1)
Shadow world direction: ( 3.756E-1  7.100E-1  5.957E-1)

[00:19:47] [Server thread/INFO] (Minecraft) System chat: Displaying particle minecraft:flame
[00:19:48] [Test thread/INFO] (Minecraft) [STDOUT]: Shader visual evidence: ~/Programs/minecraft-metal-renderer/shader-loader/build/run/clientGameTest/screenshots/02-bsl-particles.png
[00:19:49] [Test thread/INFO] (Minecraft) [STDOUT]: Shader visual evidence: ~/Programs/minecraft-metal-renderer/shader-loader/build/run/clientGameTest/screenshots/03-bsl-movement-history.png
[00:19:49] [Server thread/INFO] (Minecraft) System chat: Set minecraft:overworld to time marker minecraft:midnight
[00:19:52] [Render thread/INFO] (Minecraft) Resizing Dynamic Transforms UBO, capacity limit of 16 reached during a single frame. New capacity will be 32.
[00:19:52] [Test thread/INFO] (Minecraft) [STDOUT]: Shader visual evidence: ~/Programs/minecraft-metal-renderer/shader-loader/build/run/clientGameTest/screenshots/04-bsl-night.png
[00:19:52] [Render thread/INFO] (Minecraft) [STDOUT]: Shader image diagnostics 04-bsl-night:
Native texture row 0 appears at image top; these diagnostics are not presentation-flipped.
shadowtex0 D32_FLOAT 2048x2048 min=0.490095526 max=1.000000000 nonFinite=0 nonClear=2232157/4194304 drawnMin=0.490095526 drawnMax=0.512192369
depthtex0 D32_FLOAT 960x600 min=0.551025569 max=1.000000000 nonFinite=0 nonClear=465986/576000 drawnMin=0.551025569 drawnMax=0.999497473
colortex0 RG11B10_FLOAT 960x600 min=0.000014305 max=1.359375000 nonFinite=0
shadowcolor0 RGBA8_UNORM 2048x2048 min=0.000000000 max=1.000000000 nonFinite=0
Submitted feature tags: {DrawTag[kind=ENTITY, entityId=-1, blockEntityId=-1, red=0.0, green=0.0, blue=0.0, alpha=0.0, shadowOnly=false]=2, DrawTag[kind=NONE, entityId=-1, blockEntityId=-1, red=0.0, green=0.0, blue=0.0, alpha=0.0, shadowOnly=false]=3, DrawTag[kind=ENTITY, entityId=-1, blockEntityId=-1, red=0.0, green=0.0, blue=0.0, alpha=0.0, shadowOnly=true]=3}
Shadow projection: [0.00390625, 0.0, 0.0, 0.0, 0.0, 0.00390625, 0.0, 0.0, 0.0, 0.0, -0.0019532205, 0.0, -0.0, -0.0, -1.0000978, 1.0]
Shadow model view: [1.0, 2.0837287E-7, -1.7484557E-7, 0.0, -0.0, 0.64278764, 0.76604456, 0.0, 2.7201142E-7, -0.76604456, 0.64278764, 0.0, 1.6448663, -0.37648976, -509.56937, 1.0]
Sun world direction: ( 8.742E-8 -7.660E-1 -6.428E-1)
Shadow world direction: (-1.748E-7  7.660E-1  6.428E-1)

[00:19:52] [Server thread/INFO] (Minecraft) System chat: Set minecraft:overworld to 4000 tick(s)
[00:19:52] [Server thread/INFO] (Minecraft) System chat: Set the weather to rain
[00:19:56] [Test thread/INFO] (Minecraft) [STDOUT]: Shader visual evidence: ~/Programs/minecraft-metal-renderer/shader-loader/build/run/clientGameTest/screenshots/05-bsl-rain.png
[00:19:56] [Render thread/INFO] (minecraft_shader_loader) Pack BSL_v10.1.8.zip initialized in minecraft:overworld at 1280x720
[00:19:56] [Server thread/WARN] (Minecraft) Can't keep up! Is the server overloaded? Running 3215ms or 64 ticks behind
[00:19:58] [Test thread/INFO] (Minecraft) [STDOUT]: Shader visual evidence: ~/Programs/minecraft-metal-renderer/shader-loader/build/run/clientGameTest/screenshots/06-bsl-resized.png
[00:19:58] [Render thread/INFO] (Minecraft) Reloading ResourceManager: vanilla, vanilla, fabric-advancement-api-v1, fabric-api, fabric-api-base, fabric-api-lookup-api-v1, fabric-biome-api-v1, fabric-block-api-v1, fabric-block-getter-api-v2, fabric-client-gametest-api-v1, fabric-command-api-v2, fabric-content-registries-v0, fabric-convention-tags-v2, fabric-crash-report-info-v1, fabric-creative-tab-api-v1, fabric-data-attachment-api-v1, fabric-data-generation-api-v1, fabric-debug-api-v1, fabric-dimensions-v1, fabric-entity-events-v1, fabric-events-interaction-v0, fabric-game-rule-api-v1, fabric-gametest-api-v1, fabric-item-api-v1, fabric-key-mapping-api-v1, fabric-lifecycle-events-v1, fabric-loot-api-v3, fabric-menu-api-v1, fabric-message-api-v1, fabric-model-loading-api-v1, fabric-networking-api-v1, fabric-object-builder-api-v1, fabric-particles-v1, fabric-permission-api-v1, fabric-recipe-api-v1, fabric-registry-sync-v0, fabric-renderer-api-v1, fabric-renderer-indigo, fabric-rendering-fluids-v1, fabric-rendering-v1, fabric-resource-conditions-api-v1, fabric-resource-loader-v0, fabric-resource-loader-v1, fabric-screen-api-v1, fabric-serialization-api-v1, fabric-sound-api-v1, fabric-tag-api-v1, fabric-transfer-api-v1, fabric-transitive-access-wideners-v1, fabricloader
[00:19:58] [Worker-Main-7/INFO] (Minecraft) Found unifont_pua-17.0.01.hex, loading
[00:19:58] [Worker-Main-8/INFO] (Minecraft) Found unifont_all_no_pua-17.0.01.hex, loading
[00:19:58] [Server thread/INFO] (Minecraft) Saving and pausing game...
[00:19:58] [Server thread/INFO] (Minecraft) Saving chunks for level 'ServerLevel[Shader pack disposable validation]'/minecraft:overworld
[00:19:58] [Server thread/INFO] (Minecraft) Saving chunks for level 'ServerLevel[Shader pack disposable validation]'/minecraft:the_end
[00:19:58] [Server thread/INFO] (Minecraft) Saving chunks for level 'ServerLevel[Shader pack disposable validation]'/minecraft:the_nether
[00:19:58] [Worker-Main-8/INFO] (Minecraft) Found unifont_jp_patch-17.0.01.hex, loading
[00:19:58] [Render thread/INFO] (Minecraft) OpenAL initialized on device SOUNDPEATS Sonic
[00:19:58] [Render thread/INFO] (Minecraft) Sound engine started
[00:19:58] [Render thread/INFO] (Minecraft) Created: 512x256x0 minecraft:textures/atlas/particles.png-atlas
[00:19:58] [Render thread/INFO] (Minecraft) Created: 256x128x0 minecraft:textures/atlas/celestials.png-atlas
[00:19:58] [Render thread/INFO] (Minecraft) Created: 128x128x0 minecraft:textures/atlas/decorated_pot.png-atlas
[00:19:58] [Render thread/INFO] (Minecraft) Created: 512x256x0 minecraft:textures/atlas/paintings.png-atlas
[00:19:58] [Render thread/INFO] (Minecraft) Created: 1024x512x0 minecraft:textures/atlas/shield_patterns.png-atlas
[00:19:58] [Render thread/INFO] (Minecraft) Created: 1024x512x0 minecraft:textures/atlas/banner_patterns.png-atlas
[00:19:58] [Render thread/INFO] (Minecraft) Created: 2048x2048x4 minecraft:textures/atlas/blocks.png-atlas
[00:19:58] [Render thread/INFO] (Minecraft) Created: 1024x512x0 minecraft:textures/atlas/items.png-atlas
[00:19:59] [Render thread/INFO] (Minecraft) Created: 1024x1024x0 minecraft:textures/atlas/gui.png-atlas
[00:19:59] [Render thread/INFO] (Minecraft) Created: 128x64x0 minecraft:textures/atlas/map_decorations.png-atlas
[00:19:59] [Render thread/INFO] (Minecraft) Created: 512x512x0 minecraft:textures/atlas/chest.png-atlas
[00:19:59] [Render thread/INFO] (Minecraft) Created: 512x512x0 minecraft:textures/atlas/shulker_boxes.png-atlas
[00:19:59] [Render thread/WARN] (Minecraft) Requested post effect does not exist: minecraft:end_of_frame
[00:20:01] [Test thread/INFO] (Minecraft) [STDOUT]: Shader visual evidence: ~/Programs/minecraft-metal-renderer/shader-loader/build/run/clientGameTest/screenshots/07-bsl-resource-reload.png
[00:20:01] [Server thread/INFO] (Minecraft) System chat: Set the weather to clear
[00:20:01] [Server thread/INFO] (Minecraft) System chat: Set Player0's game mode to Spectator Mode
[00:20:01] [Server thread/INFO] (Minecraft) System chat: Teleported Player0 to -4.500000, -62.500000, 0.500000
[00:20:03] [Test thread/INFO] (Minecraft) [STDOUT]: Shader visual evidence: ~/Programs/minecraft-metal-renderer/shader-loader/build/run/clientGameTest/screenshots/08-bsl-underwater.png
[00:20:03] [Server thread/INFO] (Minecraft) System chat: Teleported Player0 to 11.500000, -54.000000, 14.500000
[00:20:03] [Server thread/INFO] (Minecraft) System chat: Set Player0's game mode to Creative Mode
[00:20:03] [Server thread/INFO] (Minecraft) System chat: Changed the block at 0, -59, 0
[00:20:03] [Server thread/INFO] (Minecraft) System chat: Changed the block at -1, -59, -1
[00:20:03] [Server thread/INFO] (Minecraft) System chat: Summoned new End Crystal
[00:20:06] [Test thread/INFO] (Minecraft) [STDOUT]: Shader visual evidence: ~/Programs/minecraft-metal-renderer/shader-loader/build/run/clientGameTest/screenshots/09-bsl-block-entities-portal.png
[00:20:07] [Render thread/INFO] (Minecraft) [STDOUT]: Shader image diagnostics 09-bsl-block-entities-portal:
Native texture row 0 appears at image top; these diagnostics are not presentation-flipped.
shadowtex0 D32_FLOAT 2048x2048 min=0.487378627 max=1.000000000 nonFinite=0 nonClear=2202581/4194304 drawnMin=0.487378627 drawnMax=0.517183840
depthtex0 D32_FLOAT 1280x720 min=0.549754083 max=1.000000000 nonFinite=0 nonClear=737955/921600 drawnMin=0.549754083 drawnMax=0.999513865
colortex0 RG11B10_FLOAT 1280x720 min=0.000053406 max=1.968750000 nonFinite=0
shadowcolor0 RGBA8_UNORM 2048x2048 min=0.000000000 max=1.000000000 nonFinite=0
Submitted feature tags: {DrawTag[kind=BLOCK_ENTITY, entityId=-1, blockEntityId=-1, red=0.0, green=0.0, blue=0.0, alpha=0.0, shadowOnly=false]=1, DrawTag[kind=ENTITY, entityId=-1, blockEntityId=-1, red=0.0, green=0.0, blue=0.0, alpha=0.0, shadowOnly=true]=3, DrawTag[kind=BLOCK_ENTITY, entityId=-1, blockEntityId=25200, red=0.0, green=0.0, blue=0.0, alpha=0.0, shadowOnly=false]=1, DrawTag[kind=ENTITY, entityId=-1, blockEntityId=-1, red=0.0, green=0.0, blue=0.0, alpha=0.0, shadowOnly=false]=2, DrawTag[kind=ENTITY, entityId=10102, blockEntityId=-1, red=0.0, green=0.0, blue=0.0, alpha=0.0, shadowOnly=false]=1, DrawTag[kind=NONE, entityId=-1, blockEntityId=-1, red=0.0, green=0.0, blue=0.0, alpha=0.0, shadowOnly=false]=3}
Shadow projection: [0.00390625, 0.0, 0.0, 0.0, 0.0, 0.00390625, 0.0, 0.0, 0.0, 0.0, -0.0019532205, 0.0, -0.0, -0.0, -1.0000978, 1.0]
Shadow model view: [0.8459399, -0.3786123, 0.37555084, 0.0, 0.0, 0.70423055, 0.7099714, 0.0, -0.5332782, -0.60059315, 0.59573674, 0.0, 1.002286, 0.27263838, -509.98865, 1.0]
Sun world direction: ( 3.756E-1  7.100E-1  5.957E-1)
Shadow world direction: ( 3.756E-1  7.100E-1  5.957E-1)

[00:20:07] [Server thread/INFO] (Minecraft) System chat: Applied 1.0 damage to Pig
[00:20:07] [Test thread/INFO] (Minecraft) [STDOUT]: Shader visual evidence: ~/Programs/minecraft-metal-renderer/shader-loader/build/run/clientGameTest/screenshots/10-bsl-hurt-entity.png
[00:20:08] [Render thread/INFO] (Minecraft) [STDOUT]: Shader image diagnostics 10-bsl-hurt-entity:
Native texture row 0 appears at image top; these diagnostics are not presentation-flipped.
shadowtex0 D32_FLOAT 2048x2048 min=0.487378627 max=1.000000000 nonFinite=0 nonClear=2202581/4194304 drawnMin=0.487378627 drawnMax=0.517183840
depthtex0 D32_FLOAT 1280x720 min=0.549751580 max=1.000000000 nonFinite=0 nonClear=737548/921600 drawnMin=0.549751580 drawnMax=0.999518096
colortex0 RG11B10_FLOAT 1280x720 min=0.000045776 max=1.968750000 nonFinite=0
shadowcolor0 RGBA8_UNORM 2048x2048 min=0.000000000 max=1.000000000 nonFinite=0
Submitted feature tags: {DrawTag[kind=ENTITY, entityId=-1, blockEntityId=-1, red=0.0, green=0.0, blue=0.0, alpha=0.0, shadowOnly=true]=3, DrawTag[kind=BLOCK_ENTITY, entityId=-1, blockEntityId=25200, red=0.0, green=0.0, blue=0.0, alpha=0.0, shadowOnly=false]=1, DrawTag[kind=ENTITY, entityId=-1, blockEntityId=-1, red=0.0, green=0.0, blue=0.0, alpha=0.0, shadowOnly=false]=1, DrawTag[kind=ENTITY, entityId=-1, blockEntityId=-1, red=1.0, green=0.0, blue=0.0, alpha=0.3019608, shadowOnly=false]=1, DrawTag[kind=NONE, entityId=-1, blockEntityId=-1, red=0.0, green=0.0, blue=0.0, alpha=0.0, shadowOnly=false]=3, DrawTag[kind=BLOCK_ENTITY, entityId=-1, blockEntityId=-1, red=0.0, green=0.0, blue=0.0, alpha=0.0, shadowOnly=false]=1, DrawTag[kind=ENTITY, entityId=10102, blockEntityId=-1, red=0.0, green=0.0, blue=0.0, alpha=0.0, shadowOnly=false]=1}
Shadow projection: [0.00390625, 0.0, 0.0, 0.0, 0.0, 0.00390625, 0.0, 0.0, 0.0, 0.0, -0.0019532205, 0.0, -0.0, -0.0, -1.0000978, 1.0]
Shadow model view: [0.8459399, -0.3786123, 0.37555084, 0.0, 0.0, 0.70423055, 0.7099714, 0.0, -0.5332782, -0.60059315, 0.59573674, 0.0, 1.002286, 0.27263838, -509.98865, 1.0]
Sun world direction: ( 3.756E-1  7.100E-1  5.957E-1)
Shadow world direction: ( 3.756E-1  7.100E-1  5.957E-1)

[00:20:14] [Test thread/INFO] (Minecraft) [STDOUT]: Shader visual evidence: ~/Programs/minecraft-metal-renderer/shader-loader/build/run/clientGameTest/screenshots/11-bsl-beacon-boat-leash.png
[00:20:14] [Render thread/INFO] (Minecraft) [STDOUT]: Shader feature fixture executed real geometry pipelines: [beacon_beam_opaque, water_mask, beacon_beam_translucent, leash]
[00:20:14] [Server thread/INFO] (Minecraft) System chat: Changed the block at 11, -53, 12
[00:20:14] [Server thread/INFO] (Minecraft) System chat: Changed the block at 12, -53, 12
[00:20:14] [Server thread/INFO] (Minecraft) System chat: Removed 1 item(s) from player Player0
[00:20:14] [Server thread/INFO] (Minecraft) System chat: Set Player0's game mode to Survival Mode
[00:20:14] [Server thread/INFO] (Minecraft) System chat: Applied effect Mining Fatigue to Player0
[00:20:14] [Server thread/INFO] (Minecraft) System chat: Teleported Player0 to 11.500000, -54.000000, 15.500000
[00:20:15] [Server thread/WARN] (Minecraft) Can't keep up! Is the server overloaded? Running 3412ms or 68 ticks behind
[00:20:16] [Test thread/INFO] (Minecraft) [STDOUT]: Shader visual evidence: ~/Programs/minecraft-metal-renderer/shader-loader/build/run/clientGameTest/screenshots/12-bsl-leaf-breaking-cracks.png
[00:20:17] [Render thread/INFO] (Minecraft) [STDOUT]: Shader image diagnostics 12-bsl-leaf-breaking-cracks:
Native texture row 0 appears at image top; these diagnostics are not presentation-flipped.
shadowtex0 D32_FLOAT 2048x2048 min=0.487378627 max=1.000000000 nonFinite=0 nonClear=2202581/4194304 drawnMin=0.487378627 drawnMax=0.517183840
depthtex0 D32_FLOAT 1280x720 min=0.557123363 max=1.000000000 nonFinite=0 nonClear=476906/921600 drawnMin=0.557123363 drawnMax=0.999501586
colortex0 RG11B10_FLOAT 1280x720 min=0.000062943 max=2.062500000 nonFinite=0
shadowcolor0 RGBA8_UNORM 2048x2048 min=0.000000000 max=1.000000000 nonFinite=0
Submitted feature tags: {DrawTag[kind=BLOCK_ENTITY, entityId=-1, blockEntityId=-1, red=0.0, green=0.0, blue=0.0, alpha=0.0, shadowOnly=false]=1, DrawTag[kind=ENTITY, entityId=-1, blockEntityId=-1, red=0.0, green=0.0, blue=0.0, alpha=0.0, shadowOnly=true]=2, DrawTag[kind=ENTITY, entityId=-1, blockEntityId=-1, red=0.0, green=0.0, blue=0.0, alpha=0.0, shadowOnly=false]=2, DrawTag[kind=BLOCK_ENTITY, entityId=-1, blockEntityId=25200, red=0.0, green=0.0, blue=0.0, alpha=0.0, shadowOnly=false]=1, DrawTag[kind=ENTITY, entityId=10102, blockEntityId=-1, red=0.0, green=0.0, blue=0.0, alpha=0.0, shadowOnly=false]=1, DrawTag[kind=NONE, entityId=-1, blockEntityId=-1, red=0.0, green=0.0, blue=0.0, alpha=0.0, shadowOnly=false]=5}
Shadow projection: [0.00390625, 0.0, 0.0, 0.0, 0.0, 0.00390625, 0.0, 0.0, 0.0, 0.0, -0.0019532205, 0.0, -0.0, -0.0, -1.0000978, 1.0]
Shadow model view: [0.8459399, -0.3786123, 0.37555084, 0.0, 0.0, 0.70423055, 0.7099714, 0.0, -0.5332782, -0.60059315, 0.59573674, 0.0, 0.46900773, -0.32795483, -509.3929, 1.0]
Sun world direction: ( 3.756E-1  7.100E-1  5.957E-1)
Shadow world direction: ( 3.756E-1  7.100E-1  5.957E-1)

[00:20:17] [Render thread/INFO] (Minecraft) [STDOUT]: Leaf-breaking fixture: real main CRUMBLING draw, no shadow CRUMBLING, normal terrain shadows retained
[00:20:20] [Render thread/INFO] (Minecraft) [STDOUT]: Leaf-breaking fixture: real main CRUMBLING draw, no shadow CRUMBLING, normal terrain shadows retained
[00:20:20] [Test thread/INFO] (Minecraft) [STDOUT]: Shader visual evidence: ~/Programs/minecraft-metal-renderer/shader-loader/build/run/clientGameTest/screenshots/13-bsl-leaf-removed-caster-retained.png
[00:20:20] [Render thread/INFO] (Minecraft) [STDOUT]: Shader image diagnostics 13-bsl-leaf-removed-caster-retained:
Native texture row 0 appears at image top; these diagnostics are not presentation-flipped.
shadowtex0 D32_FLOAT 2048x2048 min=0.487378627 max=1.000000000 nonFinite=0 nonClear=2202581/4194304 drawnMin=0.487378627 drawnMax=0.517183840
depthtex0 D32_FLOAT 1280x720 min=0.554243088 max=1.000000000 nonFinite=0 nonClear=461410/921600 drawnMin=0.554243088 drawnMax=0.999501586
colortex0 RG11B10_FLOAT 1280x720 min=0.000102043 max=2.062500000 nonFinite=0
shadowcolor0 RGBA8_UNORM 2048x2048 min=0.000000000 max=1.000000000 nonFinite=0
Submitted feature tags: {DrawTag[kind=BLOCK_ENTITY, entityId=-1, blockEntityId=-1, red=0.0, green=0.0, blue=0.0, alpha=0.0, shadowOnly=false]=1, DrawTag[kind=ENTITY, entityId=-1, blockEntityId=-1, red=0.0, green=0.0, blue=0.0, alpha=0.0, shadowOnly=true]=2, DrawTag[kind=ENTITY, entityId=-1, blockEntityId=-1, red=0.0, green=0.0, blue=0.0, alpha=0.0, shadowOnly=false]=4, DrawTag[kind=BLOCK_ENTITY, entityId=-1, blockEntityId=25200, red=0.0, green=0.0, blue=0.0, alpha=0.0, shadowOnly=false]=1, DrawTag[kind=ENTITY, entityId=10102, blockEntityId=-1, red=0.0, green=0.0, blue=0.0, alpha=0.0, shadowOnly=false]=1, DrawTag[kind=NONE, entityId=-1, blockEntityId=-1, red=0.0, green=0.0, blue=0.0, alpha=0.0, shadowOnly=false]=3}
Shadow projection: [0.00390625, 0.0, 0.0, 0.0, 0.0, 0.00390625, 0.0, 0.0, 0.0, 0.0, -0.0019532205, 0.0, -0.0, -0.0, -1.0000978, 1.0]
Shadow model view: [0.8459399, -0.3786123, 0.37555084, 0.0, 0.0, 0.70423055, 0.7099714, 0.0, -0.5332782, -0.60059315, 0.59573674, 0.0, 0.46900773, -0.32795483, -509.3929, 1.0]
Sun world direction: ( 3.756E-1  7.100E-1  5.957E-1)
Shadow world direction: ( 3.756E-1  7.100E-1  5.957E-1)

[00:20:20] [Server thread/INFO] (Minecraft) System chat: Removed effect Mining Fatigue from Player0
[00:20:20] [Server thread/INFO] (Minecraft) System chat: Set Player0's game mode to Creative Mode
[00:20:20] [Server thread/INFO] (Minecraft) System chat: Gave 1 [Diamond Sword] to Player0
[00:20:20] [Server thread/INFO] (Minecraft) System chat: Teleported Player0 to 11.500000, -54.000000, 14.500000
[00:20:20] [Server thread/INFO] (Minecraft) System chat: Set minecraft:overworld to 499 tick(s)
[00:20:20] [Server thread/INFO] (Minecraft) System chat: Set Player0's game mode to Survival Mode
[00:20:20] [Server thread/INFO] (Minecraft) System chat: Teleported Player0 to 7.500000, -59.000000, 7.500000
Shader sunrise walking 12a-bsl-sunrise-standing-log: camera=(7.50000,-57.38000,7.50000), onGround=true, cameraEffect=0.0000001, reconstructionError=0.0000351 blocks
[00:20:23] [Test thread/INFO] (Minecraft) [STDOUT]: Shader sunrise walking screenshot: ~/Programs/minecraft-metal-renderer/shader-loader/build/run/clientGameTest/screenshots/12a-bsl-sunrise-standing-log.png
Shader sunrise walking 12b-bsl-sunrise-walking-phase1: camera=(6.99764,-57.38000,6.63001), onGround=true, cameraEffect=0.0439755, reconstructionError=0.0000797 blocks
[00:20:23] [Test thread/INFO] (Minecraft) [STDOUT]: Shader sunrise walking screenshot: ~/Programs/minecraft-metal-renderer/shader-loader/build/run/clientGameTest/screenshots/12b-bsl-sunrise-walking-phase1.png
Shader sunrise walking 12c-bsl-sunrise-walking-phase2: camera=(6.27616,-57.38000,5.38056), onGround=true, cameraEffect=0.0494213, reconstructionError=0.0000195 blocks
[00:20:24] [Test thread/INFO] (Minecraft) [STDOUT]: Shader sunrise walking screenshot: ~/Programs/minecraft-metal-renderer/shader-loader/build/run/clientGameTest/screenshots/12c-bsl-sunrise-walking-phase2.png
Shader sunrise walking 12d-bsl-sunrise-walking-phase3: camera=(5.49689,-57.38000,4.03102), onGround=true, cameraEffect=0.0498208, reconstructionError=0.0000097 blocks
[00:20:24] [Test thread/INFO] (Minecraft) [STDOUT]: Shader sunrise walking screenshot: ~/Programs/minecraft-metal-renderer/shader-loader/build/run/clientGameTest/screenshots/12d-bsl-sunrise-walking-phase3.png
Shader sunrise walking 12e-bsl-sunrise-standing-after-walk: camera=(5.12717,-57.38000,3.39074), onGround=true, cameraEffect=0.0000001, reconstructionError=0.0000085 blocks
[00:20:27] [Test thread/INFO] (Minecraft) [STDOUT]: Shader sunrise walking screenshot: ~/Programs/minecraft-metal-renderer/shader-loader/build/run/clientGameTest/screenshots/12e-bsl-sunrise-standing-after-walk.png
[00:20:27] [Server thread/INFO] (Minecraft) System chat: Set Player0's game mode to Creative Mode
[00:20:27] [Server thread/INFO] (Minecraft) System chat: Set minecraft:overworld to 4000 tick(s)
[00:20:27] [Server thread/INFO] (Minecraft) System chat: Teleported Player0 to 11.500000, -54.000000, 14.500000
[00:20:28] [Server thread/INFO] (Minecraft) Player0 lost connection: Disconnected
[00:20:28] [Server thread/INFO] (Minecraft) System chat: Player0 left the game
[00:20:28] [Server thread/INFO] (Minecraft) Stopping singleplayer server as player logged out
[00:20:28] [Server thread/INFO] (Minecraft) Stopping server
[00:20:28] [Server thread/INFO] (Minecraft) Saving players
[00:20:28] [Server thread/INFO] (Minecraft) Saving worlds
[00:20:28] [Server thread/INFO] (Minecraft) Saving chunks for level 'ServerLevel[Shader pack disposable validation]'/minecraft:overworld
[00:20:28] [Server thread/INFO] (Minecraft) Saving chunks for level 'ServerLevel[Shader pack disposable validation]'/minecraft:the_end
[00:20:28] [Server thread/INFO] (Minecraft) Saving chunks for level 'ServerLevel[Shader pack disposable validation]'/minecraft:the_nether
[00:20:28] [Test thread/INFO] (Minecraft) [STDOUT]: Shader visual evidence: ~/Programs/minecraft-metal-renderer/shader-loader/build/run/clientGameTest/screenshots/14-bsl-menu.png
[00:20:28] [Render thread/INFO] (Minecraft) Stopping!

> Task :shader-loader:runClientNaturalGameTest
[00:20:31] [main/INFO] (FabricLoader/GameProvider) Loading Minecraft 26.3 with Fabric Loader 0.19.5
[00:20:31] [main/INFO] (FabricLoader/Mappings) Mappings not present!
[00:20:32] [main/INFO] (FabricLoader) Loading 54 mods:
	- fabric-advancement-api-v1 1.0.0+38c7a2d55d
	- fabric-api 0.161.0+26.3
	- fabric-api-base 2.0.6+fcdff87f5d
	- fabric-api-lookup-api-v1 2.0.24+3434d6d95d
	- fabric-biome-api-v1 20.0.9+74ed1ea55d
	- fabric-block-api-v1 3.1.0+0ae6f9115d
	- fabric-block-getter-api-v2 2.0.9+3434d6d95d
	- fabric-client-gametest-api-v1 6.0.7+4be74c3f5d
	- fabric-command-api-v2 3.1.2+fcdff87f5d
	- fabric-content-registries-v0 15.0.4+74ed1ea55d
	- fabric-convention-tags-v2 4.10.3+6b5b47fd5d
	- fabric-crash-report-info-v1 1.0.7+fcdff87f5d
	- fabric-creative-tab-api-v1 5.0.21+fcdff87f5d
	- fabric-data-attachment-api-v1 2.2.30+3434d6d95d
	- fabric-data-generation-api-v1 27.2.4+427eab975d
	- fabric-debug-api-v1 1.0.4+3434d6d95d
	- fabric-dimensions-v1 5.1.19+47f74c985d
	- fabric-entity-events-v1 6.0.4+3434d6d95d
	- fabric-events-interaction-v0 5.3.6+3434d6d95d
	- fabric-game-rule-api-v1 4.0.10+3434d6d95d
	- fabric-gametest-api-v1 4.0.32+3434d6d95d
	- fabric-item-api-v1 14.7.0+cf6bc2db5d
	- fabric-key-mapping-api-v1 2.0.8+3434d6d95d
	- fabric-lifecycle-events-v1 4.1.9+ffef5f675d
	- fabric-loot-api-v3 4.0.8+4068fd645d
	- fabric-menu-api-v1 2.0.27+ed66f0a35d
	- fabric-message-api-v1 7.0.10+3434d6d95d
	- fabric-model-loading-api-v1 8.0.35+fcdff87f5d
	- fabric-networking-api-v1 6.3.8+fcdff87f5d
	- fabric-object-builder-api-v1 24.1.9+3434d6d95d
	- fabric-particles-v1 5.0.24+3434d6d95d
	- fabric-permission-api-v1 1.0.8+fcdff87f5d
	- fabric-recipe-api-v1 10.0.8+fcdff87f5d
	- fabric-registry-sync-v0 8.0.1+fcdff87f5d
	- fabric-renderer-api-v1 17.0.15+79385d0b5d
	- fabric-renderer-indigo 9.1.23+b9d63e335d
	- fabric-rendering-fluids-v1 6.0.6+3434d6d95d
	- fabric-rendering-v1 27.0.14+901a437c5d
	- fabric-resource-conditions-api-v1 6.1.5+3434d6d95d
	- fabric-resource-loader-v0 3.3.26+4fc5413f5d
	- fabric-resource-loader-v1 3.0.4+fcdff87f5d
	- fabric-screen-api-v1 5.2.4+48607d035d
	- fabric-serialization-api-v1 2.0.7+74ed1ea55d
	- fabric-sound-api-v1 2.0.7+3434d6d95d
	- fabric-tag-api-v1 2.1.10+fcdff87f5d
	- fabric-transfer-api-v1 8.0.25+fcdff87f5d
	- fabric-transitive-access-wideners-v1 8.1.16+52268a0e5d
	- fabricloader 0.19.5
	- java 26
	- minecraft 26.3
	- minecraft_metal 0.2.1
	- minecraft_shader_loader 0.1.1
	- minecraft_shader_loader_gametest 1.0.0
	- mixinextras 0.5.5
[00:20:32] [main/INFO] (FabricLoader/Mixin) SpongePowered MIXIN Subsystem Version=0.8.7 Source=file:~/.gradle/caches/modules-2/files-2.1/net.fabricmc/sponge-mixin/0.17.4+mixin.0.8.7/5f66cc9f59b8efaa942155a3d5a30599bf6640dd/sponge-mixin-0.17.4+mixin.0.8.7.jar Service=Knot/Fabric Env=CLIENT
[00:20:38] [main/INFO] (FabricLoader/MixinExtras|Service) Initializing MixinExtras via com.llamalad7.mixinextras.service.MixinExtrasServiceImpl(version=0.5.5).
[00:20:46] [Datafixer Bootstrap #0/INFO] (Minecraft) 307 Datafixer optimizations took 2174 milliseconds
[00:21:07] [Render thread/INFO] (Minecraft) Environment: Environment[discoveryUrl=https://discovery.minecraftservices.com/minecraft/client, name=PROD]
[00:21:07] [Render thread/INFO] (Minecraft) Setting user: Player0
[00:21:10] [Render thread/INFO] (minecraft_shader_loader) Selected shader pack BSL_v10.1.8.zip with 35723 cached block states; render programs initialize when entering a world.
[00:21:10] [Render thread/INFO] (Indigo) [Indigo] Registering Indigo renderer!
[00:21:10] [Render thread/INFO] (minecraft_metal) Native Metal backend selected. Use -Dmetal.enabled=false to use Minecraft's graphics setting.
[00:21:11] [Render thread/ERROR] (Minecraft) Illegal option value 0 for Anisotropic Filtering
[00:21:11] [Render thread/INFO] (Minecraft) Backend library: LWJGL version 3.4.3-snapshot
[00:21:11] [Render thread/INFO] (Minecraft) SDL [SYSTEM]: App name: Minecraft
[00:21:11] [Render thread/INFO] (Minecraft) SDL [SYSTEM]: App version: 26.3
[00:21:11] [Render thread/INFO] (Minecraft) SDL [SYSTEM]: App ID: com.mojang.minecraft
[00:21:11] [Render thread/INFO] (Minecraft) SDL [SYSTEM]: SDL revision: SDL-3.4.14-62f10da
2026-10-03 00:21:12.354 java[35424:9562424] Metal API Validation Enabled
[00:21:12] [Render thread/WARN] (Minecraft) Device [Apple M3 Pro] supports all extensions from FeatureSet [Vulkan Portability Subset], making required
[00:21:12] [Render thread/INFO] (MinecraftMetal) Metal device created: Apple M3 Pro. Native SDL presentation, no OpenGL context.
[00:21:12] [Render thread/INFO] (Minecraft) Using graphics backend Metal, using drivers: 26.5.2
[00:21:12] [Render thread/INFO] (Minecraft) Using graphics device: Apple M3 Pro (Apple)
[00:21:12] [Render thread/INFO] (Minecraft) Using graphics device extensions: CAMetalLayer, MSL, SPIRV-Cross
[00:21:12] [Render thread/INFO] (Minecraft) Created window using SDL video driver: cocoa
[00:21:15] [Download-1/INFO] (Minecraft) Could not authorize you against Realms server: java.lang.RuntimeException: Failed to parse into SignedJWT: FabricMC
[00:21:18] [Render thread/INFO] (Minecraft) Reloading ResourceManager: vanilla, vanilla, fabric-advancement-api-v1, fabric-api, fabric-api-base, fabric-api-lookup-api-v1, fabric-biome-api-v1, fabric-block-api-v1, fabric-block-getter-api-v2, fabric-client-gametest-api-v1, fabric-command-api-v2, fabric-content-registries-v0, fabric-convention-tags-v2, fabric-crash-report-info-v1, fabric-creative-tab-api-v1, fabric-data-attachment-api-v1, fabric-data-generation-api-v1, fabric-debug-api-v1, fabric-dimensions-v1, fabric-entity-events-v1, fabric-events-interaction-v0, fabric-game-rule-api-v1, fabric-gametest-api-v1, fabric-item-api-v1, fabric-key-mapping-api-v1, fabric-lifecycle-events-v1, fabric-loot-api-v3, fabric-menu-api-v1, fabric-message-api-v1, fabric-model-loading-api-v1, fabric-networking-api-v1, fabric-object-builder-api-v1, fabric-particles-v1, fabric-permission-api-v1, fabric-recipe-api-v1, fabric-registry-sync-v0, fabric-renderer-api-v1, fabric-renderer-indigo, fabric-rendering-fluids-v1, fabric-rendering-v1, fabric-resource-conditions-api-v1, fabric-resource-loader-v0, fabric-resource-loader-v1, fabric-screen-api-v1, fabric-serialization-api-v1, fabric-sound-api-v1, fabric-tag-api-v1, fabric-transfer-api-v1, fabric-transitive-access-wideners-v1, fabricloader
[00:21:20] [Worker-Main-7/INFO] (Minecraft) Found unifont_pua-17.0.01.hex, loading
[00:21:20] [Worker-Main-8/INFO] (Minecraft) Found unifont_all_no_pua-17.0.01.hex, loading
[00:21:20] [Worker-Main-5/INFO] (Minecraft) Found unifont_jp_patch-17.0.01.hex, loading
[00:21:34] [Render thread/INFO] (Minecraft) OpenAL initialized on device SOUNDPEATS Sonic
[00:21:34] [Render thread/INFO] (Minecraft) Sound engine started
[00:21:34] [Render thread/INFO] (Minecraft) Created: 512x256x0 minecraft:textures/atlas/particles.png-atlas
[00:21:34] [Render thread/INFO] (Minecraft) Created: 256x128x0 minecraft:textures/atlas/celestials.png-atlas
[00:21:34] [Render thread/INFO] (Minecraft) Created: 128x128x0 minecraft:textures/atlas/decorated_pot.png-atlas
[00:21:34] [Render thread/INFO] (Minecraft) Created: 512x256x0 minecraft:textures/atlas/paintings.png-atlas
[00:21:34] [Render thread/INFO] (Minecraft) Created: 1024x512x0 minecraft:textures/atlas/shield_patterns.png-atlas
[00:21:34] [Render thread/INFO] (Minecraft) Created: 1024x512x0 minecraft:textures/atlas/banner_patterns.png-atlas
[00:21:35] [Render thread/INFO] (Minecraft) Created: 2048x2048x4 minecraft:textures/atlas/blocks.png-atlas
[00:21:35] [Render thread/INFO] (Minecraft) Created: 1024x512x0 minecraft:textures/atlas/items.png-atlas
[00:21:36] [Render thread/INFO] (Minecraft) Created: 1024x1024x0 minecraft:textures/atlas/gui.png-atlas
[00:21:36] [Render thread/INFO] (Minecraft) Created: 128x64x0 minecraft:textures/atlas/map_decorations.png-atlas
[00:21:36] [Render thread/INFO] (Minecraft) Created: 512x512x0 minecraft:textures/atlas/chest.png-atlas
[00:21:36] [Render thread/INFO] (Minecraft) Created: 512x512x0 minecraft:textures/atlas/shulker_boxes.png-atlas
[00:21:37] [Download-1/INFO] (Minecraft) Could not authorize you against Realms server: java.lang.RuntimeException: Failed to parse into SignedJWT: FabricMC
[00:21:40] [Worker-Main-8/INFO] (Minecraft) Loaded 1866 advancements
[00:21:40] [Render thread/INFO] (fabric-client-gametest-api-v1) World loading finished: null screen: net.minecraft.client.gui.screens.GenericMessageScreen@49ebacd0
[00:21:40] [Render thread/INFO] (BiomeModificationImpl) Applied 0 biome modifications to 0 of 67 new biomes in 736.6 μs
[00:21:40] [Server thread/INFO] (Minecraft) Starting integrated minecraft server version 26.3
[00:21:40] [Server thread/INFO] (Minecraft) Generating keypair
[00:21:40] [Server thread/INFO] (Minecraft) Selecting global world spawn...
[00:21:41] [Server thread/INFO] (Minecraft) Loading 0 persistent chunks...
[00:21:41] [Server thread/INFO] (Minecraft) Preparing spawn area: 16%
[00:21:41] [Server thread/INFO] (Minecraft) Saving chunks for level 'ServerLevel[Shader natural terrain validation]'/minecraft:overworld
[00:21:41] [Server thread/INFO] (Minecraft) Saving chunks for level 'ServerLevel[Shader natural terrain validation]'/minecraft:the_end
[00:21:41] [Server thread/INFO] (Minecraft) Saving chunks for level 'ServerLevel[Shader natural terrain validation]'/minecraft:the_nether
[00:21:41] [Render thread/INFO] (fabric-client-gametest-api-v1) World loading finished: null screen: net.minecraft.client.gui.screens.LevelLoadingScreen@9304a7a
[00:21:41] [Render thread/INFO] (fabric-client-gametest-api-v1) World loading finished: null screen: net.minecraft.client.gui.screens.LevelLoadingScreen@9304a7a
[00:21:42] [Render thread/INFO] (fabric-client-gametest-api-v1) World loading finished: null screen: net.minecraft.client.gui.screens.LevelLoadingScreen@9304a7a
[00:21:42] [Render thread/INFO] (fabric-client-gametest-api-v1) World loading finished: null screen: net.minecraft.client.gui.screens.LevelLoadingScreen@9304a7a
[00:21:42] [Render thread/INFO] (fabric-client-gametest-api-v1) World loading finished: null screen: net.minecraft.client.gui.screens.LevelLoadingScreen@9304a7a
[00:21:42] [Render thread/INFO] (fabric-client-gametest-api-v1) World loading finished: null screen: net.minecraft.client.gui.screens.LevelLoadingScreen@9304a7a
[00:21:42] [Render thread/INFO] (fabric-client-gametest-api-v1) World loading finished: null screen: net.minecraft.client.gui.screens.LevelLoadingScreen@9304a7a
[00:21:42] [Render thread/INFO] (fabric-client-gametest-api-v1) World loading finished: null screen: net.minecraft.client.gui.screens.LevelLoadingScreen@9304a7a
[00:21:42] [Render thread/INFO] (fabric-client-gametest-api-v1) World loading finished: null screen: net.minecraft.client.gui.screens.LevelLoadingScreen@9304a7a
[00:21:42] [Render thread/INFO] (fabric-client-gametest-api-v1) World loading finished: null screen: net.minecraft.client.gui.screens.LevelLoadingScreen@9304a7a
[00:21:42] [Render thread/INFO] (fabric-client-gametest-api-v1) World loading finished: null screen: net.minecraft.client.gui.screens.LevelLoadingScreen@9304a7a
[00:21:42] [Render thread/INFO] (fabric-client-gametest-api-v1) World loading finished: null screen: net.minecraft.client.gui.screens.LevelLoadingScreen@9304a7a
[00:21:42] [Render thread/INFO] (fabric-client-gametest-api-v1) World loading finished: null screen: net.minecraft.client.gui.screens.LevelLoadingScreen@9304a7a
[00:21:42] [Render thread/INFO] (fabric-client-gametest-api-v1) World loading finished: null screen: net.minecraft.client.gui.screens.LevelLoadingScreen@9304a7a
[00:21:42] [Server thread/INFO] (Minecraft) Loading 47 chunks for player spawn...
[00:21:42] [Server thread/INFO] (Minecraft) Preparing spawn area: 16%
[00:21:42] [Render thread/INFO] (fabric-client-gametest-api-v1) World loading finished: null screen: net.minecraft.client.gui.screens.LevelLoadingScreen@9304a7a
[00:21:42] [Server thread/INFO] (Minecraft) Preparing spawn area: 16%
[00:21:42] [Render thread/INFO] (fabric-client-gametest-api-v1) World loading finished: null screen: net.minecraft.client.gui.screens.LevelLoadingScreen@9304a7a
[00:21:42] [Server thread/INFO] (Minecraft) Preparing spawn area: 16%
[00:21:42] [Render thread/INFO] (fabric-client-gametest-api-v1) World loading finished: null screen: net.minecraft.client.gui.screens.LevelLoadingScreen@9304a7a
[00:21:42] [Server thread/INFO] (Minecraft) Preparing spawn area: 16%
[00:21:42] [Render thread/INFO] (fabric-client-gametest-api-v1) World loading finished: null screen: net.minecraft.client.gui.screens.LevelLoadingScreen@9304a7a
[00:21:42] [Render thread/INFO] (fabric-client-gametest-api-v1) World loading finished: null screen: net.minecraft.client.gui.screens.LevelLoadingScreen@9304a7a
[00:21:42] [Render thread/INFO] (fabric-client-gametest-api-v1) World loading finished: null screen: net.minecraft.client.gui.screens.LevelLoadingScreen@9304a7a
[00:21:42] [Render thread/INFO] (fabric-client-gametest-api-v1) World loading finished: null screen: net.minecraft.client.gui.screens.LevelLoadingScreen@9304a7a
[00:21:42] [Render thread/INFO] (fabric-client-gametest-api-v1) World loading finished: null screen: net.minecraft.client.gui.screens.LevelLoadingScreen@9304a7a
[00:21:42] [Server thread/INFO] (Minecraft) Preparing spawn area: 46%
[00:21:42] [Render thread/INFO] (fabric-client-gametest-api-v1) World loading finished: null screen: net.minecraft.client.gui.screens.LevelLoadingScreen@9304a7a
[00:21:43] [Render thread/INFO] (fabric-client-gametest-api-v1) World loading finished: null screen: net.minecraft.client.gui.screens.LevelLoadingScreen@9304a7a
[00:21:43] [Render thread/INFO] (fabric-client-gametest-api-v1) World loading finished: null screen: net.minecraft.client.gui.screens.LevelLoadingScreen@9304a7a
[00:21:43] [Render thread/INFO] (fabric-client-gametest-api-v1) World loading finished: null screen: net.minecraft.client.gui.screens.LevelLoadingScreen@9304a7a
[00:21:43] [Render thread/INFO] (fabric-client-gametest-api-v1) World loading finished: null screen: net.minecraft.client.gui.screens.LevelLoadingScreen@9304a7a
[00:21:43] [Server thread/INFO] (Minecraft) Time elapsed: 2769 ms
[00:21:43] [Render thread/INFO] (fabric-client-gametest-api-v1) World loading finished: null screen: net.minecraft.client.gui.screens.LevelLoadingScreen@9304a7a
[00:21:43] [Server thread/INFO] (Minecraft) Player0[local:E:9459f594] logged in with entity id 9 at (152.5, 77.0, 156.5)
[00:21:43] [Server thread/INFO] (Minecraft) System chat: Player0 joined the game
[00:21:43] [Server thread/INFO] (Minecraft) Changing view distance to 8, from 10
[00:21:43] [Server thread/INFO] (Minecraft) Changing simulation distance to 5, from 0
[00:21:43] [Render thread/INFO] (fabric-client-gametest-api-v1) World loading finished: ClientLevel screen: net.minecraft.client.gui.screens.LevelLoadingScreen@9304a7a
[00:21:43] [Render thread/WARN] (Minecraft) Requested post effect does not exist: minecraft:end_of_frame
[00:21:44] [Render thread/INFO] (minecraft_shader_loader) Pack BSL_v10.1.8.zip initialized in minecraft:overworld at 1280x720
[00:21:46] [Render thread/INFO] (Minecraft) Resizing Dynamic Transforms UBO, capacity limit of 2 reached during a single frame. New capacity will be 4.
[00:21:46] [Render thread/INFO] (Minecraft) Loaded 2 advancements
[00:21:46] [Render thread/INFO] (fabric-client-gametest-api-v1) World loading finished: ClientLevel screen: net.minecraft.client.gui.screens.LevelLoadingScreen@9304a7a
[00:21:46] [Server thread/WARN] (Minecraft) Can't keep up! Is the server overloaded? Running 3158ms or 63 ticks behind
[00:21:46] [Render thread/INFO] (Minecraft) Resizing Dynamic Transforms UBO, capacity limit of 4 reached during a single frame. New capacity will be 8.
[00:21:47] [Render thread/INFO] (fabric-client-gametest-api-v1) World loading finished: ClientLevel screen: net.minecraft.client.gui.screens.LevelLoadingScreen@9304a7a
[00:21:47] [Render thread/INFO] (Minecraft) Resizing Dynamic Transforms UBO, capacity limit of 8 reached during a single frame. New capacity will be 16.
[00:21:47] [Render thread/INFO] (fabric-client-gametest-api-v1) World loading finished: ClientLevel screen: net.minecraft.client.gui.screens.LevelLoadingScreen@9304a7a
[00:21:47] [Render thread/INFO] (fabric-client-gametest-api-v1) World loading finished: ClientLevel screen: net.minecraft.client.gui.screens.LevelLoadingScreen@9304a7a
[00:21:47] [Render thread/INFO] (Minecraft) Resizing Chunk Sections Command Buffer, capacity limit of 2 reached during a single frame. New capacity will be 4.
[00:21:47] [Render thread/INFO] (Minecraft) Resizing Chunk Sections Instanced, capacity limit of 2 reached during a single frame. New capacity will be 4.
[00:21:47] [Render thread/INFO] (fabric-client-gametest-api-v1) World loading finished: ClientLevel screen: net.minecraft.client.gui.screens.LevelLoadingScreen@9304a7a
[00:21:47] [Render thread/INFO] (Minecraft) Resizing Chunk Sections Command Buffer, capacity limit of 4 reached during a single frame. New capacity will be 8.
[00:21:47] [Render thread/INFO] (Minecraft) Resizing Chunk Sections Command Buffer, capacity limit of 8 reached during a single frame. New capacity will be 16.
[00:21:47] [Render thread/INFO] (Minecraft) Resizing Chunk Sections Instanced, capacity limit of 4 reached during a single frame. New capacity will be 16.
[00:21:47] [Render thread/INFO] (fabric-client-gametest-api-v1) World loading finished: ClientLevel screen: net.minecraft.client.gui.screens.LevelLoadingScreen@9304a7a
[00:21:47] [Render thread/INFO] (Minecraft) Resizing Chunk Sections Command Buffer, capacity limit of 16 reached during a single frame. New capacity will be 256.
[00:21:47] [Render thread/INFO] (Minecraft) Resizing Chunk Sections Instanced, capacity limit of 16 reached during a single frame. New capacity will be 128.
[00:21:47] [Render thread/INFO] (fabric-client-gametest-api-v1) World loading finished: ClientLevel screen: net.minecraft.client.gui.screens.LevelLoadingScreen@9304a7a
[00:21:47] [Render thread/INFO] (fabric-client-gametest-api-v1) World loading finished: ClientLevel screen: net.minecraft.client.gui.screens.LevelLoadingScreen@9304a7a
[00:21:47] [Render thread/INFO] (fabric-client-gametest-api-v1) World loading finished: ClientLevel screen: net.minecraft.client.gui.screens.LevelLoadingScreen@9304a7a
[00:21:47] [Render thread/INFO] (fabric-client-gametest-api-v1) World loading finished: ClientLevel screen: net.minecraft.client.gui.screens.LevelLoadingScreen@9304a7a
[00:21:47] [Render thread/INFO] (fabric-client-gametest-api-v1) World loading finished: ClientLevel screen: net.minecraft.client.gui.screens.LevelLoadingScreen@9304a7a
[00:21:47] [Render thread/INFO] (fabric-client-gametest-api-v1) World loading finished: ClientLevel screen: net.minecraft.client.gui.screens.LevelLoadingScreen@9304a7a
[00:21:47] [Render thread/INFO] (fabric-client-gametest-api-v1) World loading finished: ClientLevel screen: net.minecraft.client.gui.screens.LevelLoadingScreen@9304a7a
[00:21:48] [Render thread/INFO] (fabric-client-gametest-api-v1) World loading finished: ClientLevel screen: net.minecraft.client.gui.screens.LevelLoadingScreen@9304a7a
[00:21:48] [Render thread/INFO] (fabric-client-gametest-api-v1) World loading finished: ClientLevel screen: net.minecraft.client.gui.screens.LevelLoadingScreen@9304a7a
[00:21:48] [Render thread/INFO] (fabric-client-gametest-api-v1) World loading finished: ClientLevel screen: net.minecraft.client.gui.screens.LevelLoadingScreen@9304a7a
[00:21:48] [Render thread/INFO] (fabric-client-gametest-api-v1) World loading finished: ClientLevel screen: net.minecraft.client.gui.screens.LevelLoadingScreen@9304a7a
[00:21:48] [Render thread/INFO] (fabric-client-gametest-api-v1) World loading finished: ClientLevel screen: null
[00:21:48] [Server thread/INFO] (Minecraft) System chat: Game rule send_command_feedback is now set to false
[00:21:48] [Server thread/INFO] (Minecraft) System chat: Game rule advance_time is now set to false
[00:21:48] [Server thread/INFO] (Minecraft) System chat: Set Player0's game mode to Spectator Mode
[00:21:48] [Server thread/INFO] (Minecraft) System chat: Set minecraft:overworld to 4000 tick(s)
[00:21:48] [Server thread/INFO] (Minecraft) System chat: Set the weather to clear
[00:21:48] [Server thread/INFO] (Minecraft) System chat: Teleported Player0 to 152.500000, 101.000000, 156.500000
[00:21:48] [Render thread/INFO] (Minecraft) Resizing Chunk Sections Instanced, capacity limit of 128 reached during a single frame. New capacity will be 256.
[00:21:48] [Render thread/INFO] (Minecraft) Resizing Chunk Sections Command Buffer, capacity limit of 256 reached during a single frame. New capacity will be 512.
[00:21:49] [Render thread/INFO] (Minecraft) Resizing Chunk Sections Instanced, capacity limit of 256 reached during a single frame. New capacity will be 512.
[00:21:49] [Render thread/INFO] (Minecraft) Resizing Chunk Sections Command Buffer, capacity limit of 512 reached during a single frame. New capacity will be 1024.
[00:21:50] [Render thread/INFO] (Minecraft) Resizing Chunk Sections Command Buffer, capacity limit of 1024 reached during a single frame. New capacity will be 2048.
[00:21:50] [Render thread/INFO] (Minecraft) Resizing Chunk Sections Instanced, capacity limit of 512 reached during a single frame. New capacity will be 1024.
[00:21:52] [Render thread/INFO] (Minecraft) Resizing Chunk Sections Instanced, capacity limit of 1024 reached during a single frame. New capacity will be 2048.
[00:21:52] [Render thread/INFO] (Minecraft) Resizing Chunk Sections Command Buffer, capacity limit of 2048 reached during a single frame. New capacity will be 4096.
[00:21:56] [Render thread/INFO] (Minecraft) Resizing Chunk Sections Instanced, capacity limit of 2048 reached during a single frame. New capacity will be 4096.
[00:21:59] [Render thread/INFO] (Minecraft) [STDOUT]: Shader natural evidence natural-01-day: 229 visible sections, indexed indirect terrain, world0
[00:21:59] [Render thread/INFO] (Minecraft) Resizing Chunk Sections Command Buffer, capacity limit of 4096 reached during a single frame. New capacity will be 8192.
[00:21:59] [Render thread/INFO] (Minecraft) Resizing Chunk Sections Instanced, capacity limit of 4096 reached during a single frame. New capacity will be 8192.
[00:22:00] [Test thread/INFO] (Minecraft) [STDOUT]: Shader natural screenshot: ~/Programs/minecraft-metal-renderer/shader-loader/build/run/clientNaturalGameTest/screenshots/natural-01-day.png
[00:22:01] [Render thread/INFO] (Minecraft) [STDOUT]: Shader image diagnostics natural-01-day:
Native texture row 0 appears at image top; these diagnostics are not presentation-flipped.
shadowtex0 D32_FLOAT 2048x2048 min=0.483121127 max=1.000000000 nonFinite=0 nonClear=2635426/4194304 drawnMin=0.483121127 drawnMax=0.529205263
depthtex0 D32_FLOAT 1280x720 min=0.997570813 max=1.000000000 nonFinite=0 nonClear=530526/921600 drawnMin=0.997570813 drawnMax=0.999715030
colortex0 RG11B10_FLOAT 1280x720 min=0.000717163 max=1.062500000 nonFinite=0
shadowcolor0 RGBA8_UNORM 2048x2048 min=0.000000000 max=1.000000000 nonFinite=0
Submitted feature tags: {DrawTag[kind=ENTITY, entityId=-1, blockEntityId=-1, red=0.0, green=0.0, blue=0.0, alpha=0.0, shadowOnly=true]=1}
Shadow projection: [0.00390625, 0.0, 0.0, 0.0, 0.0, 0.00390625, 0.0, 0.0, 0.0, 0.0, -0.0019532205, 0.0, -0.0, -0.0, -1.0000978, 1.0]
Shadow model view: [0.8459399, -0.3786123, 0.37555084, 0.0, 0.0, 0.70423055, 0.7099714, 0.0, -0.5332782, -0.60059315, 0.59573674, 0.0, 0.15634608, -0.05297987, -511.07416, 1.0]
Sun world direction: ( 3.756E-1  7.100E-1  5.957E-1)
Shadow world direction: ( 3.756E-1  7.100E-1  5.957E-1)

[00:22:03] [Server thread/WARN] (Minecraft) Can't keep up! Is the server overloaded? Running 2099ms or 41 ticks behind
[00:22:09] [Render thread/INFO] (Minecraft) [STDOUT]: Shader natural evidence natural-02-flight: 209 visible sections, indexed indirect terrain, world0
[00:22:10] [Test thread/INFO] (Minecraft) [STDOUT]: Shader natural screenshot: ~/Programs/minecraft-metal-renderer/shader-loader/build/run/clientNaturalGameTest/screenshots/natural-02-flight.png
[00:22:11] [Render thread/INFO] (Minecraft) [STDOUT]: Shader image diagnostics natural-02-flight:
Native texture row 0 appears at image top; these diagnostics are not presentation-flipped.
shadowtex0 D32_FLOAT 2048x2048 min=0.481983930 max=1.000000000 nonFinite=0 nonClear=2664342/4194304 drawnMin=0.481983930 drawnMax=0.533336520
depthtex0 D32_FLOAT 1280x720 min=0.997746170 max=1.000000000 nonFinite=0 nonClear=531307/921600 drawnMin=0.997746170 drawnMax=0.999714196
colortex0 RG11B10_FLOAT 1280x720 min=0.000900269 max=1.187500000 nonFinite=0
shadowcolor0 RGBA8_UNORM 2048x2048 min=0.000000000 max=1.000000000 nonFinite=0
Submitted feature tags: {DrawTag[kind=ENTITY, entityId=-1, blockEntityId=-1, red=0.0, green=0.0, blue=0.0, alpha=0.0, shadowOnly=false]=4, DrawTag[kind=ENTITY, entityId=-1, blockEntityId=-1, red=0.0, green=0.0, blue=0.0, alpha=0.0, shadowOnly=true]=1}
Shadow projection: [0.00390625, 0.0, 0.0, 0.0, 0.0, 0.00390625, 0.0, 0.0, 0.0, 0.0, -0.0019532205, 0.0, -0.0, -0.0, -1.0000978, 1.0]
Shadow model view: [0.8459399, -0.3786123, 0.37555084, 0.0, 0.0, 0.70423055, 0.7099714, 0.0, -0.5332782, -0.60059315, 0.59573674, 0.0, 0.2061347, 0.27965975, -511.4041, 1.0]
Sun world direction: ( 3.756E-1  7.100E-1  5.957E-1)
Shadow world direction: ( 3.756E-1  7.100E-1  5.957E-1)

[00:22:11] [Server thread/INFO] (Minecraft) System chat: Set minecraft:overworld to time marker minecraft:midnight
[00:22:16] [Render thread/INFO] (Minecraft) [STDOUT]: Shader natural evidence natural-03-night: 209 visible sections, indexed indirect terrain, world0
[00:22:16] [Test thread/INFO] (Minecraft) [STDOUT]: Shader natural screenshot: ~/Programs/minecraft-metal-renderer/shader-loader/build/run/clientNaturalGameTest/screenshots/natural-03-night.png
[00:22:17] [Render thread/INFO] (Minecraft) [STDOUT]: Shader image diagnostics natural-03-night:
Native texture row 0 appears at image top; these diagnostics are not presentation-flipped.
shadowtex0 D32_FLOAT 2048x2048 min=0.487945825 max=1.000000000 nonFinite=0 nonClear=2698196/4194304 drawnMin=0.487945825 drawnMax=0.526699841
depthtex0 D32_FLOAT 1280x720 min=0.997747302 max=1.000000000 nonFinite=0 nonClear=531097/921600 drawnMin=0.997747302 drawnMax=0.999714613
colortex0 RG11B10_FLOAT 1280x720 min=0.000143051 max=0.875000000 nonFinite=0
shadowcolor0 RGBA8_UNORM 2048x2048 min=0.000000000 max=1.000000000 nonFinite=0
Submitted feature tags: {DrawTag[kind=ENTITY, entityId=-1, blockEntityId=-1, red=0.0, green=0.0, blue=0.0, alpha=0.0, shadowOnly=false]=4, DrawTag[kind=ENTITY, entityId=-1, blockEntityId=-1, red=0.0, green=0.0, blue=0.0, alpha=0.0, shadowOnly=true]=1}
Shadow projection: [0.00390625, 0.0, 0.0, 0.0, 0.0, 0.00390625, 0.0, 0.0, 0.0, 0.0, -0.0019532205, 0.0, -0.0, -0.0, -1.0000978, 1.0]
Shadow model view: [1.0, 2.0837287E-7, -1.7484557E-7, 0.0, -0.0, 0.64278764, 0.76604456, 0.0, 2.7201142E-7, -0.76604456, 0.64278764, 0.0, 0.29226384, 0.33947808, -511.47556, 1.0]
Sun world direction: ( 8.742E-8 -7.660E-1 -6.428E-1)
Shadow world direction: (-1.748E-7  7.660E-1  6.428E-1)

[00:22:17] [Server thread/INFO] (Minecraft) System chat: Player0 has made the advancement [We Need to Go Deeper]
[00:22:17] [Server thread/INFO] (Minecraft) System chat: Teleported Player0 to 0.500000, 80.000000, 0.500000
[00:22:17] [Render thread/INFO] (Minecraft) [System] [CHAT] Player0 has made the advancement [We Need to Go Deeper]
[00:22:17] [Render thread/INFO] (Minecraft) Loaded 29 advancements
[00:22:18] [Render thread/INFO] (minecraft_shader_loader) Pack BSL_v10.1.8.zip initialized in minecraft:the_nether at 1280x720
[00:22:19] [Render thread/INFO] (Minecraft) Loaded 29 advancements
[00:22:23] [Server thread/WARN] (Minecraft) Can't keep up! Is the server overloaded? Running 4880ms or 97 ticks behind
[00:22:29] [Server thread/INFO] (Minecraft) System chat: Teleported Player0 to -23.500000, 90.000000, -23.500000
[00:22:35] [Render thread/INFO] (Minecraft) [STDOUT]: Shader natural evidence natural-04-nether: 500 visible sections, indexed indirect terrain, world-1
[00:22:36] [Test thread/INFO] (Minecraft) [STDOUT]: Shader natural screenshot: ~/Programs/minecraft-metal-renderer/shader-loader/build/run/clientNaturalGameTest/screenshots/natural-04-nether.png
[00:22:36] [Server thread/INFO] (Minecraft) System chat: Player0 has made the advancement [The End?]
[00:22:36] [Server thread/INFO] (Minecraft) System chat: Teleported Player0 to 20.500000, 90.000000, 30.500000
[00:22:36] [Render thread/INFO] (Minecraft) [System] [CHAT] Player0 has made the advancement [The End?]
[00:22:36] [Render thread/INFO] (Minecraft) Loaded 35 advancements
[00:22:37] [Render thread/INFO] (minecraft_shader_loader) Pack BSL_v10.1.8.zip initialized in minecraft:the_end at 1280x720
[00:22:39] [Server thread/INFO] (Minecraft) Scanning for legacy world dragon fight...
[00:22:39] [Server thread/INFO] (Minecraft) Found that the dragon has not yet been killed in this world.
[00:22:42] [Server thread/WARN] (Minecraft) Can't keep up! Is the server overloaded? Running 4142ms or 82 ticks behind
[00:22:47] [Render thread/INFO] (Minecraft) [STDOUT]: Shader natural evidence natural-05-end: 198 visible sections, indexed indirect terrain, world1
[00:22:48] [Test thread/INFO] (Minecraft) [STDOUT]: Shader natural screenshot: ~/Programs/minecraft-metal-renderer/shader-loader/build/run/clientNaturalGameTest/screenshots/natural-05-end.png
[00:22:48] [Render thread/INFO] (Minecraft) [STDOUT]: Shader image diagnostics natural-05-end:
Native texture row 0 appears at image top; these diagnostics are not presentation-flipped.
shadowtex0 D32_FLOAT 2048x2048 min=0.477207124 max=1.000000000 nonFinite=0 nonClear=2173953/4194304 drawnMin=0.477207124 drawnMax=0.503719509
depthtex0 D32_FLOAT 1280x720 min=0.997655690 max=1.000000000 nonFinite=0 nonClear=594441/921600 drawnMin=0.997655690 drawnMax=0.999702573
colortex0 RG11B10_FLOAT 1280x720 min=0.001312256 max=2.187500000 nonFinite=0
shadowcolor0 RGBA8_UNORM 2048x2048 min=0.000000000 max=1.000000000 nonFinite=0
Submitted feature tags: {DrawTag[kind=ENTITY, entityId=-1, blockEntityId=-1, red=0.0, green=0.0, blue=0.0, alpha=0.0, shadowOnly=false]=3, DrawTag[kind=ENTITY, entityId=-1, blockEntityId=-1, red=0.0, green=0.0, blue=0.0, alpha=0.0, shadowOnly=true]=1, DrawTag[kind=ENTITY, entityId=10102, blockEntityId=-1, red=0.0, green=0.0, blue=0.0, alpha=0.0, shadowOnly=false]=11}
Shadow projection: [0.00390625, 0.0, 0.0, 0.0, 0.0, 0.00390625, 0.0, 0.0, 0.0, 0.0, -0.0019532205, 0.0, -0.0, -0.0, -1.0000978, 1.0]
Shadow model view: [-1.0, 1.04186434E-7, 8.7422784E-8, 0.0, 0.0, 0.64278764, -0.76604456, 0.0, -1.3600571E-7, -0.76604456, -0.64278764, 0.0, -0.50000006, 0.6582784, -513.56244, 1.0]
Sun world direction: ( 8.742E-8 -7.660E-1 -6.428E-1)
Shadow world direction: ( 8.742E-8 -7.660E-1 -6.428E-1)

[00:22:48] [Server thread/INFO] (Minecraft) System chat: Teleported Player0 to 166.292300, 101.000000, 186.077100
[00:22:48] [Server thread/INFO] (Minecraft) System chat: Set minecraft:overworld to 4000 tick(s)
[00:22:49] [Render thread/INFO] (minecraft_shader_loader) Pack BSL_v10.1.8.zip initialized in minecraft:overworld at 1280x720
[00:22:59] [Server thread/WARN] (Minecraft) Can't keep up! Is the server overloaded? Running 2097ms or 41 ticks behind
[00:23:00] [Render thread/INFO] (Minecraft) [STDOUT]: Shader natural evidence natural-06-overworld-return: 201 visible sections, indexed indirect terrain, world0
[00:23:00] [Test thread/INFO] (Minecraft) [STDOUT]: Shader natural screenshot: ~/Programs/minecraft-metal-renderer/shader-loader/build/run/clientNaturalGameTest/screenshots/natural-06-overworld-return.png
[00:23:01] [Render thread/INFO] (Minecraft) [STDOUT]: Shader image diagnostics natural-06-overworld-return:
Native texture row 0 appears at image top; these diagnostics are not presentation-flipped.
shadowtex0 D32_FLOAT 2048x2048 min=0.481970370 max=1.000000000 nonFinite=0 nonClear=2619510/4194304 drawnMin=0.481970370 drawnMax=0.530261993
depthtex0 D32_FLOAT 1280x720 min=0.997748435 max=1.000000000 nonFinite=0 nonClear=530609/921600 drawnMin=0.997748435 drawnMax=0.999713182
colortex0 RG11B10_FLOAT 1280x720 min=0.000915527 max=1.187500000 nonFinite=0
shadowcolor0 RGBA8_UNORM 2048x2048 min=0.000000000 max=1.000000000 nonFinite=0
Submitted feature tags: {DrawTag[kind=ENTITY, entityId=-1, blockEntityId=-1, red=0.0, green=0.0, blue=0.0, alpha=0.0, shadowOnly=false]=4, DrawTag[kind=ENTITY, entityId=-1, blockEntityId=-1, red=0.0, green=0.0, blue=0.0, alpha=0.0, shadowOnly=true]=1}
Shadow projection: [0.00390625, 0.0, 0.0, 0.0, 0.0, 0.00390625, 0.0, 0.0, 0.0, 0.0, -0.0019532205, 0.0, -0.0, -0.0, -1.0000978, 1.0]
Shadow model view: [0.8459399, -0.3786123, 0.37555084, 0.0, 0.0, 0.70423055, 0.7099714, 0.0, -0.5332782, -0.60059315, 0.59573674, 0.0, 0.20616773, 0.27964878, -511.4041, 1.0]
Sun world direction: ( 3.756E-1  7.100E-1  5.957E-1)
Shadow world direction: ( 3.756E-1  7.100E-1  5.957E-1)

[00:23:01] [Render thread/INFO] (Minecraft) [STDOUT]: Shader natural diagnostic (validation and test scheduling enabled): 32 reported FPS; 32985250 ns last CPU frame
[00:23:01] [Server thread/INFO] (Minecraft) Player0 lost connection: Disconnected
[00:23:01] [Server thread/INFO] (Minecraft) System chat: Player0 left the game
[00:23:01] [Server thread/INFO] (Minecraft) Stopping singleplayer server as player logged out
[00:23:01] [Server thread/INFO] (Minecraft) Stopping server
[00:23:01] [Server thread/INFO] (Minecraft) Saving players
[00:23:01] [Server thread/INFO] (Minecraft) Saving worlds
[00:23:01] [Server thread/INFO] (Minecraft) Saving chunks for level 'ServerLevel[Shader natural terrain validation]'/minecraft:overworld
[00:23:01] [Server thread/INFO] (Minecraft) Saving chunks for level 'ServerLevel[Shader natural terrain validation]'/minecraft:the_end
[00:23:01] [Server thread/INFO] (Minecraft) Saving chunks for level 'ServerLevel[Shader natural terrain validation]'/minecraft:the_nether
[00:23:02] [Render thread/INFO] (Minecraft) Stopping!

BUILD SUCCESSFUL in 4m 29s
16 actionable tasks: 3 executed, 13 up-to-date
Consider enabling configuration cache to speed up this build: https://docs.gradle.org/9.7.1/userguide/configuration_cache_enabling.html
