
> Configure project :
Fabric Loom: 1.18.2

> Configure project :shader-loader
Fabric Loom: 1.18.2

> Task :compileJava UP-TO-DATE
> Task :configureNative UP-TO-DATE
> Task :buildNative UP-TO-DATE
> Task :processResources UP-TO-DATE
> Task :classes UP-TO-DATE
> Task :processIncludeJars UP-TO-DATE
> Task :jar UP-TO-DATE
> Task :shader-loader:compileJava UP-TO-DATE
> Task :shader-loader:processResources UP-TO-DATE
> Task :shader-loader:classes UP-TO-DATE
> Task :shader-loader:compileBenchmarkJava UP-TO-DATE
> Task :shader-loader:processBenchmarkResources UP-TO-DATE
> Task :shader-loader:benchmarkClasses UP-TO-DATE
> Task :shader-loader:benchmarkJar
> Task :shader-loader:downloadAssets UP-TO-DATE
> Task :shader-loader:processIncludeJars UP-TO-DATE
> Task :shader-loader:jar UP-TO-DATE

> Task :shader-loader:runPackagedBsl
[00:23:40] [main/INFO]: Loading Minecraft 26.3 with Fabric Loader 0.19.5
[00:23:40] [main/INFO]: Mappings not present!
[00:23:40] [main/INFO]: Loading 7 mods:
	- fabricloader 0.19.5
	   \-- mixinextras 0.5.5
	- java 26
	- minecraft 26.3
	- minecraft_metal 0.2.1
	- minecraft_shader_benchmark 1.0.0
	- minecraft_shader_loader 0.1.1
[00:23:40] [main/INFO]: SpongePowered MIXIN Subsystem Version=0.8.7 Source=file:~/.gradle/caches/modules-2/files-2.1/net.fabricmc/sponge-mixin/0.17.4+mixin.0.8.7/5f66cc9f59b8efaa942155a3d5a30599bf6640dd/sponge-mixin-0.17.4+mixin.0.8.7.jar Service=Knot/Fabric Env=CLIENT
[00:23:40] [main/WARN]: Error loading class: net/fabricmc/fabric/impl/client/indigo/renderer/render/AltModelBlockRendererImpl (java.lang.ClassNotFoundException: net/fabricmc/fabric/impl/client/indigo/renderer/render/AltModelBlockRendererImpl)
[00:23:40] [main/WARN]: Error loading class: net/fabricmc/fabric/impl/client/indigo/renderer/aocalc/AoCalculator (java.lang.ClassNotFoundException: net/fabricmc/fabric/impl/client/indigo/renderer/aocalc/AoCalculator)
[00:23:40] [main/WARN]: Error loading class: net/fabricmc/fabric/impl/client/indigo/renderer/aocalc/FlatLighter (java.lang.ClassNotFoundException: net/fabricmc/fabric/impl/client/indigo/renderer/aocalc/FlatLighter)
[00:23:40] [main/INFO]: Initializing MixinExtras via com.llamalad7.mixinextras.service.MixinExtrasServiceImpl(version=0.5.5).
WARNING: A terminally deprecated method in sun.misc.Unsafe has been called
WARNING: sun.misc.Unsafe::objectFieldOffset has been called by org.lwjgl.system.MemoryBackendUnsafeLegacy (file:~/.gradle/caches/modules-2/files-2.1/org.lwjgl/lwjgl/3.4.3/7ab5265a73d8a959ed62332d546536ae6be2f0d5/lwjgl-3.4.3.jar)
WARNING: Please consider reporting this to the maintainers of class org.lwjgl.system.MemoryBackendUnsafeLegacy
WARNING: sun.misc.Unsafe::objectFieldOffset will be removed in a future release
[00:23:42] [Datafixer Bootstrap #0/INFO]: 307 Datafixer optimizations took 406 milliseconds
[00:23:45] [Render thread/INFO]: Environment: Environment[discoveryUrl=https://discovery.minecraftservices.com/minecraft/client, name=PROD]
[00:23:45] [Render thread/INFO]: Setting user: ShaderValidation
[00:23:45] [Render thread/INFO]: Native Metal backend selected. Use -Dmetal.enabled=false to use Minecraft's graphics setting.
[00:23:45] [Render thread/INFO]: [STDOUT]: [Shader benchmark] Awaiting normal quick-play world shader-benchmark-scene
[00:23:45] [Render thread/INFO]: Selected shader pack BSL_v10.1.8.zip with 35723 cached block states; render programs initialize when entering a world.
[00:23:45] [Render thread/INFO]: Backend library: LWJGL version 3.4.3-snapshot
[00:23:45] [Render thread/INFO]: SDL [SYSTEM]: App name: Minecraft
[00:23:45] [Render thread/INFO]: SDL [SYSTEM]: App version: 26.3
[00:23:45] [Render thread/INFO]: SDL [SYSTEM]: App ID: com.mojang.minecraft
[00:23:45] [Render thread/INFO]: SDL [SYSTEM]: SDL revision: SDL-3.4.14-62f10da
[00:23:45] [Download-2/ERROR]: Failed to fetch user properties
com.mojang.authlib.exceptions.InvalidCredentialsException: Status: 401
	at knot//com.mojang.authlib.exceptions.MinecraftClientHttpException.toAuthenticationException(MinecraftClientHttpException.java:70)
	at knot//com.mojang.authlib.services.MinecraftServicesUserApiService.fetchProperties(MinecraftServicesUserApiService.java:168)
	at knot//net.minecraft.client.Minecraft.lambda$new$1(Minecraft.java:451)
	at java.base/java.util.concurrent.CompletableFuture$AsyncSupply.run(CompletableFuture.java:1789)
	at java.base/java.util.concurrent.ThreadPoolExecutor.runWorker(ThreadPoolExecutor.java:1090)
	at java.base/java.util.concurrent.ThreadPoolExecutor$Worker.run(ThreadPoolExecutor.java:614)
	at java.base/java.lang.Thread.run(Thread.java:1516)
Caused by: MinecraftClientHttpException[type=HTTP_ERROR, status=401, response=ErrorResponse[path=/player/attributes, error=null, errorMessage=null, details=null]]
	at knot//com.mojang.authlib.minecraft.client.MinecraftClient.buildHttpException(MinecraftClient.java:170)
	at knot//com.mojang.authlib.minecraft.client.MinecraftClient.readServiceResponse(MinecraftClient.java:147)
	at knot//com.mojang.authlib.minecraft.client.MinecraftClient.getWithEtag(MinecraftClient.java:81)
	at knot//com.mojang.authlib.minecraft.client.MinecraftClient.get(MinecraftClient.java:65)
	at knot//com.mojang.authlib.services.MinecraftServicesUserApiService.fetchProperties(MinecraftServicesUserApiService.java:118)
	... 5 more
[00:23:45] [Render thread/WARN]: Device [Apple M3 Pro] supports all extensions from FeatureSet [Vulkan Portability Subset], making required
[00:23:46] [Render thread/INFO]: Metal device created: Apple M3 Pro. Native SDL presentation, no OpenGL context.
[00:23:46] [Render thread/INFO]: Using graphics backend Metal, using drivers: 26.5.2
[00:23:46] [Render thread/INFO]: Using graphics device: Apple M3 Pro (Apple)
[00:23:46] [Render thread/INFO]: Using graphics device extensions: SPIRV-Cross, MSL, CAMetalLayer
[00:23:46] [Render thread/INFO]: Created window using SDL video driver: cocoa
[00:23:46] [Download-2/INFO]: Could not authorize you against Realms server: java.lang.RuntimeException: Failed to parse into SignedJWT: 0
[00:23:46] [Download-2/ERROR]: Failed to fetch Realms feature flags
com.mojang.realmsclient.exception.RealmsServiceException: Realms authentication error with message 'java.lang.RuntimeException: Failed to parse into SignedJWT: 0'
	at knot//com.mojang.realmsclient.client.RealmsClient.execute(RealmsClient.java:625)
	at knot//com.mojang.realmsclient.client.RealmsClient.fetchFeatureFlags(RealmsClient.java:204)
	at java.base/java.util.concurrent.CompletableFuture$AsyncSupply.run(CompletableFuture.java:1789)
	at java.base/java.util.concurrent.ThreadPoolExecutor.runWorker(ThreadPoolExecutor.java:1090)
	at java.base/java.util.concurrent.ThreadPoolExecutor$Worker.run(ThreadPoolExecutor.java:614)
	at java.base/java.lang.Thread.run(Thread.java:1516)
[00:23:47] [Render thread/INFO]: Reloading ResourceManager: vanilla, vanilla
[00:23:47] [Worker-Main-8/INFO]: Found unifont_all_no_pua-17.0.01.hex, loading
[00:23:47] [Worker-Main-11/INFO]: Found unifont_pua-17.0.01.hex, loading
[00:23:47] [Worker-Main-6/INFO]: Found unifont_jp_patch-17.0.01.hex, loading
[00:23:48] [Render thread/INFO]: OpenAL initialized on device SOUNDPEATS Sonic
[00:23:48] [Render thread/INFO]: Sound engine started
[00:23:48] [Render thread/INFO]: Created: 512x256x0 minecraft:textures/atlas/particles.png-atlas
[00:23:48] [Render thread/INFO]: Created: 256x128x0 minecraft:textures/atlas/celestials.png-atlas
[00:23:48] [Render thread/INFO]: Created: 128x128x0 minecraft:textures/atlas/decorated_pot.png-atlas
[00:23:48] [Render thread/INFO]: Created: 512x256x0 minecraft:textures/atlas/paintings.png-atlas
[00:23:48] [Render thread/INFO]: Created: 1024x512x0 minecraft:textures/atlas/shield_patterns.png-atlas
[00:23:48] [Render thread/INFO]: Created: 1024x512x0 minecraft:textures/atlas/banner_patterns.png-atlas
[00:23:48] [Render thread/INFO]: Created: 2048x2048x4 minecraft:textures/atlas/blocks.png-atlas
[00:23:48] [Render thread/INFO]: Created: 1024x512x0 minecraft:textures/atlas/items.png-atlas
[00:23:48] [Render thread/INFO]: Created: 1024x1024x0 minecraft:textures/atlas/gui.png-atlas
[00:23:48] [Render thread/INFO]: Created: 128x64x0 minecraft:textures/atlas/map_decorations.png-atlas
[00:23:48] [Render thread/INFO]: Created: 512x512x0 minecraft:textures/atlas/chest.png-atlas
[00:23:48] [Render thread/INFO]: Created: 512x512x0 minecraft:textures/atlas/shulker_boxes.png-atlas
[00:23:49] [Render thread/WARN]: Missing data pack fabric-convention-tags-v2
[00:23:49] [Render thread/WARN]: Missing data pack fabric-gametest-api-v1
[00:23:49] [Worker-Main-3/INFO]: Loaded 1866 advancements
[00:23:49] [Server thread/INFO]: Starting integrated minecraft server version 26.3
[00:23:49] [Server thread/INFO]: Generating keypair
[00:23:49] [Server thread/INFO]: Loading 0 persistent chunks...
[00:23:49] [Server thread/INFO]: Preparing spawn area: 16%
[00:23:49] [Server thread/INFO]: Saving chunks for level 'ServerLevel[Shader pack disposable validation]'/minecraft:overworld
[00:23:49] [Server thread/INFO]: Saving chunks for level 'ServerLevel[Shader pack disposable validation]'/minecraft:the_nether
[00:23:49] [Server thread/INFO]: Saving chunks for level 'ServerLevel[Shader pack disposable validation]'/minecraft:the_end
[00:23:51] [Server thread/INFO]: Loading 49 chunks for player spawn...
[00:23:51] [Server thread/INFO]: Preparing spawn area: 16%
[00:23:51] [Server thread/INFO]: Preparing spawn area: 16%
[00:23:51] [Server thread/INFO]: Preparing spawn area: 59%
[00:23:51] [Server thread/INFO]: Time elapsed: 1588 ms
[00:23:51] [Server thread/INFO]: ShaderValidation[local:E:5da23214] logged in with entity id 4 at (11.5, -54.0, 14.5)
[00:23:51] [Server thread/INFO]: System chat: ShaderValidation joined the game
[00:23:51] [Server thread/INFO]: Changing view distance to 5, from 10
[00:23:51] [Server thread/INFO]: Changing simulation distance to 5, from 0
[00:23:51] [Render thread/WARN]: Requested post effect does not exist: minecraft:end_of_frame
[00:23:53] [Render thread/INFO]: Pack BSL_v10.1.8.zip initialized in minecraft:overworld at 1280x720
[00:23:53] [Render thread/INFO]: Resizing Dynamic Transforms UBO, capacity limit of 2 reached during a single frame. New capacity will be 4.
[00:23:53] [Render thread/INFO]: Loaded 2 advancements
[00:23:53] [Server thread/INFO]: System chat: Game rule send_command_feedback is already set to false
[00:23:53] [Server thread/INFO]: System chat: Game rule advance_time is already set to false
[00:23:53] [Server thread/INFO]: System chat: Clock minecraft:overworld is already set to 4000 tick(s)
[00:23:53] [Server thread/INFO]: System chat: Set the weather to clear
[00:23:53] [Server thread/INFO]: System chat: Removed 1 item(s) from player ShaderValidation
[00:23:53] [Server thread/INFO]: System chat: Gave 1 [Diamond Sword] to ShaderValidation
[00:23:53] [Server thread/INFO]: System chat: Teleported ShaderValidation to 11.000000, -54.000000, 14.000000
[00:23:53] [Render thread/INFO]: Resizing Dynamic Transforms UBO, capacity limit of 4 reached during a single frame. New capacity will be 8.
[00:23:53] [Render thread/INFO]: Resizing Dynamic Transforms UBO, capacity limit of 8 reached during a single frame. New capacity will be 16.
[00:23:53] [Render thread/INFO]: Resizing Chunk Sections Command Buffer, capacity limit of 2 reached during a single frame. New capacity will be 8.
[00:23:53] [Render thread/INFO]: Resizing Chunk Sections Instanced, capacity limit of 2 reached during a single frame. New capacity will be 8.
[00:23:53] [Render thread/INFO]: Resizing Chunk Sections Command Buffer, capacity limit of 8 reached during a single frame. New capacity will be 16.
[00:23:53] [Render thread/INFO]: Resizing Chunk Sections Instanced, capacity limit of 8 reached during a single frame. New capacity will be 16.
[00:23:54] [Render thread/INFO]: Resizing Chunk Sections Command Buffer, capacity limit of 16 reached during a single frame. New capacity will be 32.
[00:23:54] [Render thread/INFO]: Resizing Chunk Sections Command Buffer, capacity limit of 32 reached during a single frame. New capacity will be 64.
[00:23:54] [Render thread/INFO]: Resizing Chunk Sections Instanced, capacity limit of 16 reached during a single frame. New capacity will be 32.
[00:23:54] [Render thread/INFO]: [STDOUT]: [Shader benchmark] Warming up for 10s at 1280x720
[00:23:54] [Render thread/INFO]: Resizing Chunk Sections Instanced, capacity limit of 32 reached during a single frame. New capacity will be 64.
[00:23:54] [Render thread/INFO]: Resizing Chunk Sections Command Buffer, capacity limit of 64 reached during a single frame. New capacity will be 128.
[00:23:54] [Render thread/INFO]: Resizing Chunk Sections Instanced, capacity limit of 64 reached during a single frame. New capacity will be 128.
[00:23:54] [Render thread/INFO]: Resizing Chunk Sections Command Buffer, capacity limit of 128 reached during a single frame. New capacity will be 256.
[00:23:54] [Render thread/INFO]: Resizing Chunk Sections Instanced, capacity limit of 128 reached during a single frame. New capacity will be 256.
[00:23:54] [Render thread/INFO]: [STDOUT]: [Shader benchmark] Warming up for 10s at 1280x720
[00:24:04] [Render thread/INFO]: [STDOUT]: [Shader benchmark] Measuring all frame intervals for 10s
[Shader benchmark] COMPLETE packaged-bsl: 43.40 FPS, p50 20.673ms, p95 31.602ms, p99 36.668ms (478 frames). ~/Programs/minecraft-metal-renderer/shader-loader/build/run/packaged-bsl/benchmarks/packaged-bsl.json
[00:24:16] [Render thread/INFO]: Stopping!
[00:24:16] [Server thread/INFO]: Stopping server
[00:24:16] [Server thread/INFO]: Saving players
[00:24:16] [Server thread/INFO]: ShaderValidation lost connection: Disconnected
[00:24:16] [Server thread/INFO]: System chat: ShaderValidation left the game
[00:24:16] [Server thread/INFO]: Stopping singleplayer server as player logged out
[00:24:16] [Server thread/INFO]: Saving worlds
[00:24:16] [Server thread/INFO]: Saving chunks for level 'ServerLevel[Shader pack disposable validation]'/minecraft:overworld
[00:24:16] [Server thread/INFO]: Saving chunks for level 'ServerLevel[Shader pack disposable validation]'/minecraft:the_nether
[00:24:16] [Server thread/INFO]: Saving chunks for level 'ServerLevel[Shader pack disposable validation]'/minecraft:the_end

BUILD SUCCESSFUL in 44s
15 actionable tasks: 2 executed, 13 up-to-date
Consider enabling configuration cache to speed up this build: https://docs.gradle.org/9.7.1/userguide/configuration_cache_enabling.html
