
> Configure project :
Fabric Loom: 1.18.2

> Configure project :shader-loader
Fabric Loom: 1.18.2

> Task :compileJava UP-TO-DATE
> Task :configureNative UP-TO-DATE
> Task :buildNative UP-TO-DATE
> Task :processResources UP-TO-DATE
> Task :classes UP-TO-DATE
> Task :processIncludeJars UP-TO-DATE
> Task :jar UP-TO-DATE
> Task :sourcesJar
> Task :assemble
> Task :compileTestJava
> Task :processTestResources NO-SOURCE
> Task :testClasses

> Task :nativeSmokeTest
2026-10-02 23:31:02.528 java[5611:9193503] Metal API Validation Enabled
Native smoke test GPU: Apple M3 Pro
PASS: Metal copies, mip clears, push constants, float MRT blending/depth output, draw/scissor, texel reads, calibrated GPU timestamps, and zero leaked handles

> Task :shaderSmokeTest
2026-10-02 23:31:03.055 java[5639:9193586] Metal API Validation Enabled
[23:31:03] [main/INFO]: Metal device created: Apple M3 Pro. Native SDL presentation, no OpenGL context.
WARNING: A terminally deprecated method in sun.misc.Unsafe has been called
WARNING: sun.misc.Unsafe::objectFieldOffset has been called by org.lwjgl.system.MemoryBackendUnsafeLegacy (file:<home>/.gradle/caches/modules-2/files-2.1/org.lwjgl/lwjgl/3.4.3/7ab5265a73d8a959ed62332d546536ae6be2f0d5/lwjgl-3.4.3.jar)
WARNING: Please consider reporting this to the maintainers of class org.lwjgl.system.MemoryBackendUnsafeLegacy
WARNING: sun.misc.Unsafe::objectFieldOffset will be removed in a future release
PASS: 195 vanilla pipeline variants (including all OIT stages and optional terrain) compiled twice, 390 total; numeric uniforms + shared push constants rendered/read back, 1.033 s

> Task :test

> Task :transientMemorySmokeTest
2026-10-02 23:31:04.366 java[5741:9193853] Metal API Validation Enabled
[23:31:04] [main/INFO]: Metal device created: Apple M3 Pro. Native SDL presentation, no OpenGL context.
PASS: transient alignment, empty uploads, source slices, independent view ownership, expiration, and fenced GPU lifetime

> Task :validateAccessWidener NO-SOURCE
> Task :check
> Task :build

> Task :shader-loader:compileJava
Note: Some input files use or override a deprecated API.
Note: Recompile with -Xlint:deprecation for details.

> Task :shader-loader:processResources UP-TO-DATE
> Task :shader-loader:classes
> Task :shader-loader:processIncludeJars UP-TO-DATE
> Task :shader-loader:jar
> Task :shader-loader:sourcesJar
> Task :shader-loader:assemble
> Task :shader-loader:compileTestJava
> Task :shader-loader:processTestResources NO-SOURCE
> Task :shader-loader:testClasses

> Task :shader-loader:alphaDiscardTest
2026-10-02 23:31:06.130 java[5813:9194082] Metal API Validation Enabled
[23:31:06] [main/INFO]: Metal device created: Apple M3 Pro. Native SDL presentation, no OpenGL context.
WARNING: A terminally deprecated method in sun.misc.Unsafe has been called
WARNING: sun.misc.Unsafe::objectFieldOffset has been called by org.lwjgl.system.MemoryBackendUnsafeLegacy (file:<home>/.gradle/caches/modules-2/files-2.1/org.lwjgl/lwjgl/3.4.3/7ab5265a73d8a959ed62332d546536ae6be2f0d5/lwjgl-3.4.3.jar)
WARNING: Please consider reporting this to the maintainers of class org.lwjgl.system.MemoryBackendUnsafeLegacy
WARNING: sun.misc.Unsafe::objectFieldOffset will be removed in a future release
PASS: every alpha comparator preserves color/depth rejection and early-return fragment semantics

> Task :shader-loader:compileBenchmarkJava
> Task :shader-loader:processBenchmarkResources UP-TO-DATE
> Task :shader-loader:benchmarkClasses

> Task :shader-loader:benchmarkStatisticsTest
PASS: benchmark statistics retain stalls and calculate throughput from elapsed time

> Task :shader-loader:compatibilityTest
WARNING: A terminally deprecated method in sun.misc.Unsafe has been called
WARNING: sun.misc.Unsafe::objectFieldOffset has been called by org.lwjgl.system.MemoryBackendUnsafeLegacy (file:<home>/.gradle/caches/modules-2/files-2.1/org.lwjgl/lwjgl/3.4.3/7ab5265a73d8a959ed62332d546536ae6be2f0d5/lwjgl-3.4.3.jar)
WARNING: Please consider reporting this to the maintainers of class org.lwjgl.system.MemoryBackendUnsafeLegacy
WARNING: sun.misc.Unsafe::objectFieldOffset will be removed in a future release
PASS: GLSL interface lowering, inactive feature rejection, std140 writes, adapter compilation; 0 supplied shader pairs compiled

> Task :shader-loader:depthMergeTest
2026-10-02 23:31:07.921 java[5887:9194403] Metal API Validation Enabled
[23:31:07] [main/INFO]: Metal device created: Apple M3 Pro. Native SDL presentation, no OpenGL context.
WARNING: A terminally deprecated method in sun.misc.Unsafe has been called
WARNING: sun.misc.Unsafe::objectFieldOffset has been called by org.lwjgl.system.MemoryBackendUnsafeLegacy (file:<home>/.gradle/caches/modules-2/files-2.1/org.lwjgl/lwjgl/3.4.3/7ab5265a73d8a959ed62332d546536ae6be2f0d5/lwjgl-3.4.3.jar)
WARNING: Please consider reporting this to the maintainers of class org.lwjgl.system.MemoryBackendUnsafeLegacy
WARNING: sun.misc.Unsafe::objectFieldOffset will be removed in a future release
PASS: late hand depth merges preserve all three depth meanings; history resets both color sides

> Task :shader-loader:dynamicBlockGeometryTest
WARNING: A terminally deprecated method in sun.misc.Unsafe has been called
WARNING: sun.misc.Unsafe::objectFieldOffset has been called by org.lwjgl.system.MemoryBackendUnsafeLegacy (file:<home>/.gradle/caches/modules-2/files-2.1/org.lwjgl/lwjgl/3.4.3/7ab5265a73d8a959ed62332d546536ae6be2f0d5/lwjgl-3.4.3.jar)
WARNING: Please consider reporting this to the maintainers of class org.lwjgl.system.MemoryBackendUnsafeLegacy
WARNING: sun.misc.Unsafe::objectFieldOffset will be removed in a future release
PASS: vanilla dynamic block mesher retains actual normals and consistent draw formats

> Task :shader-loader:featureDrawContextTest
Feature tags passed: actual overlays, equal-material batching, strict order, frame lifetime, shadow pipeline filtering.

> Task :shader-loader:mipmapTest
2026-10-02 23:31:09.798 java[5956:9194679] Metal API Validation Enabled
[23:31:09] [main/INFO]: Metal device created: Apple M3 Pro. Native SDL presentation, no OpenGL context.
WARNING: A terminally deprecated method in sun.misc.Unsafe has been called
WARNING: sun.misc.Unsafe::objectFieldOffset has been called by org.lwjgl.system.MemoryBackendUnsafeLegacy (file:<home>/.gradle/caches/modules-2/files-2.1/org.lwjgl/lwjgl/3.4.3/7ab5265a73d8a959ed62332d546536ae6be2f0d5/lwjgl-3.4.3.jar)
WARNING: Please consider reporting this to the maintainers of class org.lwjgl.system.MemoryBackendUnsafeLegacy
WARNING: sun.misc.Unsafe::objectFieldOffset will be removed in a future release
PASS: mip pipelines compile for all pack color formats; square, one-axis, and HDR mip chains match GPU readback

> Task :shader-loader:packCoordinatesTest
2026-10-02 23:31:10.634 java[5957:9194726] Metal API Validation Enabled
[23:31:10] [main/INFO]: Metal device created: Apple M3 Pro. Native SDL presentation, no OpenGL context.
WARNING: A terminally deprecated method in sun.misc.Unsafe has been called
WARNING: sun.misc.Unsafe::objectFieldOffset has been called by org.lwjgl.system.MemoryBackendUnsafeLegacy (file:<home>/.gradle/caches/modules-2/files-2.1/org.lwjgl/lwjgl/3.4.3/7ab5265a73d8a959ed62332d546536ae6be2f0d5/lwjgl-3.4.3.jar)
WARNING: Please consider reporting this to the maintainers of class org.lwjgl.system.MemoryBackendUnsafeLegacy
WARNING: sun.misc.Unsafe::objectFieldOffset will be removed in a future release
PASS: geometry projection, gl_FragCoord and fullscreen texture UVs share one Y convention

> Task :shader-loader:packProgramsValidationTest
WARNING: A terminally deprecated method in sun.misc.Unsafe has been called
WARNING: sun.misc.Unsafe::objectFieldOffset has been called by org.lwjgl.system.MemoryBackendUnsafeLegacy (file:<home>/.gradle/caches/modules-2/files-2.1/org.lwjgl/lwjgl/3.4.3/7ab5265a73d8a959ed62332d546536ae6be2f0d5/lwjgl-3.4.3.jar)
WARNING: Please consider reporting this to the maintainers of class org.lwjgl.system.MemoryBackendUnsafeLegacy
WARNING: sun.misc.Unsafe::objectFieldOffset will be removed in a future release
PASS: active unsupported rendering declarations are rejected; failed sampler/pipeline creation releases resources; image dimensions are checked before decoding

> Task :shader-loader:packTest
BSL snapshot: 292 files, 367 options, 185 shader stages expanded; rendering not exercised
Shader pack checks passed: 286

> Task :shader-loader:portalGeometryTest
WARNING: A terminally deprecated method in sun.misc.Unsafe has been called
WARNING: sun.misc.Unsafe::objectFieldOffset has been called by org.lwjgl.system.MemoryBackendUnsafeLegacy (file:<home>/.gradle/caches/modules-2/files-2.1/org.lwjgl/lwjgl/3.4.3/7ab5265a73d8a959ed62332d546536ae6be2f0d5/lwjgl-3.4.3.jar)
WARNING: Please consider reporting this to the maintainers of class org.lwjgl.system.MemoryBackendUnsafeLegacy
WARNING: sun.misc.Unsafe::objectFieldOffset will be removed in a future release
PASS: all six portal face normals survive actual face winding and transformed geometry

> Task :shader-loader:shadowComparisonTest
2026-10-02 23:31:17.722 java[6322:9195851] Metal API Validation Enabled
[23:31:17] [main/INFO]: Metal device created: Apple M3 Pro. Native SDL presentation, no OpenGL context.
WARNING: A terminally deprecated method in sun.misc.Unsafe has been called
WARNING: sun.misc.Unsafe::objectFieldOffset has been called by org.lwjgl.system.MemoryBackendUnsafeLegacy (file:<home>/.gradle/caches/modules-2/files-2.1/org.lwjgl/lwjgl/3.4.3/7ab5265a73d8a959ed62332d546536ae6be2f0d5/lwjgl-3.4.3.jar)
WARNING: Please consider reporting this to the maintainers of class org.lwjgl.system.MemoryBackendUnsafeLegacy
WARNING: sun.misc.Unsafe::objectFieldOffset will be removed in a future release
PASS: linear shadow comparisons interpolate four depth comparisons and clamp edges correctly

> Task :shader-loader:shadowLightConventionTest
WARNING: A terminally deprecated method in sun.misc.Unsafe has been called
WARNING: sun.misc.Unsafe::objectFieldOffset has been called by org.joml.MemUtil$MemUtilUnsafe (file:<home>/.gradle/caches/modules-2/files-2.1/org.joml/joml/1.10.9/438e036486bad66b189bff385dd07dea4f74a146/joml-1.10.9.jar)
WARNING: Please consider reporting this to the maintainers of class org.joml.MemUtil$MemUtilUnsafe
WARNING: sun.misc.Unsafe::objectFieldOffset will be removed in a future release
PASS: day, night and fixed End light uniforms match shadow camera direction and occlusion depth

> Task :shader-loader:terrainGeometryTest
WARNING: A terminally deprecated method in sun.misc.Unsafe has been called
WARNING: sun.misc.Unsafe::objectFieldOffset has been called by org.lwjgl.system.MemoryBackendUnsafeLegacy (file:<home>/.gradle/caches/modules-2/files-2.1/org.lwjgl/lwjgl/3.4.3/7ab5265a73d8a959ed62332d546536ae6be2f0d5/lwjgl-3.4.3.jar)
WARNING: Please consider reporting this to the maintainers of class org.lwjgl.system.MemoryBackendUnsafeLegacy
WARNING: sun.misc.Unsafe::objectFieldOffset will be removed in a future release
Terrain geometry passed: normals, UV handedness, quad centers, materials.

> Task :shader-loader:test
> Task :shader-loader:validateAccessWidener NO-SOURCE

> Task :shader-loader:waterMaskTest
2026-10-02 23:31:19.491 java[6398:9196233] Metal API Validation Enabled
[23:31:19] [main/INFO]: Metal device created: Apple M3 Pro. Native SDL presentation, no OpenGL context.
WARNING: A terminally deprecated method in sun.misc.Unsafe has been called
WARNING: sun.misc.Unsafe::objectFieldOffset has been called by org.lwjgl.system.MemoryBackendUnsafeLegacy (file:<home>/.gradle/caches/modules-2/files-2.1/org.lwjgl/lwjgl/3.4.3/7ab5265a73d8a959ed62332d546536ae6be2f0d5/lwjgl-3.4.3.jar)
WARNING: Please consider reporting this to the maintainers of class org.lwjgl.system.MemoryBackendUnsafeLegacy
WARNING: sun.misc.Unsafe::objectFieldOffset will be removed in a future release
PASS: actual vanilla boat mask writes pack depth while preserving every scene color pixel

> Task :shader-loader:check
> Task :shader-loader:build

> Task :shader-loader:bslShaderSmokeTest
2026-10-02 23:31:20.422 java[6399:9196284] Metal API Validation Enabled
[23:31:20] [main/INFO]: Metal device created: Apple M3 Pro. Native SDL presentation, no OpenGL context.
WARNING: A terminally deprecated method in sun.misc.Unsafe has been called
WARNING: sun.misc.Unsafe::objectFieldOffset has been called by org.lwjgl.system.MemoryBackendUnsafeLegacy (file:<home>/.gradle/caches/modules-2/files-2.1/org.lwjgl/lwjgl/3.4.3/7ab5265a73d8a959ed62332d546536ae6be2f0d5/lwjgl-3.4.3.jar)
WARNING: Please consider reporting this to the maintainers of class org.lwjgl.system.MemoryBackendUnsafeLegacy
WARNING: sun.misc.Unsafe::objectFieldOffset will be removed in a future release
PASS: 123 shader-pack pipelines, including Minecraft vertex adapters, compiled by Metal in 5.245 s

> Task :shader-loader:compileGametestJava
> Task :shader-loader:generateLog4jConfig UP-TO-DATE
> Task :shader-loader:generateDLIConfig UP-TO-DATE
> Task :shader-loader:configureLaunch UP-TO-DATE
> Task :shader-loader:downloadAssets UP-TO-DATE
> Task :shader-loader:configureClientLaunch UP-TO-DATE
> Task :shader-loader:deleteGameTestRunDir
> Task :shader-loader:processGametestResources UP-TO-DATE
> Task :shader-loader:gametestClasses

> Task :shader-loader:runClientGameTest
[23:31:26] [main/INFO] (FabricLoader/GameProvider) Loading Minecraft 26.3 with Fabric Loader 0.19.5
[23:31:26] [main/INFO] (FabricLoader/Mappings) Mappings not present!
[23:31:26] [main/INFO] (FabricLoader) Loading 54 mods:
	- fabric-advancement-api-v1 1.0.0+38c7a2d55d
	- fabric-api 0.161.0+26.3
	- fabric-api-base 2.0.6+fcdff87f5d
	- fabric-api-lookup-api-v1 2.0.24+3434d6d95d
	- fabric-biome-api-v1 20.0.9+74ed1ea55d
	- fabric-block-api-v1 3.1.0+0ae6f9115d
	- fabric-block-getter-api-v2 2.0.9+3434d6d95d
	- fabric-client-gametest-api-v1 6.0.7+4be74c3f5d
	- fabric-command-api-v2 3.1.2+fcdff87f5d
	- fabric-content-registries-v0 15.0.4+74ed1ea55d
	- fabric-convention-tags-v2 4.10.3+6b5b47fd5d
	- fabric-crash-report-info-v1 1.0.7+fcdff87f5d
	- fabric-creative-tab-api-v1 5.0.21+fcdff87f5d
	- fabric-data-attachment-api-v1 2.2.30+3434d6d95d
	- fabric-data-generation-api-v1 27.2.4+427eab975d
	- fabric-debug-api-v1 1.0.4+3434d6d95d
	- fabric-dimensions-v1 5.1.19+47f74c985d
	- fabric-entity-events-v1 6.0.4+3434d6d95d
	- fabric-events-interaction-v0 5.3.6+3434d6d95d
	- fabric-game-rule-api-v1 4.0.10+3434d6d95d
	- fabric-gametest-api-v1 4.0.32+3434d6d95d
	- fabric-item-api-v1 14.7.0+cf6bc2db5d
	- fabric-key-mapping-api-v1 2.0.8+3434d6d95d
	- fabric-lifecycle-events-v1 4.1.9+ffef5f675d
	- fabric-loot-api-v3 4.0.8+4068fd645d
	- fabric-menu-api-v1 2.0.27+ed66f0a35d
	- fabric-message-api-v1 7.0.10+3434d6d95d
	- fabric-model-loading-api-v1 8.0.35+fcdff87f5d
	- fabric-networking-api-v1 6.3.8+fcdff87f5d
	- fabric-object-builder-api-v1 24.1.9+3434d6d95d
	- fabric-particles-v1 5.0.24+3434d6d95d
	- fabric-permission-api-v1 1.0.8+fcdff87f5d
	- fabric-recipe-api-v1 10.0.8+fcdff87f5d
	- fabric-registry-sync-v0 8.0.1+fcdff87f5d
	- fabric-renderer-api-v1 17.0.15+79385d0b5d
	- fabric-renderer-indigo 9.1.23+b9d63e335d
	- fabric-rendering-fluids-v1 6.0.6+3434d6d95d
	- fabric-rendering-v1 27.0.14+901a437c5d
	- fabric-resource-conditions-api-v1 6.1.5+3434d6d95d
	- fabric-resource-loader-v0 3.3.26+4fc5413f5d
	- fabric-resource-loader-v1 3.0.4+fcdff87f5d
	- fabric-screen-api-v1 5.2.4+48607d035d
	- fabric-serialization-api-v1 2.0.7+74ed1ea55d
	- fabric-sound-api-v1 2.0.7+3434d6d95d
	- fabric-tag-api-v1 2.1.10+fcdff87f5d
	- fabric-transfer-api-v1 8.0.25+fcdff87f5d
	- fabric-transitive-access-wideners-v1 8.1.16+52268a0e5d
	- fabricloader 0.19.5
	- java 26
	- minecraft 26.3
	- minecraft_metal 0.2.1
	- minecraft_shader_loader 0.1.0
	- minecraft_shader_loader_gametest 1.0.0
	- mixinextras 0.5.5
[23:31:26] [main/INFO] (FabricLoader/Mixin) SpongePowered MIXIN Subsystem Version=0.8.7 Source=file:<home>/.gradle/caches/modules-2/files-2.1/net.fabricmc/sponge-mixin/0.17.4+mixin.0.8.7/5f66cc9f59b8efaa942155a3d5a30599bf6640dd/sponge-mixin-0.17.4+mixin.0.8.7.jar Service=Knot/Fabric Env=CLIENT
[23:31:27] [main/INFO] (FabricLoader/MixinExtras|Service) Initializing MixinExtras via com.llamalad7.mixinextras.service.MixinExtrasServiceImpl(version=0.5.5).
[23:31:27] [Datafixer Bootstrap #0/INFO] (Minecraft) 307 Datafixer optimizations took 170 milliseconds
[23:31:30] [Render thread/INFO] (Minecraft) Environment: Environment[discoveryUrl=https://discovery.minecraftservices.com/minecraft/client, name=PROD]
[23:31:30] [Render thread/INFO] (Minecraft) Setting user: Player0
[23:31:30] [Render thread/INFO] (Indigo) [Indigo] Registering Indigo renderer!
[23:31:30] [Render thread/INFO] (minecraft_metal) Native Metal backend selected. Use -Dmetal.enabled=false to use Minecraft's graphics setting.
[23:31:30] [Render thread/INFO] (minecraft_shader_loader) Selected shader pack BSL_v10.1.8.zip with 35723 cached block states; render programs initialize when entering a world.
[23:31:31] [Render thread/ERROR] (Minecraft) Illegal option value 0 for Anisotropic Filtering
[23:31:31] [Render thread/INFO] (Minecraft) Backend library: LWJGL version 3.4.3-snapshot
[23:31:31] [Render thread/INFO] (Minecraft) SDL [SYSTEM]: App name: Minecraft
[23:31:31] [Render thread/INFO] (Minecraft) SDL [SYSTEM]: App version: 26.3
[23:31:31] [Render thread/INFO] (Minecraft) SDL [SYSTEM]: App ID: com.mojang.minecraft
[23:31:31] [Render thread/INFO] (Minecraft) SDL [SYSTEM]: SDL revision: SDL-3.4.14-62f10da
2026-10-02 23:31:31.133 java[6686:9197021] Metal API Validation Enabled
[23:31:31] [Render thread/WARN] (Minecraft) Device [Apple M3 Pro] supports all extensions from FeatureSet [Vulkan Portability Subset], making required
[23:31:31] [Render thread/INFO] (MinecraftMetal) Metal device created: Apple M3 Pro. Native SDL presentation, no OpenGL context.
[23:31:31] [Render thread/INFO] (Minecraft) Using graphics backend Metal, using drivers: 26.5.2
[23:31:31] [Render thread/INFO] (Minecraft) Using graphics device: Apple M3 Pro (Apple)
[23:31:31] [Render thread/INFO] (Minecraft) Using graphics device extensions: SPIRV-Cross, CAMetalLayer, MSL
[23:31:31] [Render thread/INFO] (Minecraft) Created window using SDL video driver: cocoa
[23:31:31] [Download-1/INFO] (Minecraft) Could not authorize you against Realms server: java.lang.RuntimeException: Failed to parse into SignedJWT: FabricMC
[23:31:32] [Render thread/INFO] (Minecraft) Reloading ResourceManager: vanilla, vanilla, fabric-advancement-api-v1, fabric-api, fabric-api-base, fabric-api-lookup-api-v1, fabric-biome-api-v1, fabric-block-api-v1, fabric-block-getter-api-v2, fabric-client-gametest-api-v1, fabric-command-api-v2, fabric-content-registries-v0, fabric-convention-tags-v2, fabric-crash-report-info-v1, fabric-creative-tab-api-v1, fabric-data-attachment-api-v1, fabric-data-generation-api-v1, fabric-debug-api-v1, fabric-dimensions-v1, fabric-entity-events-v1, fabric-events-interaction-v0, fabric-game-rule-api-v1, fabric-gametest-api-v1, fabric-item-api-v1, fabric-key-mapping-api-v1, fabric-lifecycle-events-v1, fabric-loot-api-v3, fabric-menu-api-v1, fabric-message-api-v1, fabric-model-loading-api-v1, fabric-networking-api-v1, fabric-object-builder-api-v1, fabric-particles-v1, fabric-permission-api-v1, fabric-recipe-api-v1, fabric-registry-sync-v0, fabric-renderer-api-v1, fabric-renderer-indigo, fabric-rendering-fluids-v1, fabric-rendering-v1, fabric-resource-conditions-api-v1, fabric-resource-loader-v0, fabric-resource-loader-v1, fabric-screen-api-v1, fabric-serialization-api-v1, fabric-sound-api-v1, fabric-tag-api-v1, fabric-transfer-api-v1, fabric-transitive-access-wideners-v1, fabricloader
[23:31:32] [Worker-Main-9/INFO] (Minecraft) Found unifont_all_no_pua-17.0.01.hex, loading
[23:31:32] [Worker-Main-7/INFO] (Minecraft) Found unifont_pua-17.0.01.hex, loading
[23:31:32] [Worker-Main-5/INFO] (Minecraft) Found unifont_jp_patch-17.0.01.hex, loading
[23:31:33] [Render thread/INFO] (Minecraft) OpenAL initialized on device MacBook Pro Speakers
[23:31:33] [Render thread/INFO] (Minecraft) Sound engine started
[23:31:33] [Render thread/INFO] (Minecraft) Created: 512x256x0 minecraft:textures/atlas/particles.png-atlas
[23:31:33] [Render thread/INFO] (Minecraft) Created: 256x128x0 minecraft:textures/atlas/celestials.png-atlas
[23:31:33] [Render thread/INFO] (Minecraft) Created: 128x128x0 minecraft:textures/atlas/decorated_pot.png-atlas
[23:31:33] [Render thread/INFO] (Minecraft) Created: 512x256x0 minecraft:textures/atlas/paintings.png-atlas
[23:31:33] [Render thread/INFO] (Minecraft) Created: 1024x512x0 minecraft:textures/atlas/shield_patterns.png-atlas
[23:31:33] [Render thread/INFO] (Minecraft) Created: 1024x512x0 minecraft:textures/atlas/banner_patterns.png-atlas
[23:31:33] [Render thread/INFO] (Minecraft) Created: 2048x2048x4 minecraft:textures/atlas/blocks.png-atlas
[23:31:33] [Render thread/INFO] (Minecraft) Created: 1024x512x0 minecraft:textures/atlas/items.png-atlas
[23:31:33] [Render thread/INFO] (Minecraft) Created: 1024x1024x0 minecraft:textures/atlas/gui.png-atlas
[23:31:33] [Render thread/INFO] (Minecraft) Created: 128x64x0 minecraft:textures/atlas/map_decorations.png-atlas
[23:31:33] [Render thread/INFO] (Minecraft) Created: 512x512x0 minecraft:textures/atlas/chest.png-atlas
[23:31:33] [Render thread/INFO] (Minecraft) Created: 512x512x0 minecraft:textures/atlas/shulker_boxes.png-atlas
[23:31:33] [Download-1/INFO] (Minecraft) Could not authorize you against Realms server: java.lang.RuntimeException: Failed to parse into SignedJWT: FabricMC
[23:31:36] [Worker-Main-11/INFO] (Minecraft) Loaded 1866 advancements
[23:31:36] [Render thread/INFO] (fabric-client-gametest-api-v1) World loading finished: null screen: net.minecraft.client.gui.screens.GenericMessageScreen@18a64940
[23:31:36] [Render thread/INFO] (BiomeModificationImpl) Applied 0 biome modifications to 0 of 67 new biomes in 628.0 μs
[23:31:36] [Server thread/INFO] (Minecraft) Starting integrated minecraft server version 26.3
[23:31:36] [Server thread/INFO] (Minecraft) Generating keypair
[23:31:36] [Server thread/INFO] (Minecraft) Selecting global world spawn...
[23:31:36] [Server thread/INFO] (Minecraft) Loading 0 persistent chunks...
[23:31:36] [Server thread/INFO] (Minecraft) Preparing spawn area: 16%
[23:31:36] [Server thread/INFO] (Minecraft) Saving chunks for level 'ServerLevel[Shader pack disposable validation]'/minecraft:overworld
[23:31:36] [Server thread/INFO] (Minecraft) Saving chunks for level 'ServerLevel[Shader pack disposable validation]'/minecraft:the_nether
[23:31:36] [Server thread/INFO] (Minecraft) Saving chunks for level 'ServerLevel[Shader pack disposable validation]'/minecraft:the_end
[23:31:37] [Render thread/INFO] (fabric-client-gametest-api-v1) World loading finished: null screen: net.minecraft.client.gui.screens.LevelLoadingScreen@5a0d95e6
[23:31:37] [Render thread/INFO] (fabric-client-gametest-api-v1) World loading finished: null screen: net.minecraft.client.gui.screens.LevelLoadingScreen@5a0d95e6
[23:31:37] [Render thread/INFO] (fabric-client-gametest-api-v1) World loading finished: null screen: net.minecraft.client.gui.screens.LevelLoadingScreen@5a0d95e6
[23:31:37] [Render thread/INFO] (fabric-client-gametest-api-v1) World loading finished: null screen: net.minecraft.client.gui.screens.LevelLoadingScreen@5a0d95e6
[23:31:37] [Render thread/INFO] (fabric-client-gametest-api-v1) World loading finished: null screen: net.minecraft.client.gui.screens.LevelLoadingScreen@5a0d95e6
[23:31:37] [Render thread/INFO] (fabric-client-gametest-api-v1) World loading finished: null screen: net.minecraft.client.gui.screens.LevelLoadingScreen@5a0d95e6
[23:31:37] [Server thread/INFO] (Minecraft) Loading 48 chunks for player spawn...
[23:31:37] [Server thread/INFO] (Minecraft) Preparing spawn area: 16%
[23:31:37] [Render thread/INFO] (fabric-client-gametest-api-v1) World loading finished: null screen: net.minecraft.client.gui.screens.LevelLoadingScreen@5a0d95e6
[23:31:37] [Render thread/INFO] (fabric-client-gametest-api-v1) World loading finished: null screen: net.minecraft.client.gui.screens.LevelLoadingScreen@5a0d95e6
[23:31:37] [Render thread/INFO] (fabric-client-gametest-api-v1) World loading finished: null screen: net.minecraft.client.gui.screens.LevelLoadingScreen@5a0d95e6
[23:31:37] [Server thread/INFO] (Minecraft) Time elapsed: 755 ms
[23:31:37] [Render thread/INFO] (fabric-client-gametest-api-v1) World loading finished: null screen: net.minecraft.client.gui.screens.LevelLoadingScreen@5a0d95e6
[23:31:37] [Server thread/INFO] (Minecraft) Player0[local:E:4530f821] logged in with entity id 1 at (0.5, -60.0, 0.5)
[23:31:37] [Server thread/INFO] (Minecraft) System chat: Player0 joined the game
[23:31:37] [Server thread/INFO] (Minecraft) Changing view distance to 5, from 10
[23:31:37] [Server thread/INFO] (Minecraft) Changing simulation distance to 5, from 0
[23:31:37] [Render thread/INFO] (fabric-client-gametest-api-v1) World loading finished: null screen: net.minecraft.client.gui.screens.LevelLoadingScreen@5a0d95e6
[23:31:37] [Render thread/INFO] (Minecraft) Loaded 2 advancements
[23:31:37] [Render thread/INFO] (fabric-client-gametest-api-v1) World loading finished: ClientLevel screen: net.minecraft.client.gui.screens.LevelLoadingScreen@5a0d95e6
[23:31:37] [Render thread/WARN] (Minecraft) Requested post effect does not exist: minecraft:end_of_frame
[23:31:38] [Render thread/INFO] (minecraft_shader_loader) Pack BSL_v10.1.8.zip initialized in minecraft:overworld at 960x600
[23:31:39] [Render thread/INFO] (Minecraft) Resizing Dynamic Transforms UBO, capacity limit of 2 reached during a single frame. New capacity will be 4.
[23:31:39] [Render thread/INFO] (fabric-client-gametest-api-v1) World loading finished: ClientLevel screen: net.minecraft.client.gui.screens.LevelLoadingScreen@5a0d95e6
[23:31:39] [Render thread/INFO] (Minecraft) Resizing Dynamic Transforms UBO, capacity limit of 4 reached during a single frame. New capacity will be 8.
[23:31:39] [Render thread/INFO] (fabric-client-gametest-api-v1) World loading finished: ClientLevel screen: net.minecraft.client.gui.screens.LevelLoadingScreen@5a0d95e6
[23:31:39] [Render thread/INFO] (Minecraft) Resizing Dynamic Transforms UBO, capacity limit of 8 reached during a single frame. New capacity will be 16.
[23:31:39] [Render thread/INFO] (fabric-client-gametest-api-v1) World loading finished: ClientLevel screen: net.minecraft.client.gui.screens.LevelLoadingScreen@5a0d95e6
[23:31:39] [Render thread/INFO] (fabric-client-gametest-api-v1) World loading finished: ClientLevel screen: net.minecraft.client.gui.screens.LevelLoadingScreen@5a0d95e6
[23:31:39] [Render thread/INFO] (Minecraft) Resizing Chunk Sections Command Buffer, capacity limit of 2 reached during a single frame. New capacity will be 4.
[23:31:39] [Render thread/INFO] (Minecraft) Resizing Chunk Sections Instanced, capacity limit of 2 reached during a single frame. New capacity will be 4.
[23:31:39] [Render thread/INFO] (Minecraft) Resizing Chunk Sections Command Buffer, capacity limit of 4 reached during a single frame. New capacity will be 8.
[23:31:39] [Render thread/INFO] (Minecraft) Resizing Chunk Sections Instanced, capacity limit of 4 reached during a single frame. New capacity will be 8.
[23:31:39] [Render thread/INFO] (Minecraft) Resizing Chunk Sections Command Buffer, capacity limit of 8 reached during a single frame. New capacity will be 16.
[23:31:39] [Render thread/INFO] (Minecraft) Resizing Chunk Sections Instanced, capacity limit of 8 reached during a single frame. New capacity will be 16.
[23:31:39] [Render thread/INFO] (Minecraft) Resizing Chunk Sections Command Buffer, capacity limit of 16 reached during a single frame. New capacity will be 32.
[23:31:39] [Render thread/INFO] (Minecraft) Resizing Chunk Sections Instanced, capacity limit of 16 reached during a single frame. New capacity will be 32.
[23:31:39] [Render thread/INFO] (fabric-client-gametest-api-v1) World loading finished: ClientLevel screen: net.minecraft.client.gui.screens.LevelLoadingScreen@5a0d95e6
[23:31:39] [Render thread/INFO] (fabric-client-gametest-api-v1) World loading finished: ClientLevel screen: net.minecraft.client.gui.screens.LevelLoadingScreen@5a0d95e6
[23:31:39] [Render thread/INFO] (fabric-client-gametest-api-v1) World loading finished: ClientLevel screen: net.minecraft.client.gui.screens.LevelLoadingScreen@5a0d95e6
[23:31:39] [Render thread/INFO] (fabric-client-gametest-api-v1) World loading finished: ClientLevel screen: net.minecraft.client.gui.screens.LevelLoadingScreen@5a0d95e6
[23:31:39] [Render thread/INFO] (fabric-client-gametest-api-v1) World loading finished: ClientLevel screen: net.minecraft.client.gui.screens.LevelLoadingScreen@5a0d95e6
[23:31:39] [Render thread/INFO] (fabric-client-gametest-api-v1) World loading finished: ClientLevel screen: net.minecraft.client.gui.screens.LevelLoadingScreen@5a0d95e6
[23:31:39] [Render thread/INFO] (fabric-client-gametest-api-v1) World loading finished: ClientLevel screen: net.minecraft.client.gui.screens.LevelLoadingScreen@5a0d95e6
[23:31:40] [Render thread/INFO] (fabric-client-gametest-api-v1) World loading finished: ClientLevel screen: net.minecraft.client.gui.screens.LevelLoadingScreen@5a0d95e6
[23:31:40] [Render thread/INFO] (fabric-client-gametest-api-v1) World loading finished: ClientLevel screen: net.minecraft.client.gui.screens.LevelLoadingScreen@5a0d95e6
[23:31:40] [Render thread/INFO] (fabric-client-gametest-api-v1) World loading finished: ClientLevel screen: net.minecraft.client.gui.screens.LevelLoadingScreen@5a0d95e6
[23:31:40] [Render thread/INFO] (fabric-client-gametest-api-v1) World loading finished: ClientLevel screen: null
[23:31:40] [Server thread/INFO] (Minecraft) System chat: Game rule send_command_feedback is now set to false
[23:31:40] [Server thread/INFO] (Minecraft) System chat: Game rule advance_time is already set to false
[23:31:40] [Server thread/INFO] (Minecraft) System chat: Set Player0's game mode to Creative Mode
[23:31:40] [Server thread/INFO] (Minecraft) System chat: Set minecraft:overworld to 4000 tick(s)
[23:31:40] [Server thread/INFO] (Minecraft) System chat: Set the weather to clear
[23:31:40] [Server thread/INFO] (Minecraft) System chat: Successfully filled 441 block(s)
[23:31:40] [Server thread/INFO] (Minecraft) System chat: Successfully filled 384 block(s)
[23:31:40] [Server thread/INFO] (Minecraft) System chat: Successfully filled 20 block(s)
[23:31:40] [Server thread/INFO] (Minecraft) System chat: Successfully filled 6 block(s)
[23:31:40] [Server thread/INFO] (Minecraft) System chat: Successfully filled 75 block(s)
[23:31:40] [Server thread/INFO] (Minecraft) System chat: Successfully filled 15 block(s)
[23:31:40] [Server thread/INFO] (Minecraft) System chat: Changed the block at -1, -59, 2
[23:31:40] [Server thread/INFO] (Minecraft) System chat: Summoned new Pig
[23:31:40] [Server thread/INFO] (Minecraft) System chat: Gave 1 [Diamond Sword] to Player0
[23:31:40] [Server thread/INFO] (Minecraft) System chat: Successfully filled 150 block(s)
[23:31:40] [Server thread/INFO] (Minecraft) System chat: Teleported Player0 to 11.500000, -54.000000, 14.500000
[23:31:40] [Render thread/INFO] (Minecraft) Resizing Chunk Sections Command Buffer, capacity limit of 32 reached during a single frame. New capacity will be 64.
[23:31:40] [Render thread/INFO] (Minecraft) Resizing Chunk Sections Instanced, capacity limit of 32 reached during a single frame. New capacity will be 64.
[23:31:40] [Render thread/INFO] (Minecraft) Resizing Chunk Sections Command Buffer, capacity limit of 64 reached during a single frame. New capacity will be 128.
[23:31:41] [Render thread/INFO] (Minecraft) Resizing Chunk Sections Instanced, capacity limit of 64 reached during a single frame. New capacity will be 128.
[23:31:42] [Render thread/INFO] (Minecraft) Resizing Chunk Sections Command Buffer, capacity limit of 128 reached during a single frame. New capacity will be 256.
[23:31:42] [Render thread/INFO] (Minecraft) Resizing Chunk Sections Instanced, capacity limit of 128 reached during a single frame. New capacity will be 256.
[23:31:46] [Render thread/INFO] (Minecraft) Resizing Chunk Sections Command Buffer, capacity limit of 256 reached during a single frame. New capacity will be 512.
[23:31:46] [Render thread/INFO] (Minecraft) Resizing Chunk Sections Instanced, capacity limit of 256 reached during a single frame. New capacity will be 512.
[23:31:46] [Test thread/INFO] (Minecraft) [STDOUT]: Shader visual evidence: <repository>/shader-loader/build/run/clientGameTest/screenshots/01-bsl-day-water-glass-shadow.png
[23:31:47] [Render thread/INFO] (Minecraft) [STDOUT]: Shader image diagnostics 01-bsl-day-water-glass-shadow:
Native texture row 0 appears at image top; these diagnostics are not presentation-flipped.
shadowtex0 D32_FLOAT 2048x2048 min=0.487378627 max=1.000000000 nonFinite=0 nonClear=2183830/4194304 drawnMin=0.487378627 drawnMax=0.515968800
depthtex0 D32_FLOAT 960x600 min=0.551013589 max=1.000000000 nonFinite=0 nonClear=463169/576000 drawnMin=0.551013589 drawnMax=0.999509454
colortex0 RG11B10_FLOAT 960x600 min=0.000029564 max=2.000000000 nonFinite=0
shadowcolor0 RGBA8_UNORM 2048x2048 min=0.000000000 max=1.000000000 nonFinite=0
Submitted feature tags: {DrawTag[kind=NONE, entityId=-1, blockEntityId=-1, red=0.0, green=0.0, blue=0.0, alpha=0.0, shadowOnly=false]=3, DrawTag[kind=ENTITY, entityId=-1, blockEntityId=-1, red=0.0, green=0.0, blue=0.0, alpha=0.0, shadowOnly=false]=2, DrawTag[kind=ENTITY, entityId=-1, blockEntityId=-1, red=0.0, green=0.0, blue=0.0, alpha=0.0, shadowOnly=true]=3}
Shadow projection: [0.00390625, 0.0, 0.0, 0.0, 0.0, 0.00390625, 0.0, 0.0, 0.0, 0.0, -0.0019532205, 0.0, -0.0, -0.0, -1.0000978, 1.0]
Shadow model view: [0.8459399, -0.3786123, 0.37555084, 0.0, 0.0, 0.70423055, 0.7099714, 0.0, -0.5332782, -0.60059315, 0.59573674, 0.0, 1.002286, 0.27263838, -509.98865, 1.0]
Sun world direction: ( 3.756E-1  7.100E-1  5.957E-1)
Shadow world direction: ( 3.756E-1  7.100E-1  5.957E-1)

[23:31:47] [Server thread/INFO] (Minecraft) System chat: Displaying particle minecraft:flame
[23:31:47] [Test thread/INFO] (Minecraft) [STDOUT]: Shader visual evidence: <repository>/shader-loader/build/run/clientGameTest/screenshots/02-bsl-particles.png
[23:31:48] [Server thread/WARN] (Minecraft) Can't keep up! Is the server overloaded? Running 2915ms or 58 ticks behind
[23:31:49] [Test thread/INFO] (Minecraft) [STDOUT]: Shader visual evidence: <repository>/shader-loader/build/run/clientGameTest/screenshots/03-bsl-movement-history.png
[23:31:49] [Server thread/INFO] (Minecraft) System chat: Set minecraft:overworld to time marker minecraft:midnight
[23:31:51] [Render thread/INFO] (Minecraft) Resizing Dynamic Transforms UBO, capacity limit of 16 reached during a single frame. New capacity will be 32.
[23:31:51] [Test thread/INFO] (Minecraft) [STDOUT]: Shader visual evidence: <repository>/shader-loader/build/run/clientGameTest/screenshots/04-bsl-night.png
[23:31:52] [Render thread/INFO] (Minecraft) [STDOUT]: Shader image diagnostics 04-bsl-night:
Native texture row 0 appears at image top; these diagnostics are not presentation-flipped.
shadowtex0 D32_FLOAT 2048x2048 min=0.490095526 max=1.000000000 nonFinite=0 nonClear=2232157/4194304 drawnMin=0.490095526 drawnMax=0.512192369
depthtex0 D32_FLOAT 960x600 min=0.551016569 max=1.000000000 nonFinite=0 nonClear=466390/576000 drawnMin=0.551016569 drawnMax=0.999490678
colortex0 RG11B10_FLOAT 960x600 min=0.000014305 max=1.406250000 nonFinite=0
shadowcolor0 RGBA8_UNORM 2048x2048 min=0.000000000 max=1.000000000 nonFinite=0
Submitted feature tags: {DrawTag[kind=NONE, entityId=-1, blockEntityId=-1, red=0.0, green=0.0, blue=0.0, alpha=0.0, shadowOnly=false]=3, DrawTag[kind=ENTITY, entityId=-1, blockEntityId=-1, red=0.0, green=0.0, blue=0.0, alpha=0.0, shadowOnly=true]=3, DrawTag[kind=ENTITY, entityId=-1, blockEntityId=-1, red=0.0, green=0.0, blue=0.0, alpha=0.0, shadowOnly=false]=2}
Shadow projection: [0.00390625, 0.0, 0.0, 0.0, 0.0, 0.00390625, 0.0, 0.0, 0.0, 0.0, -0.0019532205, 0.0, -0.0, -0.0, -1.0000978, 1.0]
Shadow model view: [1.0, 2.0837287E-7, -1.7484557E-7, 0.0, -0.0, 0.64278764, 0.76604456, 0.0, 2.7201142E-7, -0.76604456, 0.64278764, 0.0, 1.6448663, -0.37648976, -509.56937, 1.0]
Sun world direction: ( 8.742E-8 -7.660E-1 -6.428E-1)
Shadow world direction: (-1.748E-7  7.660E-1  6.428E-1)

[23:31:52] [Server thread/INFO] (Minecraft) System chat: Set minecraft:overworld to 4000 tick(s)
[23:31:52] [Server thread/INFO] (Minecraft) System chat: Set the weather to rain
[23:31:55] [Test thread/INFO] (Minecraft) [STDOUT]: Shader visual evidence: <repository>/shader-loader/build/run/clientGameTest/screenshots/05-bsl-rain.png
[23:31:55] [Render thread/INFO] (minecraft_shader_loader) Pack BSL_v10.1.8.zip initialized in minecraft:overworld at 1280x720
[23:31:57] [Test thread/INFO] (Minecraft) [STDOUT]: Shader visual evidence: <repository>/shader-loader/build/run/clientGameTest/screenshots/06-bsl-resized.png
[23:31:57] [Render thread/INFO] (Minecraft) Reloading ResourceManager: vanilla, vanilla, fabric-advancement-api-v1, fabric-api, fabric-api-base, fabric-api-lookup-api-v1, fabric-biome-api-v1, fabric-block-api-v1, fabric-block-getter-api-v2, fabric-client-gametest-api-v1, fabric-command-api-v2, fabric-content-registries-v0, fabric-convention-tags-v2, fabric-crash-report-info-v1, fabric-creative-tab-api-v1, fabric-data-attachment-api-v1, fabric-data-generation-api-v1, fabric-debug-api-v1, fabric-dimensions-v1, fabric-entity-events-v1, fabric-events-interaction-v0, fabric-game-rule-api-v1, fabric-gametest-api-v1, fabric-item-api-v1, fabric-key-mapping-api-v1, fabric-lifecycle-events-v1, fabric-loot-api-v3, fabric-menu-api-v1, fabric-message-api-v1, fabric-model-loading-api-v1, fabric-networking-api-v1, fabric-object-builder-api-v1, fabric-particles-v1, fabric-permission-api-v1, fabric-recipe-api-v1, fabric-registry-sync-v0, fabric-renderer-api-v1, fabric-renderer-indigo, fabric-rendering-fluids-v1, fabric-rendering-v1, fabric-resource-conditions-api-v1, fabric-resource-loader-v0, fabric-resource-loader-v1, fabric-screen-api-v1, fabric-serialization-api-v1, fabric-sound-api-v1, fabric-tag-api-v1, fabric-transfer-api-v1, fabric-transitive-access-wideners-v1, fabricloader
[23:31:57] [Server thread/INFO] (Minecraft) Saving and pausing game...
[23:31:57] [Worker-Main-9/INFO] (Minecraft) Found unifont_all_no_pua-17.0.01.hex, loading
[23:31:57] [Worker-Main-4/INFO] (Minecraft) Found unifont_pua-17.0.01.hex, loading
[23:31:57] [Server thread/INFO] (Minecraft) Saving chunks for level 'ServerLevel[Shader pack disposable validation]'/minecraft:overworld
[23:31:57] [Server thread/INFO] (Minecraft) Saving chunks for level 'ServerLevel[Shader pack disposable validation]'/minecraft:the_nether
[23:31:57] [Server thread/INFO] (Minecraft) Saving chunks for level 'ServerLevel[Shader pack disposable validation]'/minecraft:the_end
[23:31:57] [Worker-Main-9/INFO] (Minecraft) Found unifont_jp_patch-17.0.01.hex, loading
[23:31:57] [Render thread/INFO] (Minecraft) OpenAL initialized on device MacBook Pro Speakers
[23:31:57] [Render thread/INFO] (Minecraft) Sound engine started
[23:31:57] [Render thread/INFO] (Minecraft) Created: 512x256x0 minecraft:textures/atlas/particles.png-atlas
[23:31:57] [Render thread/INFO] (Minecraft) Created: 256x128x0 minecraft:textures/atlas/celestials.png-atlas
[23:31:57] [Render thread/INFO] (Minecraft) Created: 128x128x0 minecraft:textures/atlas/decorated_pot.png-atlas
[23:31:57] [Render thread/INFO] (Minecraft) Created: 512x256x0 minecraft:textures/atlas/paintings.png-atlas
[23:31:57] [Render thread/INFO] (Minecraft) Created: 1024x512x0 minecraft:textures/atlas/shield_patterns.png-atlas
[23:31:57] [Render thread/INFO] (Minecraft) Created: 1024x512x0 minecraft:textures/atlas/banner_patterns.png-atlas
[23:31:57] [Render thread/INFO] (Minecraft) Created: 2048x2048x4 minecraft:textures/atlas/blocks.png-atlas
[23:31:58] [Render thread/INFO] (Minecraft) Created: 1024x512x0 minecraft:textures/atlas/items.png-atlas
[23:31:58] [Render thread/INFO] (Minecraft) Created: 1024x1024x0 minecraft:textures/atlas/gui.png-atlas
[23:31:58] [Render thread/INFO] (Minecraft) Created: 128x64x0 minecraft:textures/atlas/map_decorations.png-atlas
[23:31:58] [Render thread/INFO] (Minecraft) Created: 512x512x0 minecraft:textures/atlas/chest.png-atlas
[23:31:58] [Render thread/INFO] (Minecraft) Created: 512x512x0 minecraft:textures/atlas/shulker_boxes.png-atlas
[23:31:58] [Render thread/WARN] (Minecraft) Requested post effect does not exist: minecraft:end_of_frame
[23:32:00] [Test thread/INFO] (Minecraft) [STDOUT]: Shader visual evidence: <repository>/shader-loader/build/run/clientGameTest/screenshots/07-bsl-resource-reload.png
[23:32:00] [Server thread/INFO] (Minecraft) System chat: Set the weather to clear
[23:32:00] [Server thread/INFO] (Minecraft) System chat: Set Player0's game mode to Spectator Mode
[23:32:00] [Server thread/INFO] (Minecraft) System chat: Teleported Player0 to -4.500000, -62.500000, 0.500000
[23:32:02] [Test thread/INFO] (Minecraft) [STDOUT]: Shader visual evidence: <repository>/shader-loader/build/run/clientGameTest/screenshots/08-bsl-underwater.png
[23:32:02] [Server thread/INFO] (Minecraft) System chat: Teleported Player0 to 11.500000, -54.000000, 14.500000
[23:32:02] [Server thread/INFO] (Minecraft) System chat: Set Player0's game mode to Creative Mode
[23:32:02] [Server thread/INFO] (Minecraft) System chat: Changed the block at 0, -59, 0
[23:32:02] [Server thread/INFO] (Minecraft) System chat: Changed the block at -1, -59, -1
[23:32:02] [Server thread/INFO] (Minecraft) System chat: Summoned new End Crystal
[23:32:05] [Test thread/INFO] (Minecraft) [STDOUT]: Shader visual evidence: <repository>/shader-loader/build/run/clientGameTest/screenshots/09-bsl-block-entities-portal.png
[23:32:05] [Render thread/INFO] (Minecraft) [STDOUT]: Shader image diagnostics 09-bsl-block-entities-portal:
Native texture row 0 appears at image top; these diagnostics are not presentation-flipped.
shadowtex0 D32_FLOAT 2048x2048 min=0.487378627 max=1.000000000 nonFinite=0 nonClear=2202581/4194304 drawnMin=0.487378627 drawnMax=0.517183840
depthtex0 D32_FLOAT 1280x720 min=0.549739122 max=1.000000000 nonFinite=0 nonClear=737934/921600 drawnMin=0.549739122 drawnMax=0.999515295
colortex0 RG11B10_FLOAT 1280x720 min=0.000056267 max=1.968750000 nonFinite=0
shadowcolor0 RGBA8_UNORM 2048x2048 min=0.000000000 max=1.000000000 nonFinite=0
Submitted feature tags: {DrawTag[kind=BLOCK_ENTITY, entityId=-1, blockEntityId=-1, red=0.0, green=0.0, blue=0.0, alpha=0.0, shadowOnly=false]=1, DrawTag[kind=ENTITY, entityId=-1, blockEntityId=-1, red=0.0, green=0.0, blue=0.0, alpha=0.0, shadowOnly=false]=2, DrawTag[kind=ENTITY, entityId=10102, blockEntityId=-1, red=0.0, green=0.0, blue=0.0, alpha=0.0, shadowOnly=false]=1, DrawTag[kind=ENTITY, entityId=-1, blockEntityId=-1, red=0.0, green=0.0, blue=0.0, alpha=0.0, shadowOnly=true]=3, DrawTag[kind=NONE, entityId=-1, blockEntityId=-1, red=0.0, green=0.0, blue=0.0, alpha=0.0, shadowOnly=false]=3, DrawTag[kind=BLOCK_ENTITY, entityId=-1, blockEntityId=25200, red=0.0, green=0.0, blue=0.0, alpha=0.0, shadowOnly=false]=1}
Shadow projection: [0.00390625, 0.0, 0.0, 0.0, 0.0, 0.00390625, 0.0, 0.0, 0.0, 0.0, -0.0019532205, 0.0, -0.0, -0.0, -1.0000978, 1.0]
Shadow model view: [0.8459399, -0.3786123, 0.37555084, 0.0, 0.0, 0.70423055, 0.7099714, 0.0, -0.5332782, -0.60059315, 0.59573674, 0.0, 1.002286, 0.27263838, -509.98865, 1.0]
Sun world direction: ( 3.756E-1  7.100E-1  5.957E-1)
Shadow world direction: ( 3.756E-1  7.100E-1  5.957E-1)

[23:32:05] [Server thread/INFO] (Minecraft) System chat: Applied 1.0 damage to Pig
[23:32:06] [Test thread/INFO] (Minecraft) [STDOUT]: Shader visual evidence: <repository>/shader-loader/build/run/clientGameTest/screenshots/10-bsl-hurt-entity.png
[23:32:06] [Render thread/INFO] (Minecraft) [STDOUT]: Shader image diagnostics 10-bsl-hurt-entity:
Native texture row 0 appears at image top; these diagnostics are not presentation-flipped.
shadowtex0 D32_FLOAT 2048x2048 min=0.487378627 max=1.000000000 nonFinite=0 nonClear=2202581/4194304 drawnMin=0.487378627 drawnMax=0.517183840
depthtex0 D32_FLOAT 1280x720 min=0.549744129 max=1.000000000 nonFinite=0 nonClear=737565/921600 drawnMin=0.549744129 drawnMax=0.999516726
colortex0 RG11B10_FLOAT 1280x720 min=0.000050545 max=1.968750000 nonFinite=0
shadowcolor0 RGBA8_UNORM 2048x2048 min=0.000000000 max=1.000000000 nonFinite=0
Submitted feature tags: {DrawTag[kind=ENTITY, entityId=-1, blockEntityId=-1, red=1.0, green=0.0, blue=0.0, alpha=0.3019608, shadowOnly=false]=1, DrawTag[kind=NONE, entityId=-1, blockEntityId=-1, red=0.0, green=0.0, blue=0.0, alpha=0.0, shadowOnly=false]=3, DrawTag[kind=BLOCK_ENTITY, entityId=-1, blockEntityId=-1, red=0.0, green=0.0, blue=0.0, alpha=0.0, shadowOnly=false]=1, DrawTag[kind=ENTITY, entityId=10102, blockEntityId=-1, red=0.0, green=0.0, blue=0.0, alpha=0.0, shadowOnly=false]=1, DrawTag[kind=ENTITY, entityId=-1, blockEntityId=-1, red=0.0, green=0.0, blue=0.0, alpha=0.0, shadowOnly=true]=3, DrawTag[kind=BLOCK_ENTITY, entityId=-1, blockEntityId=25200, red=0.0, green=0.0, blue=0.0, alpha=0.0, shadowOnly=false]=1, DrawTag[kind=ENTITY, entityId=-1, blockEntityId=-1, red=0.0, green=0.0, blue=0.0, alpha=0.0, shadowOnly=false]=1}
Shadow projection: [0.00390625, 0.0, 0.0, 0.0, 0.0, 0.00390625, 0.0, 0.0, 0.0, 0.0, -0.0019532205, 0.0, -0.0, -0.0, -1.0000978, 1.0]
Shadow model view: [0.8459399, -0.3786123, 0.37555084, 0.0, 0.0, 0.70423055, 0.7099714, 0.0, -0.5332782, -0.60059315, 0.59573674, 0.0, 1.002286, 0.27263838, -509.98865, 1.0]
Sun world direction: ( 3.756E-1  7.100E-1  5.957E-1)
Shadow world direction: ( 3.756E-1  7.100E-1  5.957E-1)

[23:32:06] [Server thread/WARN] (Minecraft) Can't keep up! Is the server overloaded? Running 2573ms or 51 ticks behind
[23:32:12] [Test thread/INFO] (Minecraft) [STDOUT]: Shader visual evidence: <repository>/shader-loader/build/run/clientGameTest/screenshots/11-bsl-beacon-boat-leash.png
[23:32:12] [Render thread/INFO] (Minecraft) [STDOUT]: Shader feature fixture executed real geometry pipelines: [leash, beacon_beam_opaque, water_mask, beacon_beam_translucent]
[23:32:12] [Server thread/INFO] (Minecraft) Player0 lost connection: Disconnected
[23:32:12] [Server thread/INFO] (Minecraft) System chat: Player0 left the game
[23:32:12] [Server thread/INFO] (Minecraft) Stopping singleplayer server as player logged out
[23:32:12] [Server thread/INFO] (Minecraft) Stopping server
[23:32:12] [Server thread/INFO] (Minecraft) Saving players
[23:32:12] [Server thread/INFO] (Minecraft) Saving worlds
[23:32:12] [Server thread/INFO] (Minecraft) Saving chunks for level 'ServerLevel[Shader pack disposable validation]'/minecraft:overworld
[23:32:12] [Server thread/INFO] (Minecraft) Saving chunks for level 'ServerLevel[Shader pack disposable validation]'/minecraft:the_nether
[23:32:12] [Server thread/INFO] (Minecraft) Saving chunks for level 'ServerLevel[Shader pack disposable validation]'/minecraft:the_end
[23:32:13] [Test thread/INFO] (Minecraft) [STDOUT]: Shader visual evidence: <repository>/shader-loader/build/run/clientGameTest/screenshots/12-bsl-menu.png
[23:32:13] [Render thread/INFO] (Minecraft) Stopping!

> Task :shader-loader:runClientNaturalGameTest
[23:32:13] [main/INFO] (FabricLoader/GameProvider) Loading Minecraft 26.3 with Fabric Loader 0.19.5
[23:32:13] [main/INFO] (FabricLoader/Mappings) Mappings not present!
[23:32:13] [main/INFO] (FabricLoader) Loading 54 mods:
	- fabric-advancement-api-v1 1.0.0+38c7a2d55d
	- fabric-api 0.161.0+26.3
	- fabric-api-base 2.0.6+fcdff87f5d
	- fabric-api-lookup-api-v1 2.0.24+3434d6d95d
	- fabric-biome-api-v1 20.0.9+74ed1ea55d
	- fabric-block-api-v1 3.1.0+0ae6f9115d
	- fabric-block-getter-api-v2 2.0.9+3434d6d95d
	- fabric-client-gametest-api-v1 6.0.7+4be74c3f5d
	- fabric-command-api-v2 3.1.2+fcdff87f5d
	- fabric-content-registries-v0 15.0.4+74ed1ea55d
	- fabric-convention-tags-v2 4.10.3+6b5b47fd5d
	- fabric-crash-report-info-v1 1.0.7+fcdff87f5d
	- fabric-creative-tab-api-v1 5.0.21+fcdff87f5d
	- fabric-data-attachment-api-v1 2.2.30+3434d6d95d
	- fabric-data-generation-api-v1 27.2.4+427eab975d
	- fabric-debug-api-v1 1.0.4+3434d6d95d
	- fabric-dimensions-v1 5.1.19+47f74c985d
	- fabric-entity-events-v1 6.0.4+3434d6d95d
	- fabric-events-interaction-v0 5.3.6+3434d6d95d
	- fabric-game-rule-api-v1 4.0.10+3434d6d95d
	- fabric-gametest-api-v1 4.0.32+3434d6d95d
	- fabric-item-api-v1 14.7.0+cf6bc2db5d
	- fabric-key-mapping-api-v1 2.0.8+3434d6d95d
	- fabric-lifecycle-events-v1 4.1.9+ffef5f675d
	- fabric-loot-api-v3 4.0.8+4068fd645d
	- fabric-menu-api-v1 2.0.27+ed66f0a35d
	- fabric-message-api-v1 7.0.10+3434d6d95d
	- fabric-model-loading-api-v1 8.0.35+fcdff87f5d
	- fabric-networking-api-v1 6.3.8+fcdff87f5d
	- fabric-object-builder-api-v1 24.1.9+3434d6d95d
	- fabric-particles-v1 5.0.24+3434d6d95d
	- fabric-permission-api-v1 1.0.8+fcdff87f5d
	- fabric-recipe-api-v1 10.0.8+fcdff87f5d
	- fabric-registry-sync-v0 8.0.1+fcdff87f5d
	- fabric-renderer-api-v1 17.0.15+79385d0b5d
	- fabric-renderer-indigo 9.1.23+b9d63e335d
	- fabric-rendering-fluids-v1 6.0.6+3434d6d95d
	- fabric-rendering-v1 27.0.14+901a437c5d
	- fabric-resource-conditions-api-v1 6.1.5+3434d6d95d
	- fabric-resource-loader-v0 3.3.26+4fc5413f5d
	- fabric-resource-loader-v1 3.0.4+fcdff87f5d
	- fabric-screen-api-v1 5.2.4+48607d035d
	- fabric-serialization-api-v1 2.0.7+74ed1ea55d
	- fabric-sound-api-v1 2.0.7+3434d6d95d
	- fabric-tag-api-v1 2.1.10+fcdff87f5d
	- fabric-transfer-api-v1 8.0.25+fcdff87f5d
	- fabric-transitive-access-wideners-v1 8.1.16+52268a0e5d
	- fabricloader 0.19.5
	- java 26
	- minecraft 26.3
	- minecraft_metal 0.2.1
	- minecraft_shader_loader 0.1.0
	- minecraft_shader_loader_gametest 1.0.0
	- mixinextras 0.5.5
[23:32:13] [main/INFO] (FabricLoader/Mixin) SpongePowered MIXIN Subsystem Version=0.8.7 Source=file:<home>/.gradle/caches/modules-2/files-2.1/net.fabricmc/sponge-mixin/0.17.4+mixin.0.8.7/5f66cc9f59b8efaa942155a3d5a30599bf6640dd/sponge-mixin-0.17.4+mixin.0.8.7.jar Service=Knot/Fabric Env=CLIENT
[23:32:14] [main/INFO] (FabricLoader/MixinExtras|Service) Initializing MixinExtras via com.llamalad7.mixinextras.service.MixinExtrasServiceImpl(version=0.5.5).
[23:32:15] [Datafixer Bootstrap #0/INFO] (Minecraft) 307 Datafixer optimizations took 179 milliseconds
[23:32:18] [Render thread/INFO] (Minecraft) Environment: Environment[discoveryUrl=https://discovery.minecraftservices.com/minecraft/client, name=PROD]
[23:32:18] [Render thread/INFO] (Minecraft) Setting user: Player0
[23:32:18] [Render thread/INFO] (minecraft_metal) Native Metal backend selected. Use -Dmetal.enabled=false to use Minecraft's graphics setting.
[23:32:18] [Render thread/INFO] (minecraft_shader_loader) Selected shader pack BSL_v10.1.8.zip with 35723 cached block states; render programs initialize when entering a world.
[23:32:18] [Render thread/INFO] (Indigo) [Indigo] Registering Indigo renderer!
[23:32:18] [Render thread/ERROR] (Minecraft) Illegal option value 0 for Anisotropic Filtering
[23:32:18] [Render thread/INFO] (Minecraft) Backend library: LWJGL version 3.4.3-snapshot
[23:32:18] [Render thread/INFO] (Minecraft) SDL [SYSTEM]: App name: Minecraft
[23:32:18] [Render thread/INFO] (Minecraft) SDL [SYSTEM]: App version: 26.3
[23:32:18] [Render thread/INFO] (Minecraft) SDL [SYSTEM]: App ID: com.mojang.minecraft
[23:32:18] [Render thread/INFO] (Minecraft) SDL [SYSTEM]: SDL revision: SDL-3.4.14-62f10da
2026-10-02 23:32:18.717 java[8667:9202755] Metal API Validation Enabled
[23:32:18] [Render thread/WARN] (Minecraft) Device [Apple M3 Pro] supports all extensions from FeatureSet [Vulkan Portability Subset], making required
[23:32:18] [Render thread/INFO] (MinecraftMetal) Metal device created: Apple M3 Pro. Native SDL presentation, no OpenGL context.
[23:32:18] [Render thread/INFO] (Minecraft) Using graphics backend Metal, using drivers: 26.5.2
[23:32:18] [Render thread/INFO] (Minecraft) Using graphics device: Apple M3 Pro (Apple)
[23:32:18] [Render thread/INFO] (Minecraft) Using graphics device extensions: SPIRV-Cross, MSL, CAMetalLayer
[23:32:18] [Render thread/INFO] (Minecraft) Created window using SDL video driver: cocoa
[23:32:19] [Download-2/INFO] (Minecraft) Could not authorize you against Realms server: java.lang.RuntimeException: Failed to parse into SignedJWT: FabricMC
[23:32:20] [Render thread/INFO] (Minecraft) Reloading ResourceManager: vanilla, vanilla, fabric-advancement-api-v1, fabric-api, fabric-api-base, fabric-api-lookup-api-v1, fabric-biome-api-v1, fabric-block-api-v1, fabric-block-getter-api-v2, fabric-client-gametest-api-v1, fabric-command-api-v2, fabric-content-registries-v0, fabric-convention-tags-v2, fabric-crash-report-info-v1, fabric-creative-tab-api-v1, fabric-data-attachment-api-v1, fabric-data-generation-api-v1, fabric-debug-api-v1, fabric-dimensions-v1, fabric-entity-events-v1, fabric-events-interaction-v0, fabric-game-rule-api-v1, fabric-gametest-api-v1, fabric-item-api-v1, fabric-key-mapping-api-v1, fabric-lifecycle-events-v1, fabric-loot-api-v3, fabric-menu-api-v1, fabric-message-api-v1, fabric-model-loading-api-v1, fabric-networking-api-v1, fabric-object-builder-api-v1, fabric-particles-v1, fabric-permission-api-v1, fabric-recipe-api-v1, fabric-registry-sync-v0, fabric-renderer-api-v1, fabric-renderer-indigo, fabric-rendering-fluids-v1, fabric-rendering-v1, fabric-resource-conditions-api-v1, fabric-resource-loader-v0, fabric-resource-loader-v1, fabric-screen-api-v1, fabric-serialization-api-v1, fabric-sound-api-v1, fabric-tag-api-v1, fabric-transfer-api-v1, fabric-transitive-access-wideners-v1, fabricloader
[23:32:20] [Worker-Main-9/INFO] (Minecraft) Found unifont_all_no_pua-17.0.01.hex, loading
[23:32:20] [Worker-Main-2/INFO] (Minecraft) Found unifont_pua-17.0.01.hex, loading
[23:32:20] [Worker-Main-8/INFO] (Minecraft) Found unifont_jp_patch-17.0.01.hex, loading
[23:32:21] [Render thread/INFO] (Minecraft) OpenAL initialized on device MacBook Pro Speakers
[23:32:21] [Render thread/INFO] (Minecraft) Sound engine started
[23:32:21] [Render thread/INFO] (Minecraft) Created: 512x256x0 minecraft:textures/atlas/particles.png-atlas
[23:32:21] [Render thread/INFO] (Minecraft) Created: 256x128x0 minecraft:textures/atlas/celestials.png-atlas
[23:32:21] [Render thread/INFO] (Minecraft) Created: 128x128x0 minecraft:textures/atlas/decorated_pot.png-atlas
[23:32:21] [Render thread/INFO] (Minecraft) Created: 512x256x0 minecraft:textures/atlas/paintings.png-atlas
[23:32:21] [Render thread/INFO] (Minecraft) Created: 1024x512x0 minecraft:textures/atlas/shield_patterns.png-atlas
[23:32:21] [Render thread/INFO] (Minecraft) Created: 1024x512x0 minecraft:textures/atlas/banner_patterns.png-atlas
[23:32:21] [Render thread/INFO] (Minecraft) Created: 2048x2048x4 minecraft:textures/atlas/blocks.png-atlas
[23:32:21] [Render thread/INFO] (Minecraft) Created: 1024x512x0 minecraft:textures/atlas/items.png-atlas
[23:32:21] [Render thread/INFO] (Minecraft) Created: 1024x1024x0 minecraft:textures/atlas/gui.png-atlas
[23:32:21] [Render thread/INFO] (Minecraft) Created: 128x64x0 minecraft:textures/atlas/map_decorations.png-atlas
[23:32:21] [Render thread/INFO] (Minecraft) Created: 512x512x0 minecraft:textures/atlas/chest.png-atlas
[23:32:21] [Render thread/INFO] (Minecraft) Created: 512x512x0 minecraft:textures/atlas/shulker_boxes.png-atlas
[23:32:21] [Download-2/INFO] (Minecraft) Could not authorize you against Realms server: java.lang.RuntimeException: Failed to parse into SignedJWT: FabricMC
[23:32:24] [Worker-Main-10/INFO] (Minecraft) Loaded 1866 advancements
[23:32:24] [Render thread/INFO] (fabric-client-gametest-api-v1) World loading finished: null screen: net.minecraft.client.gui.screens.GenericMessageScreen@5b24e658
[23:32:24] [Render thread/INFO] (BiomeModificationImpl) Applied 0 biome modifications to 0 of 67 new biomes in 669.3 μs
[23:32:24] [Server thread/INFO] (Minecraft) Starting integrated minecraft server version 26.3
[23:32:24] [Server thread/INFO] (Minecraft) Generating keypair
[23:32:24] [Server thread/INFO] (Minecraft) Selecting global world spawn...
[23:32:26] [Server thread/INFO] (Minecraft) Loading 0 persistent chunks...
[23:32:26] [Server thread/INFO] (Minecraft) Preparing spawn area: 16%
[23:32:26] [Server thread/INFO] (Minecraft) Saving chunks for level 'ServerLevel[Shader natural terrain validation]'/minecraft:overworld
[23:32:26] [Server thread/INFO] (Minecraft) Saving chunks for level 'ServerLevel[Shader natural terrain validation]'/minecraft:the_nether
[23:32:26] [Server thread/INFO] (Minecraft) Saving chunks for level 'ServerLevel[Shader natural terrain validation]'/minecraft:the_end
[23:32:26] [Render thread/INFO] (fabric-client-gametest-api-v1) World loading finished: null screen: net.minecraft.client.gui.screens.LevelLoadingScreen@20d46df7
[23:32:26] [Render thread/INFO] (fabric-client-gametest-api-v1) World loading finished: null screen: net.minecraft.client.gui.screens.LevelLoadingScreen@20d46df7
[23:32:26] [Render thread/INFO] (fabric-client-gametest-api-v1) World loading finished: null screen: net.minecraft.client.gui.screens.LevelLoadingScreen@20d46df7
[23:32:26] [Render thread/INFO] (fabric-client-gametest-api-v1) World loading finished: null screen: net.minecraft.client.gui.screens.LevelLoadingScreen@20d46df7
[23:32:26] [Render thread/INFO] (fabric-client-gametest-api-v1) World loading finished: null screen: net.minecraft.client.gui.screens.LevelLoadingScreen@20d46df7
[23:32:26] [Render thread/INFO] (fabric-client-gametest-api-v1) World loading finished: null screen: net.minecraft.client.gui.screens.LevelLoadingScreen@20d46df7
[23:32:26] [Render thread/INFO] (fabric-client-gametest-api-v1) World loading finished: null screen: net.minecraft.client.gui.screens.LevelLoadingScreen@20d46df7
[23:32:26] [Render thread/INFO] (fabric-client-gametest-api-v1) World loading finished: null screen: net.minecraft.client.gui.screens.LevelLoadingScreen@20d46df7
[23:32:26] [Render thread/INFO] (fabric-client-gametest-api-v1) World loading finished: null screen: net.minecraft.client.gui.screens.LevelLoadingScreen@20d46df7
[23:32:26] [Render thread/INFO] (fabric-client-gametest-api-v1) World loading finished: null screen: net.minecraft.client.gui.screens.LevelLoadingScreen@20d46df7
[23:32:26] [Render thread/INFO] (fabric-client-gametest-api-v1) World loading finished: null screen: net.minecraft.client.gui.screens.LevelLoadingScreen@20d46df7
[23:32:26] [Render thread/INFO] (fabric-client-gametest-api-v1) World loading finished: null screen: net.minecraft.client.gui.screens.LevelLoadingScreen@20d46df7
[23:32:26] [Render thread/INFO] (fabric-client-gametest-api-v1) World loading finished: null screen: net.minecraft.client.gui.screens.LevelLoadingScreen@20d46df7
[23:32:26] [Render thread/INFO] (fabric-client-gametest-api-v1) World loading finished: null screen: net.minecraft.client.gui.screens.LevelLoadingScreen@20d46df7
[23:32:26] [Server thread/INFO] (Minecraft) Loading 47 chunks for player spawn...
[23:32:26] [Server thread/INFO] (Minecraft) Preparing spawn area: 16%
[23:32:26] [Render thread/INFO] (fabric-client-gametest-api-v1) World loading finished: null screen: net.minecraft.client.gui.screens.LevelLoadingScreen@20d46df7
[23:32:26] [Server thread/INFO] (Minecraft) Preparing spawn area: 16%
[23:32:26] [Render thread/INFO] (fabric-client-gametest-api-v1) World loading finished: null screen: net.minecraft.client.gui.screens.LevelLoadingScreen@20d46df7
[23:32:26] [Server thread/INFO] (Minecraft) Preparing spawn area: 16%
[23:32:26] [Render thread/INFO] (fabric-client-gametest-api-v1) World loading finished: null screen: net.minecraft.client.gui.screens.LevelLoadingScreen@20d46df7
[23:32:26] [Server thread/INFO] (Minecraft) Preparing spawn area: 16%
[23:32:27] [Render thread/INFO] (fabric-client-gametest-api-v1) World loading finished: null screen: net.minecraft.client.gui.screens.LevelLoadingScreen@20d46df7
[23:32:27] [Render thread/INFO] (fabric-client-gametest-api-v1) World loading finished: null screen: net.minecraft.client.gui.screens.LevelLoadingScreen@20d46df7
[23:32:27] [Render thread/INFO] (fabric-client-gametest-api-v1) World loading finished: null screen: net.minecraft.client.gui.screens.LevelLoadingScreen@20d46df7
[23:32:27] [Render thread/INFO] (fabric-client-gametest-api-v1) World loading finished: null screen: net.minecraft.client.gui.screens.LevelLoadingScreen@20d46df7
[23:32:27] [Render thread/INFO] (fabric-client-gametest-api-v1) World loading finished: null screen: net.minecraft.client.gui.screens.LevelLoadingScreen@20d46df7
[23:32:27] [Render thread/INFO] (fabric-client-gametest-api-v1) World loading finished: null screen: net.minecraft.client.gui.screens.LevelLoadingScreen@20d46df7
[23:32:27] [Server thread/INFO] (Minecraft) Preparing spawn area: 29%
[23:32:27] [Render thread/INFO] (fabric-client-gametest-api-v1) World loading finished: null screen: net.minecraft.client.gui.screens.LevelLoadingScreen@20d46df7
[23:32:27] [Render thread/INFO] (fabric-client-gametest-api-v1) World loading finished: null screen: net.minecraft.client.gui.screens.LevelLoadingScreen@20d46df7
[23:32:27] [Render thread/INFO] (fabric-client-gametest-api-v1) World loading finished: null screen: net.minecraft.client.gui.screens.LevelLoadingScreen@20d46df7
[23:32:27] [Render thread/INFO] (fabric-client-gametest-api-v1) World loading finished: null screen: net.minecraft.client.gui.screens.LevelLoadingScreen@20d46df7
[23:32:27] [Render thread/INFO] (fabric-client-gametest-api-v1) World loading finished: null screen: net.minecraft.client.gui.screens.LevelLoadingScreen@20d46df7
[23:32:27] [Server thread/INFO] (Minecraft) Time elapsed: 2786 ms
[23:32:27] [Render thread/INFO] (fabric-client-gametest-api-v1) World loading finished: null screen: net.minecraft.client.gui.screens.LevelLoadingScreen@20d46df7
[23:32:27] [Server thread/INFO] (Minecraft) Player0[local:E:5b4626af] logged in with entity id 9 at (164.5, 76.0, 158.5)
[23:32:27] [Server thread/INFO] (Minecraft) System chat: Player0 joined the game
[23:32:27] [Server thread/INFO] (Minecraft) Changing view distance to 8, from 10
[23:32:27] [Server thread/INFO] (Minecraft) Changing simulation distance to 5, from 0
[23:32:27] [Render thread/INFO] (fabric-client-gametest-api-v1) World loading finished: ClientLevel screen: net.minecraft.client.gui.screens.LevelLoadingScreen@20d46df7
[23:32:27] [Render thread/WARN] (Minecraft) Requested post effect does not exist: minecraft:end_of_frame
[23:32:28] [Render thread/INFO] (minecraft_shader_loader) Pack BSL_v10.1.8.zip initialized in minecraft:overworld at 1280x720
[23:32:29] [Render thread/INFO] (Minecraft) Resizing Dynamic Transforms UBO, capacity limit of 2 reached during a single frame. New capacity will be 4.
[23:32:29] [Render thread/INFO] (Minecraft) Loaded 2 advancements
[23:32:29] [Render thread/INFO] (fabric-client-gametest-api-v1) World loading finished: ClientLevel screen: net.minecraft.client.gui.screens.LevelLoadingScreen@20d46df7
[23:32:29] [Render thread/INFO] (Minecraft) Resizing Dynamic Transforms UBO, capacity limit of 4 reached during a single frame. New capacity will be 8.
[23:32:29] [Render thread/INFO] (fabric-client-gametest-api-v1) World loading finished: ClientLevel screen: net.minecraft.client.gui.screens.LevelLoadingScreen@20d46df7
[23:32:29] [Render thread/INFO] (Minecraft) Resizing Dynamic Transforms UBO, capacity limit of 8 reached during a single frame. New capacity will be 16.
[23:32:29] [Render thread/INFO] (fabric-client-gametest-api-v1) World loading finished: ClientLevel screen: net.minecraft.client.gui.screens.LevelLoadingScreen@20d46df7
[23:32:29] [Render thread/INFO] (fabric-client-gametest-api-v1) World loading finished: ClientLevel screen: net.minecraft.client.gui.screens.LevelLoadingScreen@20d46df7
[23:32:29] [Render thread/INFO] (Minecraft) Resizing Chunk Sections Command Buffer, capacity limit of 2 reached during a single frame. New capacity will be 8.
[23:32:29] [Render thread/INFO] (Minecraft) Resizing Chunk Sections Instanced, capacity limit of 2 reached during a single frame. New capacity will be 8.
[23:32:29] [Render thread/INFO] (Minecraft) Resizing Chunk Sections Command Buffer, capacity limit of 8 reached during a single frame. New capacity will be 16.
[23:32:29] [Render thread/INFO] (Minecraft) Resizing Chunk Sections Instanced, capacity limit of 8 reached during a single frame. New capacity will be 16.
[23:32:29] [Render thread/INFO] (fabric-client-gametest-api-v1) World loading finished: ClientLevel screen: net.minecraft.client.gui.screens.LevelLoadingScreen@20d46df7
[23:32:29] [Render thread/INFO] (Minecraft) Resizing Chunk Sections Command Buffer, capacity limit of 16 reached during a single frame. New capacity will be 32.
[23:32:29] [Render thread/INFO] (Minecraft) Resizing Chunk Sections Instanced, capacity limit of 16 reached during a single frame. New capacity will be 32.
[23:32:29] [Render thread/INFO] (Minecraft) Resizing Chunk Sections Command Buffer, capacity limit of 32 reached during a single frame. New capacity will be 64.
[23:32:29] [Render thread/INFO] (fabric-client-gametest-api-v1) World loading finished: ClientLevel screen: net.minecraft.client.gui.screens.LevelLoadingScreen@20d46df7
[23:32:29] [Render thread/INFO] (Minecraft) Resizing Chunk Sections Command Buffer, capacity limit of 64 reached during a single frame. New capacity will be 128.
[23:32:29] [Render thread/INFO] (Minecraft) Resizing Chunk Sections Instanced, capacity limit of 32 reached during a single frame. New capacity will be 64.
[23:32:29] [Render thread/INFO] (fabric-client-gametest-api-v1) World loading finished: ClientLevel screen: net.minecraft.client.gui.screens.LevelLoadingScreen@20d46df7
[23:32:29] [Render thread/INFO] (Minecraft) Resizing Chunk Sections Command Buffer, capacity limit of 128 reached during a single frame. New capacity will be 256.
[23:32:29] [Render thread/INFO] (Minecraft) Resizing Chunk Sections Instanced, capacity limit of 64 reached during a single frame. New capacity will be 128.
[23:32:30] [Render thread/INFO] (fabric-client-gametest-api-v1) World loading finished: ClientLevel screen: net.minecraft.client.gui.screens.LevelLoadingScreen@20d46df7
[23:32:30] [Render thread/INFO] (fabric-client-gametest-api-v1) World loading finished: ClientLevel screen: net.minecraft.client.gui.screens.LevelLoadingScreen@20d46df7
[23:32:30] [Render thread/INFO] (fabric-client-gametest-api-v1) World loading finished: ClientLevel screen: net.minecraft.client.gui.screens.LevelLoadingScreen@20d46df7
[23:32:30] [Render thread/INFO] (fabric-client-gametest-api-v1) World loading finished: ClientLevel screen: net.minecraft.client.gui.screens.LevelLoadingScreen@20d46df7
[23:32:30] [Render thread/INFO] (fabric-client-gametest-api-v1) World loading finished: ClientLevel screen: net.minecraft.client.gui.screens.LevelLoadingScreen@20d46df7
[23:32:30] [Render thread/INFO] (fabric-client-gametest-api-v1) World loading finished: ClientLevel screen: net.minecraft.client.gui.screens.LevelLoadingScreen@20d46df7
[23:32:30] [Render thread/INFO] (fabric-client-gametest-api-v1) World loading finished: ClientLevel screen: null
[23:32:30] [Server thread/INFO] (Minecraft) System chat: Game rule send_command_feedback is now set to false
[23:32:30] [Server thread/INFO] (Minecraft) System chat: Game rule advance_time is now set to false
[23:32:30] [Server thread/INFO] (Minecraft) System chat: Set Player0's game mode to Spectator Mode
[23:32:30] [Server thread/INFO] (Minecraft) System chat: Set minecraft:overworld to 4000 tick(s)
[23:32:30] [Server thread/INFO] (Minecraft) System chat: Set the weather to clear
[23:32:30] [Server thread/INFO] (Minecraft) System chat: Teleported Player0 to 164.500000, 100.000000, 158.500000
[23:32:30] [Render thread/INFO] (Minecraft) Resizing Chunk Sections Instanced, capacity limit of 128 reached during a single frame. New capacity will be 256.
[23:32:30] [Render thread/INFO] (Minecraft) Resizing Chunk Sections Command Buffer, capacity limit of 256 reached during a single frame. New capacity will be 512.
[23:32:31] [Render thread/INFO] (Minecraft) Resizing Chunk Sections Instanced, capacity limit of 256 reached during a single frame. New capacity will be 512.
[23:32:31] [Render thread/INFO] (Minecraft) Resizing Chunk Sections Command Buffer, capacity limit of 512 reached during a single frame. New capacity will be 1024.
[23:32:32] [Render thread/INFO] (Minecraft) Resizing Chunk Sections Instanced, capacity limit of 512 reached during a single frame. New capacity will be 1024.
[23:32:32] [Render thread/INFO] (Minecraft) Resizing Chunk Sections Command Buffer, capacity limit of 1024 reached during a single frame. New capacity will be 2048.
[23:32:33] [Render thread/INFO] (Minecraft) Resizing Chunk Sections Instanced, capacity limit of 1024 reached during a single frame. New capacity will be 2048.
[23:32:34] [Render thread/INFO] (Minecraft) Resizing Chunk Sections Command Buffer, capacity limit of 2048 reached during a single frame. New capacity will be 4096.
[23:32:35] [Server thread/WARN] (Minecraft) Can't keep up! Is the server overloaded? Running 2043ms or 40 ticks behind
[23:32:37] [Render thread/INFO] (Minecraft) Resizing Chunk Sections Instanced, capacity limit of 2048 reached during a single frame. New capacity will be 4096.
[23:32:41] [Render thread/INFO] (Minecraft) [STDOUT]: Shader natural evidence natural-01-day: 219 visible sections, indexed indirect terrain, world0
[23:32:41] [Render thread/INFO] (Minecraft) Resizing Chunk Sections Command Buffer, capacity limit of 4096 reached during a single frame. New capacity will be 8192.
[23:32:41] [Render thread/INFO] (Minecraft) Resizing Chunk Sections Instanced, capacity limit of 4096 reached during a single frame. New capacity will be 8192.
[23:32:41] [Test thread/INFO] (Minecraft) [STDOUT]: Shader natural screenshot: <repository>/shader-loader/build/run/clientNaturalGameTest/screenshots/natural-01-day.png
[23:32:42] [Render thread/INFO] (Minecraft) [STDOUT]: Shader image diagnostics natural-01-day:
Native texture row 0 appears at image top; these diagnostics are not presentation-flipped.
shadowtex0 D32_FLOAT 2048x2048 min=0.483216673 max=1.000000000 nonFinite=0 nonClear=2634340/4194304 drawnMin=0.483216673 drawnMax=0.529046476
depthtex0 D32_FLOAT 1280x720 min=0.997403264 max=1.000000000 nonFinite=0 nonClear=536526/921600 drawnMin=0.997403264 drawnMax=0.999710679
colortex0 RG11B10_FLOAT 1280x720 min=0.000785828 max=1.125000000 nonFinite=0
shadowcolor0 RGBA8_UNORM 2048x2048 min=0.000000000 max=1.000000000 nonFinite=0
Submitted feature tags: {DrawTag[kind=ENTITY, entityId=-1, blockEntityId=-1, red=0.0, green=0.0, blue=0.0, alpha=0.0, shadowOnly=true]=1, DrawTag[kind=ENTITY, entityId=-1, blockEntityId=-1, red=0.0, green=0.0, blue=0.0, alpha=0.0, shadowOnly=false]=1}
Shadow projection: [0.00390625, 0.0, 0.0, 0.0, 0.0, 0.00390625, 0.0, 0.0, 0.0, 0.0, -0.0019532205, 0.0, -0.0, -0.0, -1.0000978, 1.0]
Shadow model view: [0.8459399, -0.3786123, 0.37555084, 0.0, 0.0, 0.70423055, 0.7099714, 0.0, -0.5332782, -0.60059315, 0.59573674, 0.0, 0.15634608, 0.6512507, -510.3642, 1.0]
Sun world direction: ( 3.756E-1  7.100E-1  5.957E-1)
Shadow world direction: ( 3.756E-1  7.100E-1  5.957E-1)

[23:32:50] [Render thread/INFO] (Minecraft) [STDOUT]: Shader natural evidence natural-02-flight: 193 visible sections, indexed indirect terrain, world0
[23:32:50] [Test thread/INFO] (Minecraft) [STDOUT]: Shader natural screenshot: <repository>/shader-loader/build/run/clientNaturalGameTest/screenshots/natural-02-flight.png
[23:32:51] [Render thread/INFO] (Minecraft) [STDOUT]: Shader image diagnostics natural-02-flight:
Native texture row 0 appears at image top; these diagnostics are not presentation-flipped.
shadowtex0 D32_FLOAT 2048x2048 min=0.481802255 max=1.000000000 nonFinite=0 nonClear=2662639/4194304 drawnMin=0.481802255 drawnMax=0.533079684
depthtex0 D32_FLOAT 1280x720 min=0.997646809 max=1.000000000 nonFinite=0 nonClear=544467/921600 drawnMin=0.997646809 drawnMax=0.999715507
colortex0 RG11B10_FLOAT 1280x720 min=0.000839233 max=1.125000000 nonFinite=0
shadowcolor0 RGBA8_UNORM 2048x2048 min=0.000000000 max=1.000000000 nonFinite=0
Submitted feature tags: {DrawTag[kind=ENTITY, entityId=-1, blockEntityId=-1, red=0.0, green=0.0, blue=0.0, alpha=0.0, shadowOnly=true]=1, DrawTag[kind=ENTITY, entityId=-1, blockEntityId=-1, red=0.0, green=0.0, blue=0.0, alpha=0.0, shadowOnly=false]=3}
Shadow projection: [0.00390625, 0.0, 0.0, 0.0, 0.0, 0.00390625, 0.0, 0.0, 0.0, 0.0, -0.0019532205, 0.0, -0.0, -0.0, -1.0000978, 1.0]
Shadow model view: [0.8459399, -0.3786123, 0.37555084, 0.0, 0.0, 0.70423055, 0.7099714, 0.0, -0.5332782, -0.60059315, 0.59573674, 0.0, 0.2061347, 0.98389035, -510.69415, 1.0]
Sun world direction: ( 3.756E-1  7.100E-1  5.957E-1)
Shadow world direction: ( 3.756E-1  7.100E-1  5.957E-1)

[23:32:51] [Server thread/INFO] (Minecraft) System chat: Set minecraft:overworld to time marker minecraft:midnight
[23:32:56] [Render thread/INFO] (Minecraft) [STDOUT]: Shader natural evidence natural-03-night: 193 visible sections, indexed indirect terrain, world0
[23:32:56] [Test thread/INFO] (Minecraft) [STDOUT]: Shader natural screenshot: <repository>/shader-loader/build/run/clientNaturalGameTest/screenshots/natural-03-night.png
[23:32:57] [Render thread/INFO] (Minecraft) [STDOUT]: Shader image diagnostics natural-03-night:
Native texture row 0 appears at image top; these diagnostics are not presentation-flipped.
shadowtex0 D32_FLOAT 2048x2048 min=0.487314850 max=1.000000000 nonFinite=0 nonClear=2706764/4194304 drawnMin=0.487314850 drawnMax=0.534523368
depthtex0 D32_FLOAT 1280x720 min=0.997651160 max=1.000000000 nonFinite=0 nonClear=543660/921600 drawnMin=0.997651160 drawnMax=0.999717414
colortex0 RG11B10_FLOAT 1280x720 min=0.000148773 max=0.195312500 nonFinite=0
shadowcolor0 RGBA8_UNORM 2048x2048 min=0.000000000 max=1.000000000 nonFinite=0
Submitted feature tags: {DrawTag[kind=ENTITY, entityId=-1, blockEntityId=-1, red=0.0, green=0.0, blue=0.0, alpha=0.0, shadowOnly=true]=1, DrawTag[kind=ENTITY, entityId=-1, blockEntityId=-1, red=0.0, green=0.0, blue=0.0, alpha=0.0, shadowOnly=false]=3}
Shadow projection: [0.00390625, 0.0, 0.0, 0.0, 0.0, 0.00390625, 0.0, 0.0, 0.0, 0.0, -0.0019532205, 0.0, -0.0, -0.0, -1.0000978, 1.0]
Shadow model view: [1.0, 2.0837287E-7, -1.7484557E-7, 0.0, -0.0, 0.64278764, 0.76604456, 0.0, 2.7201142E-7, -0.76604456, 0.64278764, 0.0, 0.29226384, 0.9822658, -510.7095, 1.0]
Sun world direction: ( 8.742E-8 -7.660E-1 -6.428E-1)
Shadow world direction: (-1.748E-7  7.660E-1  6.428E-1)

[23:32:57] [Server thread/INFO] (Minecraft) System chat: Player0 has made the advancement [We Need to Go Deeper]
[23:32:57] [Server thread/INFO] (Minecraft) System chat: Teleported Player0 to 0.500000, 80.000000, 0.500000
[23:32:57] [Server thread/WARN] (Minecraft) Can't keep up! Is the server overloaded? Running 2696ms or 53 ticks behind
[23:32:57] [Render thread/INFO] (Minecraft) [System] [CHAT] Player0 has made the advancement [We Need to Go Deeper]
[23:32:57] [Render thread/INFO] (Minecraft) Loaded 29 advancements
[23:32:58] [Render thread/INFO] (minecraft_shader_loader) Pack BSL_v10.1.8.zip initialized in minecraft:the_nether at 1280x720
[23:32:59] [Render thread/INFO] (Minecraft) Loaded 29 advancements
[23:33:10] [Server thread/INFO] (Minecraft) System chat: Teleported Player0 to -23.500000, 90.000000, -23.500000
[23:33:16] [Render thread/INFO] (Minecraft) [STDOUT]: Shader natural evidence natural-04-nether: 501 visible sections, indexed indirect terrain, world-1
[23:33:16] [Test thread/INFO] (Minecraft) [STDOUT]: Shader natural screenshot: <repository>/shader-loader/build/run/clientNaturalGameTest/screenshots/natural-04-nether.png
[23:33:16] [Server thread/INFO] (Minecraft) System chat: Player0 has made the advancement [The End?]
[23:33:16] [Server thread/INFO] (Minecraft) System chat: Teleported Player0 to 20.500000, 90.000000, 30.500000
[23:33:16] [Render thread/INFO] (Minecraft) [System] [CHAT] Player0 has made the advancement [The End?]
[23:33:16] [Render thread/INFO] (Minecraft) Loaded 35 advancements
[23:33:17] [Render thread/INFO] (minecraft_shader_loader) Pack BSL_v10.1.8.zip initialized in minecraft:the_end at 1280x720
[23:33:17] [Server thread/WARN] (Minecraft) Can't keep up! Is the server overloaded? Running 2747ms or 54 ticks behind
[23:33:18] [Server thread/INFO] (Minecraft) Scanning for legacy world dragon fight...
[23:33:18] [Server thread/INFO] (Minecraft) Found that the dragon has not yet been killed in this world.
[23:33:27] [Render thread/INFO] (Minecraft) [STDOUT]: Shader natural evidence natural-05-end: 198 visible sections, indexed indirect terrain, world1
[23:33:27] [Test thread/INFO] (Minecraft) [STDOUT]: Shader natural screenshot: <repository>/shader-loader/build/run/clientNaturalGameTest/screenshots/natural-05-end.png
[23:33:28] [Render thread/INFO] (Minecraft) [STDOUT]: Shader image diagnostics natural-05-end:
Native texture row 0 appears at image top; these diagnostics are not presentation-flipped.
shadowtex0 D32_FLOAT 2048x2048 min=0.477207124 max=1.000000000 nonFinite=0 nonClear=2173953/4194304 drawnMin=0.477207124 drawnMax=0.503719509
depthtex0 D32_FLOAT 1280x720 min=0.997657835 max=1.000000000 nonFinite=0 nonClear=595323/921600 drawnMin=0.997657835 drawnMax=0.999702215
colortex0 RG11B10_FLOAT 1280x720 min=0.001174927 max=2.062500000 nonFinite=0
shadowcolor0 RGBA8_UNORM 2048x2048 min=0.000000000 max=1.000000000 nonFinite=0
Submitted feature tags: {DrawTag[kind=ENTITY, entityId=10102, blockEntityId=-1, red=0.0, green=0.0, blue=0.0, alpha=0.0, shadowOnly=false]=11, DrawTag[kind=ENTITY, entityId=-1, blockEntityId=-1, red=0.0, green=0.0, blue=0.0, alpha=0.0, shadowOnly=true]=1, DrawTag[kind=ENTITY, entityId=-1, blockEntityId=-1, red=0.0, green=0.0, blue=0.0, alpha=0.0, shadowOnly=false]=3}
Shadow projection: [0.00390625, 0.0, 0.0, 0.0, 0.0, 0.00390625, 0.0, 0.0, 0.0, 0.0, -0.0019532205, 0.0, -0.0, -0.0, -1.0000978, 1.0]
Shadow model view: [-1.0, 1.04186434E-7, 8.7422784E-8, 0.0, 0.0, 0.64278764, -0.76604456, 0.0, -1.3600571E-7, -0.76604456, -0.64278764, 0.0, -0.50000006, 0.6582784, -513.56244, 1.0]
Sun world direction: ( 8.742E-8 -7.660E-1 -6.428E-1)
Shadow world direction: ( 8.742E-8 -7.660E-1 -6.428E-1)

[23:33:28] [Server thread/INFO] (Minecraft) System chat: Teleported Player0 to 178.292300, 100.000000, 188.077100
[23:33:28] [Server thread/INFO] (Minecraft) System chat: Set minecraft:overworld to 4000 tick(s)
[23:33:29] [Render thread/INFO] (minecraft_shader_loader) Pack BSL_v10.1.8.zip initialized in minecraft:overworld at 1280x720
[23:33:35] [Render thread/INFO] (Minecraft) [STDOUT]: Shader natural evidence natural-06-overworld-return: 193 visible sections, indexed indirect terrain, world0
[23:33:35] [Test thread/INFO] (Minecraft) [STDOUT]: Shader natural screenshot: <repository>/shader-loader/build/run/clientNaturalGameTest/screenshots/natural-06-overworld-return.png
[23:33:36] [Render thread/INFO] (Minecraft) [STDOUT]: Shader image diagnostics natural-06-overworld-return:
Native texture row 0 appears at image top; these diagnostics are not presentation-flipped.
shadowtex0 D32_FLOAT 2048x2048 min=0.481805295 max=1.000000000 nonFinite=0 nonClear=2616755/4194304 drawnMin=0.481805295 drawnMax=0.528766632
depthtex0 D32_FLOAT 1280x720 min=0.997649908 max=1.000000000 nonFinite=0 nonClear=544172/921600 drawnMin=0.997649908 drawnMax=0.999716222
colortex0 RG11B10_FLOAT 1280x720 min=0.000869751 max=1.125000000 nonFinite=0
shadowcolor0 RGBA8_UNORM 2048x2048 min=0.000000000 max=1.000000000 nonFinite=0
Submitted feature tags: {DrawTag[kind=ENTITY, entityId=-1, blockEntityId=-1, red=0.0, green=0.0, blue=0.0, alpha=0.0, shadowOnly=true]=1, DrawTag[kind=ENTITY, entityId=-1, blockEntityId=-1, red=0.0, green=0.0, blue=0.0, alpha=0.0, shadowOnly=false]=5}
Shadow projection: [0.00390625, 0.0, 0.0, 0.0, 0.0, 0.00390625, 0.0, 0.0, 0.0, 0.0, -0.0019532205, 0.0, -0.0, -0.0, -1.0000978, 1.0]
Shadow model view: [0.8459399, -0.3786123, 0.37555084, 0.0, 0.0, 0.70423055, 0.7099714, 0.0, -0.5332782, -0.60059315, 0.59573674, 0.0, 0.20616773, 0.98387927, -510.69415, 1.0]
Sun world direction: ( 3.756E-1  7.100E-1  5.957E-1)
Shadow world direction: ( 3.756E-1  7.100E-1  5.957E-1)

[23:33:36] [Render thread/INFO] (Minecraft) [STDOUT]: Shader natural diagnostic (validation and test scheduling enabled): 60 reported FPS; 12213000 ns last CPU frame
[23:33:36] [Server thread/INFO] (Minecraft) Player0 lost connection: Disconnected
[23:33:36] [Server thread/INFO] (Minecraft) System chat: Player0 left the game
[23:33:36] [Server thread/INFO] (Minecraft) Stopping singleplayer server as player logged out
[23:33:36] [Server thread/INFO] (Minecraft) Stopping server
[23:33:36] [Server thread/INFO] (Minecraft) Saving players
[23:33:36] [Server thread/INFO] (Minecraft) Saving worlds
[23:33:36] [Server thread/INFO] (Minecraft) Saving chunks for level 'ServerLevel[Shader natural terrain validation]'/minecraft:overworld
[23:33:36] [Server thread/INFO] (Minecraft) Saving chunks for level 'ServerLevel[Shader natural terrain validation]'/minecraft:the_nether
[23:33:36] [Server thread/INFO] (Minecraft) Saving chunks for level 'ServerLevel[Shader natural terrain validation]'/minecraft:the_end
[23:33:37] [Render thread/INFO] (Minecraft) Stopping!

[Incubating] Problems report is available at: file://<repository>/build/reports/problems/problems-report.html

BUILD SUCCESSFUL in 2m 36s
45 actionable tasks: 32 executed, 13 up-to-date
Consider enabling configuration cache to speed up this build: https://docs.gradle.org/9.7.1/userguide/configuration_cache_enabling.html
