
> Configure project :
Fabric Loom: 1.18.2

> Configure project :shader-loader
Fabric Loom: 1.18.2

> Task :compileJava UP-TO-DATE
> Task :configureNative UP-TO-DATE
> Task :buildNative UP-TO-DATE
> Task :processResources UP-TO-DATE
> Task :classes UP-TO-DATE
> Task :processIncludeJars UP-TO-DATE
> Task :jar UP-TO-DATE
> Task :shader-loader:compileJava UP-TO-DATE
> Task :shader-loader:processResources UP-TO-DATE
> Task :shader-loader:classes UP-TO-DATE
> Task :shader-loader:compileBenchmarkJava UP-TO-DATE
> Task :shader-loader:processBenchmarkResources UP-TO-DATE
> Task :shader-loader:benchmarkClasses UP-TO-DATE
> Task :shader-loader:benchmarkJar
> Task :shader-loader:downloadAssets UP-TO-DATE
> Task :shader-loader:processIncludeJars UP-TO-DATE
> Task :shader-loader:jar UP-TO-DATE

> Task :shader-loader:runPackagedBsl
[23:33:58] [main/INFO]: Loading Minecraft 26.3 with Fabric Loader 0.19.5
[23:33:58] [main/INFO]: Mappings not present!
[23:33:58] [main/INFO]: Loading 7 mods:
	- fabricloader 0.19.5
	   \-- mixinextras 0.5.5
	- java 26
	- minecraft 26.3
	- minecraft_metal 0.2.1
	- minecraft_shader_benchmark 1.0.0
	- minecraft_shader_loader 0.1.0
[23:33:58] [main/INFO]: SpongePowered MIXIN Subsystem Version=0.8.7 Source=file:<home>/.gradle/caches/modules-2/files-2.1/net.fabricmc/sponge-mixin/0.17.4+mixin.0.8.7/5f66cc9f59b8efaa942155a3d5a30599bf6640dd/sponge-mixin-0.17.4+mixin.0.8.7.jar Service=Knot/Fabric Env=CLIENT
[23:33:58] [main/WARN]: Error loading class: net/fabricmc/fabric/impl/client/indigo/renderer/render/AltModelBlockRendererImpl (java.lang.ClassNotFoundException: net/fabricmc/fabric/impl/client/indigo/renderer/render/AltModelBlockRendererImpl)
[23:33:58] [main/WARN]: Error loading class: net/fabricmc/fabric/impl/client/indigo/renderer/aocalc/AoCalculator (java.lang.ClassNotFoundException: net/fabricmc/fabric/impl/client/indigo/renderer/aocalc/AoCalculator)
[23:33:58] [main/WARN]: Error loading class: net/fabricmc/fabric/impl/client/indigo/renderer/aocalc/FlatLighter (java.lang.ClassNotFoundException: net/fabricmc/fabric/impl/client/indigo/renderer/aocalc/FlatLighter)
[23:33:58] [main/INFO]: Initializing MixinExtras via com.llamalad7.mixinextras.service.MixinExtrasServiceImpl(version=0.5.5).
WARNING: A terminally deprecated method in sun.misc.Unsafe has been called
WARNING: sun.misc.Unsafe::objectFieldOffset has been called by org.lwjgl.system.MemoryBackendUnsafeLegacy (file:<home>/.gradle/caches/modules-2/files-2.1/org.lwjgl/lwjgl/3.4.3/7ab5265a73d8a959ed62332d546536ae6be2f0d5/lwjgl-3.4.3.jar)
WARNING: Please consider reporting this to the maintainers of class org.lwjgl.system.MemoryBackendUnsafeLegacy
WARNING: sun.misc.Unsafe::objectFieldOffset will be removed in a future release
[23:33:59] [Datafixer Bootstrap #0/INFO]: 307 Datafixer optimizations took 159 milliseconds
[23:34:01] [Render thread/INFO]: Environment: Environment[discoveryUrl=https://discovery.minecraftservices.com/minecraft/client, name=PROD]
[23:34:01] [Render thread/INFO]: Setting user: ShaderValidation
[23:34:01] [Render thread/INFO]: Native Metal backend selected. Use -Dmetal.enabled=false to use Minecraft's graphics setting.
[23:34:01] [Render thread/INFO]: [STDOUT]: [Shader benchmark] Awaiting normal quick-play world shader-benchmark-scene
[23:34:02] [Render thread/INFO]: Selected shader pack BSL_v10.1.8.zip with 35723 cached block states; render programs initialize when entering a world.
[23:34:02] [Render thread/INFO]: Backend library: LWJGL version 3.4.3-snapshot
[23:34:02] [Render thread/INFO]: SDL [SYSTEM]: App name: Minecraft
[23:34:02] [Render thread/INFO]: SDL [SYSTEM]: App version: 26.3
[23:34:02] [Render thread/INFO]: SDL [SYSTEM]: App ID: com.mojang.minecraft
[23:34:02] [Render thread/INFO]: SDL [SYSTEM]: SDL revision: SDL-3.4.14-62f10da
[23:34:02] [Download-2/ERROR]: Failed to fetch user properties
com.mojang.authlib.exceptions.InvalidCredentialsException: Status: 401
	at knot//com.mojang.authlib.exceptions.MinecraftClientHttpException.toAuthenticationException(MinecraftClientHttpException.java:70)
	at knot//com.mojang.authlib.services.MinecraftServicesUserApiService.fetchProperties(MinecraftServicesUserApiService.java:168)
	at knot//net.minecraft.client.Minecraft.lambda$new$1(Minecraft.java:451)
	at java.base/java.util.concurrent.CompletableFuture$AsyncSupply.run(CompletableFuture.java:1789)
	at java.base/java.util.concurrent.ThreadPoolExecutor.runWorker(ThreadPoolExecutor.java:1090)
	at java.base/java.util.concurrent.ThreadPoolExecutor$Worker.run(ThreadPoolExecutor.java:614)
	at java.base/java.lang.Thread.run(Thread.java:1516)
Caused by: MinecraftClientHttpException[type=HTTP_ERROR, status=401, response=ErrorResponse[path=/player/attributes, error=null, errorMessage=null, details=null]]
	at knot//com.mojang.authlib.minecraft.client.MinecraftClient.buildHttpException(MinecraftClient.java:170)
	at knot//com.mojang.authlib.minecraft.client.MinecraftClient.readServiceResponse(MinecraftClient.java:147)
	at knot//com.mojang.authlib.minecraft.client.MinecraftClient.getWithEtag(MinecraftClient.java:81)
	at knot//com.mojang.authlib.minecraft.client.MinecraftClient.get(MinecraftClient.java:65)
	at knot//com.mojang.authlib.services.MinecraftServicesUserApiService.fetchProperties(MinecraftServicesUserApiService.java:118)
	... 5 more
[23:34:02] [Render thread/WARN]: Device [Apple M3 Pro] supports all extensions from FeatureSet [Vulkan Portability Subset], making required
[23:34:02] [Render thread/INFO]: Metal device created: Apple M3 Pro. Native SDL presentation, no OpenGL context.
[23:34:02] [Render thread/INFO]: Using graphics backend Metal, using drivers: 26.5.2
[23:34:02] [Render thread/INFO]: Using graphics device: Apple M3 Pro (Apple)
[23:34:02] [Render thread/INFO]: Using graphics device extensions: CAMetalLayer, MSL, SPIRV-Cross
[23:34:02] [Render thread/INFO]: Created window using SDL video driver: cocoa
[23:34:02] [Download-1/INFO]: Could not authorize you against Realms server: java.lang.RuntimeException: Failed to parse into SignedJWT: 0
[23:34:02] [Download-1/ERROR]: Failed to fetch Realms feature flags
com.mojang.realmsclient.exception.RealmsServiceException: Realms authentication error with message 'java.lang.RuntimeException: Failed to parse into SignedJWT: 0'
	at knot//com.mojang.realmsclient.client.RealmsClient.execute(RealmsClient.java:625)
	at knot//com.mojang.realmsclient.client.RealmsClient.fetchFeatureFlags(RealmsClient.java:204)
	at java.base/java.util.concurrent.CompletableFuture$AsyncSupply.run(CompletableFuture.java:1789)
	at java.base/java.util.concurrent.ThreadPoolExecutor.runWorker(ThreadPoolExecutor.java:1090)
	at java.base/java.util.concurrent.ThreadPoolExecutor$Worker.run(ThreadPoolExecutor.java:614)
	at java.base/java.lang.Thread.run(Thread.java:1516)
[23:34:03] [Render thread/INFO]: Reloading ResourceManager: vanilla, vanilla
[23:34:03] [Worker-Main-4/INFO]: Found unifont_all_no_pua-17.0.01.hex, loading
[23:34:03] [Worker-Main-2/INFO]: Found unifont_pua-17.0.01.hex, loading
[23:34:03] [Worker-Main-6/INFO]: Found unifont_jp_patch-17.0.01.hex, loading
[23:34:04] [Render thread/INFO]: OpenAL initialized on device MacBook Pro Speakers
[23:34:04] [Render thread/INFO]: Sound engine started
[23:34:04] [Render thread/INFO]: Created: 512x256x0 minecraft:textures/atlas/particles.png-atlas
[23:34:04] [Render thread/INFO]: Created: 256x128x0 minecraft:textures/atlas/celestials.png-atlas
[23:34:04] [Render thread/INFO]: Created: 128x128x0 minecraft:textures/atlas/decorated_pot.png-atlas
[23:34:04] [Render thread/INFO]: Created: 512x256x0 minecraft:textures/atlas/paintings.png-atlas
[23:34:04] [Render thread/INFO]: Created: 1024x512x0 minecraft:textures/atlas/shield_patterns.png-atlas
[23:34:04] [Render thread/INFO]: Created: 1024x512x0 minecraft:textures/atlas/banner_patterns.png-atlas
[23:34:04] [Render thread/INFO]: Created: 2048x2048x4 minecraft:textures/atlas/blocks.png-atlas
[23:34:04] [Render thread/INFO]: Created: 1024x512x0 minecraft:textures/atlas/items.png-atlas
[23:34:04] [Render thread/INFO]: Created: 1024x1024x0 minecraft:textures/atlas/gui.png-atlas
[23:34:04] [Render thread/INFO]: Created: 128x64x0 minecraft:textures/atlas/map_decorations.png-atlas
[23:34:04] [Render thread/INFO]: Created: 512x512x0 minecraft:textures/atlas/chest.png-atlas
[23:34:04] [Render thread/INFO]: Created: 512x512x0 minecraft:textures/atlas/shulker_boxes.png-atlas
[23:34:04] [Render thread/WARN]: Missing data pack fabric-convention-tags-v2
[23:34:04] [Render thread/WARN]: Missing data pack fabric-gametest-api-v1
[23:34:05] [Worker-Main-2/INFO]: Loaded 1866 advancements
[23:34:05] [Server thread/INFO]: Starting integrated minecraft server version 26.3
[23:34:05] [Server thread/INFO]: Generating keypair
[23:34:05] [Server thread/INFO]: Loading 0 persistent chunks...
[23:34:05] [Server thread/INFO]: Saving chunks for level 'ServerLevel[Shader pack disposable validation]'/minecraft:overworld
[23:34:05] [Server thread/INFO]: Saving chunks for level 'ServerLevel[Shader pack disposable validation]'/minecraft:the_end
[23:34:05] [Server thread/INFO]: Saving chunks for level 'ServerLevel[Shader pack disposable validation]'/minecraft:the_nether
[23:34:06] [Server thread/INFO]: Loading 49 chunks for player spawn...
[23:34:06] [Server thread/INFO]: Preparing spawn area: 16%
[23:34:06] [Server thread/INFO]: Preparing spawn area: 16%
[23:34:06] [Server thread/INFO]: Preparing spawn area: 16%
[23:34:06] [Server thread/INFO]: Preparing spawn area: 100%
[23:34:06] [Server thread/INFO]: Time elapsed: 1572 ms
[23:34:06] [Server thread/INFO]: ShaderValidation[local:E:25b29b48] logged in with entity id 3 at (11.5, -54.0, 14.5)
[23:34:06] [Server thread/INFO]: System chat: ShaderValidation joined the game
[23:34:07] [Server thread/INFO]: Changing view distance to 5, from 10
[23:34:07] [Server thread/INFO]: Changing simulation distance to 5, from 0
[23:34:07] [Render thread/WARN]: Requested post effect does not exist: minecraft:end_of_frame
[23:34:08] [Render thread/INFO]: Pack BSL_v10.1.8.zip initialized in minecraft:overworld at 1280x720
[23:34:08] [Render thread/INFO]: Resizing Dynamic Transforms UBO, capacity limit of 2 reached during a single frame. New capacity will be 4.
[23:34:08] [Render thread/INFO]: Loaded 2 advancements
[23:34:08] [Server thread/INFO]: System chat: Game rule send_command_feedback is already set to false
[23:34:08] [Server thread/INFO]: System chat: Game rule advance_time is already set to false
[23:34:08] [Server thread/INFO]: System chat: Clock minecraft:overworld is already set to 4000 tick(s)
[23:34:08] [Server thread/INFO]: System chat: Set the weather to clear
[23:34:08] [Server thread/INFO]: System chat: Removed 1 item(s) from player ShaderValidation
[23:34:08] [Server thread/INFO]: System chat: Gave 1 [Diamond Sword] to ShaderValidation
[23:34:08] [Server thread/INFO]: System chat: Teleported ShaderValidation to 11.000000, -54.000000, 14.000000
[23:34:08] [Render thread/INFO]: Resizing Dynamic Transforms UBO, capacity limit of 4 reached during a single frame. New capacity will be 8.
[23:34:08] [Render thread/INFO]: Resizing Dynamic Transforms UBO, capacity limit of 8 reached during a single frame. New capacity will be 16.
[23:34:09] [Render thread/INFO]: Resizing Chunk Sections Command Buffer, capacity limit of 2 reached during a single frame. New capacity will be 4.
[23:34:09] [Render thread/INFO]: Resizing Chunk Sections Instanced, capacity limit of 2 reached during a single frame. New capacity will be 4.
[23:34:09] [Render thread/INFO]: Resizing Chunk Sections Command Buffer, capacity limit of 4 reached during a single frame. New capacity will be 8.
[23:34:09] [Render thread/INFO]: Resizing Chunk Sections Instanced, capacity limit of 4 reached during a single frame. New capacity will be 8.
[23:34:09] [Render thread/INFO]: Resizing Chunk Sections Command Buffer, capacity limit of 8 reached during a single frame. New capacity will be 16.
[23:34:09] [Render thread/INFO]: Resizing Chunk Sections Instanced, capacity limit of 8 reached during a single frame. New capacity will be 16.
[23:34:09] [Render thread/INFO]: Resizing Chunk Sections Command Buffer, capacity limit of 16 reached during a single frame. New capacity will be 64.
[23:34:09] [Render thread/INFO]: Resizing Chunk Sections Instanced, capacity limit of 16 reached during a single frame. New capacity will be 32.
[23:34:09] [Render thread/INFO]: Resizing Chunk Sections Command Buffer, capacity limit of 64 reached during a single frame. New capacity will be 128.
[23:34:09] [Render thread/INFO]: Resizing Chunk Sections Instanced, capacity limit of 32 reached during a single frame. New capacity will be 64.
[23:34:09] [Render thread/INFO]: Resizing Chunk Sections Instanced, capacity limit of 64 reached during a single frame. New capacity will be 128.
[23:34:09] [Render thread/INFO]: Resizing Chunk Sections Command Buffer, capacity limit of 128 reached during a single frame. New capacity will be 256.
[23:34:09] [Render thread/INFO]: Resizing Chunk Sections Instanced, capacity limit of 128 reached during a single frame. New capacity will be 256.
[23:34:09] [Render thread/INFO]: [STDOUT]: [Shader benchmark] Warming up for 10s at 1280x720
[23:34:19] [Render thread/INFO]: [STDOUT]: [Shader benchmark] Measuring all frame intervals for 10s
[Shader benchmark] COMPLETE packaged-bsl: 127.97 FPS, p50 6.769ms, p95 8.968ms, p99 14.466ms (1280 frames). <repository>/shader-loader/build/run/packaged-bsl/benchmarks/packaged-bsl.json
[23:34:29] [Render thread/INFO]: Stopping!
[23:34:29] [Server thread/INFO]: ShaderValidation lost connection: Disconnected
[23:34:29] [Server thread/INFO]: System chat: ShaderValidation left the game
[23:34:29] [Server thread/INFO]: Stopping singleplayer server as player logged out
[23:34:29] [Server thread/INFO]: Stopping server
[23:34:29] [Server thread/INFO]: Saving players
[23:34:29] [Server thread/INFO]: Saving worlds
[23:34:30] [Server thread/INFO]: Saving chunks for level 'ServerLevel[Shader pack disposable validation]'/minecraft:overworld
[23:34:30] [Server thread/INFO]: Saving chunks for level 'ServerLevel[Shader pack disposable validation]'/minecraft:the_end
[23:34:30] [Server thread/INFO]: Saving chunks for level 'ServerLevel[Shader pack disposable validation]'/minecraft:the_nether

> Task :shader-loader:generateLog4jConfig UP-TO-DATE
> Task :shader-loader:generateDLIConfig UP-TO-DATE
> Task :shader-loader:configureLaunch UP-TO-DATE
> Task :shader-loader:configureClientLaunch UP-TO-DATE

> Task :shader-loader:runClientBenchmarkBaseline
[23:34:30] [main/INFO] (FabricLoader/GameProvider) Loading Minecraft 26.3 with Fabric Loader 0.19.5
[23:34:30] [main/INFO] (FabricLoader/Mappings) Mappings not present!
[23:34:30] [main/INFO] (FabricLoader) Loading 54 mods:
	- fabric-advancement-api-v1 1.0.0+38c7a2d55d
	- fabric-api 0.161.0+26.3
	- fabric-api-base 2.0.6+fcdff87f5d
	- fabric-api-lookup-api-v1 2.0.24+3434d6d95d
	- fabric-biome-api-v1 20.0.9+74ed1ea55d
	- fabric-block-api-v1 3.1.0+0ae6f9115d
	- fabric-block-getter-api-v2 2.0.9+3434d6d95d
	- fabric-client-gametest-api-v1 6.0.7+4be74c3f5d
	- fabric-command-api-v2 3.1.2+fcdff87f5d
	- fabric-content-registries-v0 15.0.4+74ed1ea55d
	- fabric-convention-tags-v2 4.10.3+6b5b47fd5d
	- fabric-crash-report-info-v1 1.0.7+fcdff87f5d
	- fabric-creative-tab-api-v1 5.0.21+fcdff87f5d
	- fabric-data-attachment-api-v1 2.2.30+3434d6d95d
	- fabric-data-generation-api-v1 27.2.4+427eab975d
	- fabric-debug-api-v1 1.0.4+3434d6d95d
	- fabric-dimensions-v1 5.1.19+47f74c985d
	- fabric-entity-events-v1 6.0.4+3434d6d95d
	- fabric-events-interaction-v0 5.3.6+3434d6d95d
	- fabric-game-rule-api-v1 4.0.10+3434d6d95d
	- fabric-gametest-api-v1 4.0.32+3434d6d95d
	- fabric-item-api-v1 14.7.0+cf6bc2db5d
	- fabric-key-mapping-api-v1 2.0.8+3434d6d95d
	- fabric-lifecycle-events-v1 4.1.9+ffef5f675d
	- fabric-loot-api-v3 4.0.8+4068fd645d
	- fabric-menu-api-v1 2.0.27+ed66f0a35d
	- fabric-message-api-v1 7.0.10+3434d6d95d
	- fabric-model-loading-api-v1 8.0.35+fcdff87f5d
	- fabric-networking-api-v1 6.3.8+fcdff87f5d
	- fabric-object-builder-api-v1 24.1.9+3434d6d95d
	- fabric-particles-v1 5.0.24+3434d6d95d
	- fabric-permission-api-v1 1.0.8+fcdff87f5d
	- fabric-recipe-api-v1 10.0.8+fcdff87f5d
	- fabric-registry-sync-v0 8.0.1+fcdff87f5d
	- fabric-renderer-api-v1 17.0.15+79385d0b5d
	- fabric-renderer-indigo 9.1.23+b9d63e335d
	- fabric-rendering-fluids-v1 6.0.6+3434d6d95d
	- fabric-rendering-v1 27.0.14+901a437c5d
	- fabric-resource-conditions-api-v1 6.1.5+3434d6d95d
	- fabric-resource-loader-v0 3.3.26+4fc5413f5d
	- fabric-resource-loader-v1 3.0.4+fcdff87f5d
	- fabric-screen-api-v1 5.2.4+48607d035d
	- fabric-serialization-api-v1 2.0.7+74ed1ea55d
	- fabric-sound-api-v1 2.0.7+3434d6d95d
	- fabric-tag-api-v1 2.1.10+fcdff87f5d
	- fabric-transfer-api-v1 8.0.25+fcdff87f5d
	- fabric-transitive-access-wideners-v1 8.1.16+52268a0e5d
	- fabricloader 0.19.5
	- java 26
	- minecraft 26.3
	- minecraft_metal 0.2.1
	- minecraft_shader_benchmark 1.0.0
	- minecraft_shader_loader 0.1.0
	- mixinextras 0.5.5
[23:34:30] [main/INFO] (FabricLoader/Mixin) SpongePowered MIXIN Subsystem Version=0.8.7 Source=file:<home>/.gradle/caches/modules-2/files-2.1/net.fabricmc/sponge-mixin/0.17.4+mixin.0.8.7/5f66cc9f59b8efaa942155a3d5a30599bf6640dd/sponge-mixin-0.17.4+mixin.0.8.7.jar Service=Knot/Fabric Env=CLIENT
[23:34:31] [main/INFO] (FabricLoader/MixinExtras|Service) Initializing MixinExtras via com.llamalad7.mixinextras.service.MixinExtrasServiceImpl(version=0.5.5).
[23:34:31] [Datafixer Bootstrap #0/INFO] (Minecraft) 307 Datafixer optimizations took 187 milliseconds
[23:34:35] [Render thread/INFO] (Minecraft) Environment: Environment[discoveryUrl=https://discovery.minecraftservices.com/minecraft/client, name=PROD]
[23:34:35] [Render thread/INFO] (Minecraft) Setting user: Player274
[23:34:35] [Render thread/INFO] (minecraft_metal) Native Metal backend selected. Use -Dmetal.enabled=false to use Minecraft's graphics setting.
[23:34:35] [Render thread/INFO] (minecraft_shader_loader) Shader loader ready; no shader pack selected.
[23:34:35] [Render thread/INFO] (Indigo) [Indigo] Registering Indigo renderer!
[23:34:35] [Render thread/INFO] (Minecraft) [STDOUT]: [Shader benchmark] Awaiting normal quick-play world shader-benchmark-scene
[23:34:35] [Render thread/INFO] (Minecraft) Backend library: LWJGL version 3.4.3-snapshot
[23:34:35] [Render thread/INFO] (Minecraft) SDL [SYSTEM]: App name: Minecraft
[23:34:35] [Render thread/INFO] (Minecraft) SDL [SYSTEM]: App version: 26.3
[23:34:35] [Render thread/INFO] (Minecraft) SDL [SYSTEM]: App ID: com.mojang.minecraft
[23:34:35] [Render thread/INFO] (Minecraft) SDL [SYSTEM]: SDL revision: SDL-3.4.14-62f10da
[23:34:35] [Render thread/WARN] (Minecraft) Device [Apple M3 Pro] supports all extensions from FeatureSet [Vulkan Portability Subset], making required
[23:34:35] [Render thread/INFO] (MinecraftMetal) Metal device created: Apple M3 Pro. Native SDL presentation, no OpenGL context.
[23:34:35] [Render thread/INFO] (Minecraft) Using graphics backend Metal, using drivers: 26.5.2
[23:34:35] [Render thread/INFO] (Minecraft) Using graphics device: Apple M3 Pro (Apple)
[23:34:35] [Render thread/INFO] (Minecraft) Using graphics device extensions: CAMetalLayer, SPIRV-Cross, MSL
[23:34:35] [Render thread/INFO] (Minecraft) Created window using SDL video driver: cocoa
[23:34:36] [Download-1/INFO] (Minecraft) Could not authorize you against Realms server: java.lang.RuntimeException: Failed to parse into SignedJWT: FabricMC
[23:34:36] [Render thread/INFO] (Minecraft) Reloading ResourceManager: vanilla, vanilla, fabric-advancement-api-v1, fabric-api, fabric-api-base, fabric-api-lookup-api-v1, fabric-biome-api-v1, fabric-block-api-v1, fabric-block-getter-api-v2, fabric-client-gametest-api-v1, fabric-command-api-v2, fabric-content-registries-v0, fabric-convention-tags-v2, fabric-crash-report-info-v1, fabric-creative-tab-api-v1, fabric-data-attachment-api-v1, fabric-data-generation-api-v1, fabric-debug-api-v1, fabric-dimensions-v1, fabric-entity-events-v1, fabric-events-interaction-v0, fabric-game-rule-api-v1, fabric-gametest-api-v1, fabric-item-api-v1, fabric-key-mapping-api-v1, fabric-lifecycle-events-v1, fabric-loot-api-v3, fabric-menu-api-v1, fabric-message-api-v1, fabric-model-loading-api-v1, fabric-networking-api-v1, fabric-object-builder-api-v1, fabric-particles-v1, fabric-permission-api-v1, fabric-recipe-api-v1, fabric-registry-sync-v0, fabric-renderer-api-v1, fabric-renderer-indigo, fabric-rendering-fluids-v1, fabric-rendering-v1, fabric-resource-conditions-api-v1, fabric-resource-loader-v0, fabric-resource-loader-v1, fabric-screen-api-v1, fabric-serialization-api-v1, fabric-sound-api-v1, fabric-tag-api-v1, fabric-transfer-api-v1, fabric-transitive-access-wideners-v1, fabricloader
[23:34:37] [Worker-Main-9/INFO] (Minecraft) Found unifont_all_no_pua-17.0.01.hex, loading
[23:34:37] [Worker-Main-2/INFO] (Minecraft) Found unifont_pua-17.0.01.hex, loading
[23:34:37] [Worker-Main-7/INFO] (Minecraft) Found unifont_jp_patch-17.0.01.hex, loading
[23:34:37] [Render thread/INFO] (Minecraft) OpenAL initialized on device MacBook Pro Speakers
[23:34:37] [Render thread/INFO] (Minecraft) Sound engine started
[23:34:37] [Render thread/INFO] (Minecraft) Created: 512x256x0 minecraft:textures/atlas/particles.png-atlas
[23:34:37] [Render thread/INFO] (Minecraft) Created: 256x128x0 minecraft:textures/atlas/celestials.png-atlas
[23:34:37] [Render thread/INFO] (Minecraft) Created: 128x128x0 minecraft:textures/atlas/decorated_pot.png-atlas
[23:34:37] [Render thread/INFO] (Minecraft) Created: 512x256x0 minecraft:textures/atlas/paintings.png-atlas
[23:34:37] [Render thread/INFO] (Minecraft) Created: 1024x512x0 minecraft:textures/atlas/shield_patterns.png-atlas
[23:34:37] [Render thread/INFO] (Minecraft) Created: 1024x512x0 minecraft:textures/atlas/banner_patterns.png-atlas
[23:34:37] [Render thread/INFO] (Minecraft) Created: 2048x2048x4 minecraft:textures/atlas/blocks.png-atlas
[23:34:37] [Render thread/INFO] (Minecraft) Created: 1024x512x0 minecraft:textures/atlas/items.png-atlas
[23:34:37] [Render thread/INFO] (Minecraft) Created: 1024x1024x0 minecraft:textures/atlas/gui.png-atlas
[23:34:38] [Render thread/INFO] (Minecraft) Created: 128x64x0 minecraft:textures/atlas/map_decorations.png-atlas
[23:34:38] [Render thread/INFO] (Minecraft) Created: 512x512x0 minecraft:textures/atlas/chest.png-atlas
[23:34:38] [Render thread/INFO] (Minecraft) Created: 512x512x0 minecraft:textures/atlas/shulker_boxes.png-atlas
[23:34:38] [Worker-Main-7/INFO] (Minecraft) Loaded 1866 advancements
[23:34:39] [Render thread/INFO] (BiomeModificationImpl) Applied 0 biome modifications to 0 of 67 new biomes in 641.0 μs
[23:34:39] [Server thread/INFO] (Minecraft) Starting integrated minecraft server version 26.3
[23:34:39] [Server thread/INFO] (Minecraft) Generating keypair
[23:34:39] [Server thread/INFO] (Minecraft) Loading 0 persistent chunks...
[23:34:39] [Server thread/INFO] (Minecraft) Saving chunks for level 'ServerLevel[Shader pack disposable validation]'/minecraft:overworld
[23:34:39] [Server thread/INFO] (Minecraft) Saving chunks for level 'ServerLevel[Shader pack disposable validation]'/minecraft:the_nether
[23:34:39] [Server thread/INFO] (Minecraft) Saving chunks for level 'ServerLevel[Shader pack disposable validation]'/minecraft:the_end
[23:34:40] [Server thread/INFO] (Minecraft) Loading 49 chunks for player spawn...
[23:34:40] [Server thread/INFO] (Minecraft) Preparing spawn area: 16%
[23:34:40] [Server thread/INFO] (Minecraft) Preparing spawn area: 16%
[23:34:40] [Server thread/INFO] (Minecraft) Preparing spawn area: 16%
[23:34:40] [Server thread/INFO] (Minecraft) Time elapsed: 1483 ms
[23:34:40] [Server thread/INFO] (Minecraft) Player274[local:E:c9a20772] logged in with entity id 3 at (11.5, -54.0, 14.5)
[23:34:41] [Server thread/INFO] (Minecraft) System chat: Player274 joined the game
[23:34:41] [Server thread/INFO] (Minecraft) Changing view distance to 5, from 10
[23:34:41] [Server thread/INFO] (Minecraft) Changing simulation distance to 5, from 0
[23:34:41] [Render thread/INFO] (Minecraft) Loaded 2 advancements
[23:34:41] [Render thread/WARN] (Minecraft) Requested post effect does not exist: minecraft:end_of_frame
[23:34:41] [Render thread/INFO] (Minecraft) Resizing Dynamic Transforms UBO, capacity limit of 2 reached during a single frame. New capacity will be 4.
[23:34:41] [Render thread/INFO] (Minecraft) Resizing Dynamic Transforms UBO, capacity limit of 4 reached during a single frame. New capacity will be 8.
[23:34:41] [Server thread/INFO] (Minecraft) System chat: Game rule send_command_feedback is already set to false
[23:34:41] [Server thread/INFO] (Minecraft) System chat: Game rule advance_time is already set to false
[23:34:41] [Server thread/INFO] (Minecraft) System chat: Clock minecraft:overworld is already set to 4000 tick(s)
[23:34:41] [Server thread/INFO] (Minecraft) System chat: Set the weather to clear
[23:34:41] [Server thread/INFO] (Minecraft) System chat: Removed 1 item(s) from player Player274
[23:34:41] [Server thread/INFO] (Minecraft) System chat: Gave 1 [Diamond Sword] to Player274
[23:34:41] [Server thread/INFO] (Minecraft) System chat: Teleported Player274 to 11.000000, -54.000000, 14.000000
[23:34:41] [Render thread/INFO] (Minecraft) Resizing Chunk Sections Command Buffer, capacity limit of 2 reached during a single frame. New capacity will be 4.
[23:34:41] [Render thread/INFO] (Minecraft) Resizing Chunk Sections Instanced, capacity limit of 2 reached during a single frame. New capacity will be 4.
[23:34:41] [Render thread/INFO] (Minecraft) Resizing Dynamic Transforms UBO, capacity limit of 8 reached during a single frame. New capacity will be 16.
[23:34:41] [Render thread/INFO] (Minecraft) Resizing Chunk Sections Command Buffer, capacity limit of 4 reached during a single frame. New capacity will be 16.
[23:34:41] [Render thread/INFO] (Minecraft) Resizing Chunk Sections Instanced, capacity limit of 4 reached during a single frame. New capacity will be 8.
[23:34:41] [Render thread/INFO] (Minecraft) Resizing Chunk Sections Command Buffer, capacity limit of 16 reached during a single frame. New capacity will be 32.
[23:34:41] [Render thread/INFO] (Minecraft) Resizing Chunk Sections Instanced, capacity limit of 8 reached during a single frame. New capacity will be 16.
[23:34:41] [Render thread/INFO] (Minecraft) [STDOUT]: [Shader benchmark] Warming up for 30s at 1280x720
[23:34:41] [Render thread/INFO] (Minecraft) Resizing Chunk Sections Instanced, capacity limit of 16 reached during a single frame. New capacity will be 32.
[23:34:41] [Render thread/INFO] (Minecraft) Resizing Chunk Sections Command Buffer, capacity limit of 32 reached during a single frame. New capacity will be 64.
[23:34:41] [Render thread/INFO] (Minecraft) Resizing Chunk Sections Instanced, capacity limit of 32 reached during a single frame. New capacity will be 64.
[23:35:11] [Render thread/INFO] (Minecraft) [STDOUT]: [Shader benchmark] Measuring all frame intervals for 60s
[Shader benchmark] COMPLETE baseline: 149.77 FPS, p50 8.202ms, p95 9.248ms, p99 9.814ms (8987 frames). <repository>/shader-loader/build/run/benchmark-baseline/benchmarks/baseline.json
[23:36:11] [Render thread/INFO] (Minecraft) Stopping!
[23:36:11] [Server thread/INFO] (Minecraft) Stopping server
[23:36:11] [Server thread/INFO] (Minecraft) Saving players
[23:36:11] [Server thread/INFO] (Minecraft) Player274 lost connection: Disconnected
[23:36:11] [Server thread/INFO] (Minecraft) System chat: Player274 left the game
[23:36:11] [Server thread/INFO] (Minecraft) Stopping singleplayer server as player logged out
[23:36:11] [Server thread/INFO] (Minecraft) Saving worlds
[23:36:11] [Server thread/INFO] (Minecraft) Saving chunks for level 'ServerLevel[Shader pack disposable validation]'/minecraft:overworld
[23:36:11] [Server thread/INFO] (Minecraft) Saving chunks for level 'ServerLevel[Shader pack disposable validation]'/minecraft:the_nether
[23:36:11] [Server thread/INFO] (Minecraft) Saving chunks for level 'ServerLevel[Shader pack disposable validation]'/minecraft:the_end

> Task :shader-loader:runClientBenchmarkBsl
[23:36:12] [main/INFO] (FabricLoader/GameProvider) Loading Minecraft 26.3 with Fabric Loader 0.19.5
[23:36:12] [main/INFO] (FabricLoader/Mappings) Mappings not present!
[23:36:12] [main/INFO] (FabricLoader) Loading 54 mods:
	- fabric-advancement-api-v1 1.0.0+38c7a2d55d
	- fabric-api 0.161.0+26.3
	- fabric-api-base 2.0.6+fcdff87f5d
	- fabric-api-lookup-api-v1 2.0.24+3434d6d95d
	- fabric-biome-api-v1 20.0.9+74ed1ea55d
	- fabric-block-api-v1 3.1.0+0ae6f9115d
	- fabric-block-getter-api-v2 2.0.9+3434d6d95d
	- fabric-client-gametest-api-v1 6.0.7+4be74c3f5d
	- fabric-command-api-v2 3.1.2+fcdff87f5d
	- fabric-content-registries-v0 15.0.4+74ed1ea55d
	- fabric-convention-tags-v2 4.10.3+6b5b47fd5d
	- fabric-crash-report-info-v1 1.0.7+fcdff87f5d
	- fabric-creative-tab-api-v1 5.0.21+fcdff87f5d
	- fabric-data-attachment-api-v1 2.2.30+3434d6d95d
	- fabric-data-generation-api-v1 27.2.4+427eab975d
	- fabric-debug-api-v1 1.0.4+3434d6d95d
	- fabric-dimensions-v1 5.1.19+47f74c985d
	- fabric-entity-events-v1 6.0.4+3434d6d95d
	- fabric-events-interaction-v0 5.3.6+3434d6d95d
	- fabric-game-rule-api-v1 4.0.10+3434d6d95d
	- fabric-gametest-api-v1 4.0.32+3434d6d95d
	- fabric-item-api-v1 14.7.0+cf6bc2db5d
	- fabric-key-mapping-api-v1 2.0.8+3434d6d95d
	- fabric-lifecycle-events-v1 4.1.9+ffef5f675d
	- fabric-loot-api-v3 4.0.8+4068fd645d
	- fabric-menu-api-v1 2.0.27+ed66f0a35d
	- fabric-message-api-v1 7.0.10+3434d6d95d
	- fabric-model-loading-api-v1 8.0.35+fcdff87f5d
	- fabric-networking-api-v1 6.3.8+fcdff87f5d
	- fabric-object-builder-api-v1 24.1.9+3434d6d95d
	- fabric-particles-v1 5.0.24+3434d6d95d
	- fabric-permission-api-v1 1.0.8+fcdff87f5d
	- fabric-recipe-api-v1 10.0.8+fcdff87f5d
	- fabric-registry-sync-v0 8.0.1+fcdff87f5d
	- fabric-renderer-api-v1 17.0.15+79385d0b5d
	- fabric-renderer-indigo 9.1.23+b9d63e335d
	- fabric-rendering-fluids-v1 6.0.6+3434d6d95d
	- fabric-rendering-v1 27.0.14+901a437c5d
	- fabric-resource-conditions-api-v1 6.1.5+3434d6d95d
	- fabric-resource-loader-v0 3.3.26+4fc5413f5d
	- fabric-resource-loader-v1 3.0.4+fcdff87f5d
	- fabric-screen-api-v1 5.2.4+48607d035d
	- fabric-serialization-api-v1 2.0.7+74ed1ea55d
	- fabric-sound-api-v1 2.0.7+3434d6d95d
	- fabric-tag-api-v1 2.1.10+fcdff87f5d
	- fabric-transfer-api-v1 8.0.25+fcdff87f5d
	- fabric-transitive-access-wideners-v1 8.1.16+52268a0e5d
	- fabricloader 0.19.5
	- java 26
	- minecraft 26.3
	- minecraft_metal 0.2.1
	- minecraft_shader_benchmark 1.0.0
	- minecraft_shader_loader 0.1.0
	- mixinextras 0.5.5
[23:36:12] [main/INFO] (FabricLoader/Mixin) SpongePowered MIXIN Subsystem Version=0.8.7 Source=file:<home>/.gradle/caches/modules-2/files-2.1/net.fabricmc/sponge-mixin/0.17.4+mixin.0.8.7/5f66cc9f59b8efaa942155a3d5a30599bf6640dd/sponge-mixin-0.17.4+mixin.0.8.7.jar Service=Knot/Fabric Env=CLIENT
[23:36:12] [main/INFO] (FabricLoader/MixinExtras|Service) Initializing MixinExtras via com.llamalad7.mixinextras.service.MixinExtrasServiceImpl(version=0.5.5).
[23:36:13] [Datafixer Bootstrap #0/INFO] (Minecraft) 307 Datafixer optimizations took 212 milliseconds
[23:36:16] [Render thread/INFO] (Minecraft) Environment: Environment[discoveryUrl=https://discovery.minecraftservices.com/minecraft/client, name=PROD]
[23:36:16] [Render thread/INFO] (Minecraft) Setting user: Player913
[23:36:17] [Render thread/INFO] (minecraft_shader_loader) Selected shader pack BSL_v10.1.8.zip with 35723 cached block states; render programs initialize when entering a world.
[23:36:17] [Render thread/INFO] (minecraft_metal) Native Metal backend selected. Use -Dmetal.enabled=false to use Minecraft's graphics setting.
[23:36:17] [Render thread/INFO] (Indigo) [Indigo] Registering Indigo renderer!
[23:36:17] [Render thread/INFO] (Minecraft) [STDOUT]: [Shader benchmark] Awaiting normal quick-play world shader-benchmark-scene
[23:36:17] [Render thread/INFO] (Minecraft) Backend library: LWJGL version 3.4.3-snapshot
[23:36:17] [Render thread/INFO] (Minecraft) SDL [SYSTEM]: App name: Minecraft
[23:36:17] [Render thread/INFO] (Minecraft) SDL [SYSTEM]: App version: 26.3
[23:36:17] [Render thread/INFO] (Minecraft) SDL [SYSTEM]: App ID: com.mojang.minecraft
[23:36:17] [Render thread/INFO] (Minecraft) SDL [SYSTEM]: SDL revision: SDL-3.4.14-62f10da
[23:36:17] [Render thread/WARN] (Minecraft) Device [Apple M3 Pro] supports all extensions from FeatureSet [Vulkan Portability Subset], making required
[23:36:17] [Render thread/INFO] (MinecraftMetal) Metal device created: Apple M3 Pro. Native SDL presentation, no OpenGL context.
[23:36:17] [Render thread/INFO] (Minecraft) Using graphics backend Metal, using drivers: 26.5.2
[23:36:17] [Render thread/INFO] (Minecraft) Using graphics device: Apple M3 Pro (Apple)
[23:36:17] [Render thread/INFO] (Minecraft) Using graphics device extensions: SPIRV-Cross, CAMetalLayer, MSL
[23:36:17] [Render thread/INFO] (Minecraft) Created window using SDL video driver: cocoa
[23:36:18] [Download-1/INFO] (Minecraft) Could not authorize you against Realms server: java.lang.RuntimeException: Failed to parse into SignedJWT: FabricMC
[23:36:18] [Render thread/INFO] (Minecraft) Reloading ResourceManager: vanilla, vanilla, fabric-advancement-api-v1, fabric-api, fabric-api-base, fabric-api-lookup-api-v1, fabric-biome-api-v1, fabric-block-api-v1, fabric-block-getter-api-v2, fabric-client-gametest-api-v1, fabric-command-api-v2, fabric-content-registries-v0, fabric-convention-tags-v2, fabric-crash-report-info-v1, fabric-creative-tab-api-v1, fabric-data-attachment-api-v1, fabric-data-generation-api-v1, fabric-debug-api-v1, fabric-dimensions-v1, fabric-entity-events-v1, fabric-events-interaction-v0, fabric-game-rule-api-v1, fabric-gametest-api-v1, fabric-item-api-v1, fabric-key-mapping-api-v1, fabric-lifecycle-events-v1, fabric-loot-api-v3, fabric-menu-api-v1, fabric-message-api-v1, fabric-model-loading-api-v1, fabric-networking-api-v1, fabric-object-builder-api-v1, fabric-particles-v1, fabric-permission-api-v1, fabric-recipe-api-v1, fabric-registry-sync-v0, fabric-renderer-api-v1, fabric-renderer-indigo, fabric-rendering-fluids-v1, fabric-rendering-v1, fabric-resource-conditions-api-v1, fabric-resource-loader-v0, fabric-resource-loader-v1, fabric-screen-api-v1, fabric-serialization-api-v1, fabric-sound-api-v1, fabric-tag-api-v1, fabric-transfer-api-v1, fabric-transitive-access-wideners-v1, fabricloader
[23:36:19] [Worker-Main-3/INFO] (Minecraft) Found unifont_all_no_pua-17.0.01.hex, loading
[23:36:19] [Worker-Main-5/INFO] (Minecraft) Found unifont_pua-17.0.01.hex, loading
[23:36:19] [Worker-Main-6/INFO] (Minecraft) Found unifont_jp_patch-17.0.01.hex, loading
[23:36:19] [Render thread/INFO] (Minecraft) OpenAL initialized on device MacBook Pro Speakers
[23:36:19] [Render thread/INFO] (Minecraft) Sound engine started
[23:36:19] [Render thread/INFO] (Minecraft) Created: 512x256x0 minecraft:textures/atlas/particles.png-atlas
[23:36:20] [Render thread/INFO] (Minecraft) Created: 256x128x0 minecraft:textures/atlas/celestials.png-atlas
[23:36:20] [Render thread/INFO] (Minecraft) Created: 128x128x0 minecraft:textures/atlas/decorated_pot.png-atlas
[23:36:20] [Render thread/INFO] (Minecraft) Created: 512x256x0 minecraft:textures/atlas/paintings.png-atlas
[23:36:20] [Render thread/INFO] (Minecraft) Created: 1024x512x0 minecraft:textures/atlas/shield_patterns.png-atlas
[23:36:20] [Render thread/INFO] (Minecraft) Created: 1024x512x0 minecraft:textures/atlas/banner_patterns.png-atlas
[23:36:20] [Render thread/INFO] (Minecraft) Created: 2048x2048x4 minecraft:textures/atlas/blocks.png-atlas
[23:36:20] [Render thread/INFO] (Minecraft) Created: 1024x512x0 minecraft:textures/atlas/items.png-atlas
[23:36:20] [Render thread/INFO] (Minecraft) Created: 1024x1024x0 minecraft:textures/atlas/gui.png-atlas
[23:36:20] [Render thread/INFO] (Minecraft) Created: 128x64x0 minecraft:textures/atlas/map_decorations.png-atlas
[23:36:20] [Render thread/INFO] (Minecraft) Created: 512x512x0 minecraft:textures/atlas/chest.png-atlas
[23:36:20] [Render thread/INFO] (Minecraft) Created: 512x512x0 minecraft:textures/atlas/shulker_boxes.png-atlas
[23:36:20] [Worker-Main-2/INFO] (Minecraft) Loaded 1866 advancements
[23:36:21] [Render thread/INFO] (BiomeModificationImpl) Applied 0 biome modifications to 0 of 67 new biomes in 559.8 μs
[23:36:21] [Server thread/INFO] (Minecraft) Starting integrated minecraft server version 26.3
[23:36:21] [Server thread/INFO] (Minecraft) Generating keypair
[23:36:21] [Server thread/INFO] (Minecraft) Loading 0 persistent chunks...
[23:36:21] [Server thread/INFO] (Minecraft) Saving chunks for level 'ServerLevel[Shader pack disposable validation]'/minecraft:overworld
[23:36:21] [Server thread/INFO] (Minecraft) Saving chunks for level 'ServerLevel[Shader pack disposable validation]'/minecraft:the_end
[23:36:21] [Server thread/INFO] (Minecraft) Saving chunks for level 'ServerLevel[Shader pack disposable validation]'/minecraft:the_nether
[23:36:22] [Server thread/INFO] (Minecraft) Loading 49 chunks for player spawn...
[23:36:22] [Server thread/INFO] (Minecraft) Preparing spawn area: 16%
[23:36:22] [Server thread/INFO] (Minecraft) Preparing spawn area: 16%
[23:36:22] [Server thread/INFO] (Minecraft) Preparing spawn area: 16%
[23:36:22] [Server thread/INFO] (Minecraft) Preparing spawn area: 100%
[23:36:22] [Server thread/INFO] (Minecraft) Time elapsed: 1575 ms
[23:36:22] [Server thread/INFO] (Minecraft) Player913[local:E:9177846e] logged in with entity id 3 at (11.5, -54.0, 14.5)
[23:36:22] [Server thread/INFO] (Minecraft) System chat: Player913 joined the game
[23:36:22] [Server thread/INFO] (Minecraft) Changing view distance to 5, from 10
[23:36:22] [Server thread/INFO] (Minecraft) Changing simulation distance to 5, from 0
[23:36:22] [Render thread/INFO] (Minecraft) Loaded 2 advancements
[23:36:22] [Render thread/WARN] (Minecraft) Requested post effect does not exist: minecraft:end_of_frame
[23:36:24] [Render thread/INFO] (minecraft_shader_loader) Pack BSL_v10.1.8.zip initialized in minecraft:overworld at 1280x720
[23:36:24] [Render thread/INFO] (Minecraft) Resizing Dynamic Transforms UBO, capacity limit of 2 reached during a single frame. New capacity will be 4.
[23:36:24] [Server thread/INFO] (Minecraft) System chat: Game rule send_command_feedback is already set to false
[23:36:24] [Server thread/INFO] (Minecraft) System chat: Game rule advance_time is already set to false
[23:36:24] [Server thread/INFO] (Minecraft) System chat: Clock minecraft:overworld is already set to 4000 tick(s)
[23:36:24] [Server thread/INFO] (Minecraft) System chat: Set the weather to clear
[23:36:24] [Server thread/INFO] (Minecraft) System chat: Removed 1 item(s) from player Player913
[23:36:24] [Server thread/INFO] (Minecraft) System chat: Gave 1 [Diamond Sword] to Player913
[23:36:24] [Server thread/INFO] (Minecraft) System chat: Teleported Player913 to 11.000000, -54.000000, 14.000000
[23:36:24] [Render thread/INFO] (Minecraft) Resizing Dynamic Transforms UBO, capacity limit of 4 reached during a single frame. New capacity will be 8.
[23:36:24] [Render thread/INFO] (Minecraft) Resizing Dynamic Transforms UBO, capacity limit of 8 reached during a single frame. New capacity will be 16.
[23:36:24] [Render thread/INFO] (Minecraft) Resizing Chunk Sections Command Buffer, capacity limit of 2 reached during a single frame. New capacity will be 4.
[23:36:24] [Render thread/INFO] (Minecraft) Resizing Chunk Sections Instanced, capacity limit of 2 reached during a single frame. New capacity will be 4.
[23:36:24] [Render thread/INFO] (Minecraft) Resizing Chunk Sections Command Buffer, capacity limit of 4 reached during a single frame. New capacity will be 8.
[23:36:24] [Render thread/INFO] (Minecraft) Resizing Chunk Sections Instanced, capacity limit of 4 reached during a single frame. New capacity will be 8.
[23:36:25] [Render thread/INFO] (Minecraft) Resizing Chunk Sections Command Buffer, capacity limit of 8 reached during a single frame. New capacity will be 16.
[23:36:25] [Render thread/INFO] (Minecraft) Resizing Chunk Sections Instanced, capacity limit of 8 reached during a single frame. New capacity will be 16.
[23:36:25] [Render thread/INFO] (Minecraft) Resizing Chunk Sections Command Buffer, capacity limit of 16 reached during a single frame. New capacity will be 64.
[23:36:25] [Render thread/INFO] (Minecraft) Resizing Chunk Sections Instanced, capacity limit of 16 reached during a single frame. New capacity will be 32.
[23:36:25] [Render thread/INFO] (Minecraft) Resizing Chunk Sections Command Buffer, capacity limit of 64 reached during a single frame. New capacity will be 128.
[23:36:25] [Render thread/INFO] (Minecraft) Resizing Chunk Sections Instanced, capacity limit of 32 reached during a single frame. New capacity will be 64.
[23:36:25] [Render thread/INFO] (Minecraft) [STDOUT]: [Shader benchmark] Warming up for 30s at 1280x720
[23:36:25] [Render thread/INFO] (Minecraft) Resizing Chunk Sections Instanced, capacity limit of 64 reached during a single frame. New capacity will be 128.
[23:36:25] [Render thread/INFO] (Minecraft) Resizing Chunk Sections Command Buffer, capacity limit of 128 reached during a single frame. New capacity will be 256.
[23:36:25] [Render thread/INFO] (Minecraft) Resizing Chunk Sections Instanced, capacity limit of 128 reached during a single frame. New capacity will be 256.
[23:36:25] [Render thread/INFO] (Minecraft) [STDOUT]: [Shader benchmark] Warming up for 30s at 1280x720
[23:36:56] [Render thread/INFO] (Minecraft) [STDOUT]: [Shader benchmark] Measuring all frame intervals for 60s
[Shader benchmark] COMPLETE bsl-default: 115.05 FPS, p50 8.324ms, p95 9.366ms, p99 27.355ms (6905 frames). <repository>/shader-loader/build/run/benchmark-bsl-default/benchmarks/bsl-default.json
[23:37:56] [Render thread/INFO] (Minecraft) Stopping!
[23:37:56] [Server thread/INFO] (Minecraft) Stopping server
[23:37:56] [Server thread/INFO] (Minecraft) Saving players
[23:37:56] [Server thread/INFO] (Minecraft) Player913 lost connection: Disconnected
[23:37:56] [Server thread/INFO] (Minecraft) System chat: Player913 left the game
[23:37:56] [Server thread/INFO] (Minecraft) Stopping singleplayer server as player logged out
[23:37:56] [Server thread/INFO] (Minecraft) Saving worlds
[23:37:56] [Server thread/INFO] (Minecraft) Saving chunks for level 'ServerLevel[Shader pack disposable validation]'/minecraft:overworld
[23:37:56] [Server thread/INFO] (Minecraft) Saving chunks for level 'ServerLevel[Shader pack disposable validation]'/minecraft:the_end
[23:37:56] [Server thread/INFO] (Minecraft) Saving chunks for level 'ServerLevel[Shader pack disposable validation]'/minecraft:the_nether

BUILD SUCCESSFUL in 3m 58s
19 actionable tasks: 4 executed, 15 up-to-date
Consider enabling configuration cache to speed up this build: https://docs.gradle.org/9.7.1/userguide/configuration_cache_enabling.html
