[23:33:58] [main/INFO]: Loading Minecraft 26.3 with Fabric Loader 0.19.5
[23:33:58] [main/INFO]: Mappings not present!
[23:33:58] [main/INFO]: Loading 7 mods:
	- fabricloader 0.19.5
	   \-- mixinextras 0.5.5
	- java 26
	- minecraft 26.3
	- minecraft_metal 0.2.1
	- minecraft_shader_benchmark 1.0.0
	- minecraft_shader_loader 0.1.0
[23:33:58] [main/INFO]: SpongePowered MIXIN Subsystem Version=0.8.7 Source=file:<home>/.gradle/caches/modules-2/files-2.1/net.fabricmc/sponge-mixin/0.17.4+mixin.0.8.7/5f66cc9f59b8efaa942155a3d5a30599bf6640dd/sponge-mixin-0.17.4+mixin.0.8.7.jar Service=Knot/Fabric Env=CLIENT
[23:33:58] [main/WARN]: Error loading class: net/fabricmc/fabric/impl/client/indigo/renderer/render/AltModelBlockRendererImpl (java.lang.ClassNotFoundException: net/fabricmc/fabric/impl/client/indigo/renderer/render/AltModelBlockRendererImpl)
[23:33:58] [main/WARN]: Error loading class: net/fabricmc/fabric/impl/client/indigo/renderer/aocalc/AoCalculator (java.lang.ClassNotFoundException: net/fabricmc/fabric/impl/client/indigo/renderer/aocalc/AoCalculator)
[23:33:58] [main/WARN]: Error loading class: net/fabricmc/fabric/impl/client/indigo/renderer/aocalc/FlatLighter (java.lang.ClassNotFoundException: net/fabricmc/fabric/impl/client/indigo/renderer/aocalc/FlatLighter)
[23:33:58] [main/INFO]: Initializing MixinExtras via com.llamalad7.mixinextras.service.MixinExtrasServiceImpl(version=0.5.5).
[23:33:59] [Datafixer Bootstrap #0/INFO]: 307 Datafixer optimizations took 159 milliseconds
[23:34:01] [Render thread/INFO]: Environment: Environment[discoveryUrl=https://discovery.minecraftservices.com/minecraft/client, name=PROD]
[23:34:01] [Render thread/INFO]: Setting user: ShaderValidation
[23:34:01] [Render thread/INFO]: Native Metal backend selected. Use -Dmetal.enabled=false to use Minecraft's graphics setting.
[23:34:01] [Render thread/INFO]: [STDOUT]: [Shader benchmark] Awaiting normal quick-play world shader-benchmark-scene
[23:34:02] [Render thread/INFO]: Selected shader pack BSL_v10.1.8.zip with 35723 cached block states; render programs initialize when entering a world.
[23:34:02] [Render thread/INFO]: Backend library: LWJGL version 3.4.3-snapshot
[23:34:02] [Render thread/INFO]: SDL [SYSTEM]: App name: Minecraft
[23:34:02] [Render thread/INFO]: SDL [SYSTEM]: App version: 26.3
[23:34:02] [Render thread/INFO]: SDL [SYSTEM]: App ID: com.mojang.minecraft
[23:34:02] [Render thread/INFO]: SDL [SYSTEM]: SDL revision: SDL-3.4.14-62f10da
[23:34:02] [Download-2/ERROR]: Failed to fetch user properties
com.mojang.authlib.exceptions.InvalidCredentialsException: Status: 401
	at knot//com.mojang.authlib.exceptions.MinecraftClientHttpException.toAuthenticationException(MinecraftClientHttpException.java:70)
	at knot//com.mojang.authlib.services.MinecraftServicesUserApiService.fetchProperties(MinecraftServicesUserApiService.java:168)
	at knot//net.minecraft.client.Minecraft.lambda$new$1(Minecraft.java:451)
	at java.base/java.util.concurrent.CompletableFuture$AsyncSupply.run(CompletableFuture.java:1789)
	at java.base/java.util.concurrent.ThreadPoolExecutor.runWorker(ThreadPoolExecutor.java:1090)
	at java.base/java.util.concurrent.ThreadPoolExecutor$Worker.run(ThreadPoolExecutor.java:614)
	at java.base/java.lang.Thread.run(Thread.java:1516)
Caused by: MinecraftClientHttpException[type=HTTP_ERROR, status=401, response=ErrorResponse[path=/player/attributes, error=null, errorMessage=null, details=null]]
	at knot//com.mojang.authlib.minecraft.client.MinecraftClient.buildHttpException(MinecraftClient.java:170)
	at knot//com.mojang.authlib.minecraft.client.MinecraftClient.readServiceResponse(MinecraftClient.java:147)
	at knot//com.mojang.authlib.minecraft.client.MinecraftClient.getWithEtag(MinecraftClient.java:81)
	at knot//com.mojang.authlib.minecraft.client.MinecraftClient.get(MinecraftClient.java:65)
	at knot//com.mojang.authlib.services.MinecraftServicesUserApiService.fetchProperties(MinecraftServicesUserApiService.java:118)
	... 5 more
[23:34:02] [Render thread/WARN]: Device [Apple M3 Pro] supports all extensions from FeatureSet [Vulkan Portability Subset], making required
[23:34:02] [Render thread/INFO]: Metal device created: Apple M3 Pro. Native SDL presentation, no OpenGL context.
[23:34:02] [Render thread/INFO]: Using graphics backend Metal, using drivers: 26.5.2
[23:34:02] [Render thread/INFO]: Using graphics device: Apple M3 Pro (Apple)
[23:34:02] [Render thread/INFO]: Using graphics device extensions: CAMetalLayer, MSL, SPIRV-Cross
[23:34:02] [Render thread/INFO]: Created window using SDL video driver: cocoa
[23:34:02] [Download-1/INFO]: Could not authorize you against Realms server: java.lang.RuntimeException: Failed to parse into SignedJWT: 0
[23:34:02] [Download-1/ERROR]: Failed to fetch Realms feature flags
com.mojang.realmsclient.exception.RealmsServiceException: Realms authentication error with message 'java.lang.RuntimeException: Failed to parse into SignedJWT: 0'
	at knot//com.mojang.realmsclient.client.RealmsClient.execute(RealmsClient.java:625)
	at knot//com.mojang.realmsclient.client.RealmsClient.fetchFeatureFlags(RealmsClient.java:204)
	at java.base/java.util.concurrent.CompletableFuture$AsyncSupply.run(CompletableFuture.java:1789)
	at java.base/java.util.concurrent.ThreadPoolExecutor.runWorker(ThreadPoolExecutor.java:1090)
	at java.base/java.util.concurrent.ThreadPoolExecutor$Worker.run(ThreadPoolExecutor.java:614)
	at java.base/java.lang.Thread.run(Thread.java:1516)
[23:34:03] [Render thread/INFO]: Reloading ResourceManager: vanilla, vanilla
[23:34:03] [Worker-Main-4/INFO]: Found unifont_all_no_pua-17.0.01.hex, loading
[23:34:03] [Worker-Main-2/INFO]: Found unifont_pua-17.0.01.hex, loading
[23:34:03] [Worker-Main-6/INFO]: Found unifont_jp_patch-17.0.01.hex, loading
[23:34:04] [Render thread/INFO]: OpenAL initialized on device MacBook Pro Speakers
[23:34:04] [Render thread/INFO]: Sound engine started
[23:34:04] [Render thread/INFO]: Created: 512x256x0 minecraft:textures/atlas/particles.png-atlas
[23:34:04] [Render thread/INFO]: Created: 256x128x0 minecraft:textures/atlas/celestials.png-atlas
[23:34:04] [Render thread/INFO]: Created: 128x128x0 minecraft:textures/atlas/decorated_pot.png-atlas
[23:34:04] [Render thread/INFO]: Created: 512x256x0 minecraft:textures/atlas/paintings.png-atlas
[23:34:04] [Render thread/INFO]: Created: 1024x512x0 minecraft:textures/atlas/shield_patterns.png-atlas
[23:34:04] [Render thread/INFO]: Created: 1024x512x0 minecraft:textures/atlas/banner_patterns.png-atlas
[23:34:04] [Render thread/INFO]: Created: 2048x2048x4 minecraft:textures/atlas/blocks.png-atlas
[23:34:04] [Render thread/INFO]: Created: 1024x512x0 minecraft:textures/atlas/items.png-atlas
[23:34:04] [Render thread/INFO]: Created: 1024x1024x0 minecraft:textures/atlas/gui.png-atlas
[23:34:04] [Render thread/INFO]: Created: 128x64x0 minecraft:textures/atlas/map_decorations.png-atlas
[23:34:04] [Render thread/INFO]: Created: 512x512x0 minecraft:textures/atlas/chest.png-atlas
[23:34:04] [Render thread/INFO]: Created: 512x512x0 minecraft:textures/atlas/shulker_boxes.png-atlas
[23:34:04] [Render thread/WARN]: Missing data pack fabric-convention-tags-v2
[23:34:04] [Render thread/WARN]: Missing data pack fabric-gametest-api-v1
[23:34:05] [Worker-Main-2/INFO]: Loaded 1866 advancements
[23:34:05] [Server thread/INFO]: Starting integrated minecraft server version 26.3
[23:34:05] [Server thread/INFO]: Generating keypair
[23:34:05] [Server thread/INFO]: Loading 0 persistent chunks...
[23:34:05] [Server thread/INFO]: Saving chunks for level 'ServerLevel[Shader pack disposable validation]'/minecraft:overworld
[23:34:05] [Server thread/INFO]: Saving chunks for level 'ServerLevel[Shader pack disposable validation]'/minecraft:the_end
[23:34:05] [Server thread/INFO]: Saving chunks for level 'ServerLevel[Shader pack disposable validation]'/minecraft:the_nether
[23:34:06] [Server thread/INFO]: Loading 49 chunks for player spawn...
[23:34:06] [Server thread/INFO]: Preparing spawn area: 16%
[23:34:06] [Server thread/INFO]: Preparing spawn area: 16%
[23:34:06] [Server thread/INFO]: Preparing spawn area: 16%
[23:34:06] [Server thread/INFO]: Preparing spawn area: 100%
[23:34:06] [Server thread/INFO]: Time elapsed: 1572 ms
[23:34:06] [Server thread/INFO]: ShaderValidation[local:E:25b29b48] logged in with entity id 3 at (11.5, -54.0, 14.5)
[23:34:06] [Server thread/INFO]: System chat: ShaderValidation joined the game
[23:34:07] [Server thread/INFO]: Changing view distance to 5, from 10
[23:34:07] [Server thread/INFO]: Changing simulation distance to 5, from 0
[23:34:07] [Render thread/WARN]: Requested post effect does not exist: minecraft:end_of_frame
[23:34:08] [Render thread/INFO]: Pack BSL_v10.1.8.zip initialized in minecraft:overworld at 1280x720
[23:34:08] [Render thread/INFO]: Resizing Dynamic Transforms UBO, capacity limit of 2 reached during a single frame. New capacity will be 4.
[23:34:08] [Render thread/INFO]: Loaded 2 advancements
[23:34:08] [Server thread/INFO]: System chat: Game rule send_command_feedback is already set to false
[23:34:08] [Server thread/INFO]: System chat: Game rule advance_time is already set to false
[23:34:08] [Server thread/INFO]: System chat: Clock minecraft:overworld is already set to 4000 tick(s)
[23:34:08] [Server thread/INFO]: System chat: Set the weather to clear
[23:34:08] [Server thread/INFO]: System chat: Removed 1 item(s) from player ShaderValidation
[23:34:08] [Server thread/INFO]: System chat: Gave 1 [Diamond Sword] to ShaderValidation
[23:34:08] [Server thread/INFO]: System chat: Teleported ShaderValidation to 11.000000, -54.000000, 14.000000
[23:34:08] [Render thread/INFO]: Resizing Dynamic Transforms UBO, capacity limit of 4 reached during a single frame. New capacity will be 8.
[23:34:08] [Render thread/INFO]: Resizing Dynamic Transforms UBO, capacity limit of 8 reached during a single frame. New capacity will be 16.
[23:34:09] [Render thread/INFO]: Resizing Chunk Sections Command Buffer, capacity limit of 2 reached during a single frame. New capacity will be 4.
[23:34:09] [Render thread/INFO]: Resizing Chunk Sections Instanced, capacity limit of 2 reached during a single frame. New capacity will be 4.
[23:34:09] [Render thread/INFO]: Resizing Chunk Sections Command Buffer, capacity limit of 4 reached during a single frame. New capacity will be 8.
[23:34:09] [Render thread/INFO]: Resizing Chunk Sections Instanced, capacity limit of 4 reached during a single frame. New capacity will be 8.
[23:34:09] [Render thread/INFO]: Resizing Chunk Sections Command Buffer, capacity limit of 8 reached during a single frame. New capacity will be 16.
[23:34:09] [Render thread/INFO]: Resizing Chunk Sections Instanced, capacity limit of 8 reached during a single frame. New capacity will be 16.
[23:34:09] [Render thread/INFO]: Resizing Chunk Sections Command Buffer, capacity limit of 16 reached during a single frame. New capacity will be 64.
[23:34:09] [Render thread/INFO]: Resizing Chunk Sections Instanced, capacity limit of 16 reached during a single frame. New capacity will be 32.
[23:34:09] [Render thread/INFO]: Resizing Chunk Sections Command Buffer, capacity limit of 64 reached during a single frame. New capacity will be 128.
[23:34:09] [Render thread/INFO]: Resizing Chunk Sections Instanced, capacity limit of 32 reached during a single frame. New capacity will be 64.
[23:34:09] [Render thread/INFO]: Resizing Chunk Sections Instanced, capacity limit of 64 reached during a single frame. New capacity will be 128.
[23:34:09] [Render thread/INFO]: Resizing Chunk Sections Command Buffer, capacity limit of 128 reached during a single frame. New capacity will be 256.
[23:34:09] [Render thread/INFO]: Resizing Chunk Sections Instanced, capacity limit of 128 reached during a single frame. New capacity will be 256.
[23:34:09] [Render thread/INFO]: [STDOUT]: [Shader benchmark] Warming up for 10s at 1280x720
[23:34:19] [Render thread/INFO]: [STDOUT]: [Shader benchmark] Measuring all frame intervals for 10s
[23:34:29] [Render thread/INFO]: Stopping!
[23:34:29] [Server thread/INFO]: ShaderValidation lost connection: Disconnected
[23:34:29] [Server thread/INFO]: System chat: ShaderValidation left the game
[23:34:29] [Server thread/INFO]: Stopping singleplayer server as player logged out
[23:34:29] [Server thread/INFO]: Stopping server
[23:34:29] [Server thread/INFO]: Saving players
[23:34:29] [Server thread/INFO]: Saving worlds
[23:34:30] [Server thread/INFO]: Saving chunks for level 'ServerLevel[Shader pack disposable validation]'/minecraft:overworld
[23:34:30] [Server thread/INFO]: Saving chunks for level 'ServerLevel[Shader pack disposable validation]'/minecraft:the_end
[23:34:30] [Server thread/INFO]: Saving chunks for level 'ServerLevel[Shader pack disposable validation]'/minecraft:the_nether
