
> Configure project :
Fabric Loom: 1.18.2

> Configure project :shader-loader
Fabric Loom: 1.18.2

> Task :compileJava UP-TO-DATE
> Task :configureNative UP-TO-DATE
> Task :buildNative UP-TO-DATE
> Task :processResources UP-TO-DATE
> Task :classes UP-TO-DATE
> Task :compileGametestJava
> Task :generateLog4jConfig UP-TO-DATE
> Task :generateDLIConfig UP-TO-DATE
> Task :configureLaunch UP-TO-DATE
> Task :downloadAssets UP-TO-DATE
> Task :configureClientLaunch UP-TO-DATE
> Task :deleteGameTestRunDir
> Task :processGametestResources UP-TO-DATE
> Task :gametestClasses

> Task :runClientGameTest
[23:18:59] [main/INFO] (FabricLoader/GameProvider) Loading Minecraft 26.3 with Fabric Loader 0.19.5
[23:18:59] [main/INFO] (FabricLoader/Mappings) Mappings not present!
[23:18:59] [main/INFO] (FabricLoader) Loading 53 mods:
	- fabric-advancement-api-v1 1.0.0+38c7a2d55d
	- fabric-api 0.161.0+26.3
	- fabric-api-base 2.0.6+fcdff87f5d
	- fabric-api-lookup-api-v1 2.0.24+3434d6d95d
	- fabric-biome-api-v1 20.0.9+74ed1ea55d
	- fabric-block-api-v1 3.1.0+0ae6f9115d
	- fabric-block-getter-api-v2 2.0.9+3434d6d95d
	- fabric-client-gametest-api-v1 6.0.7+4be74c3f5d
	- fabric-command-api-v2 3.1.2+fcdff87f5d
	- fabric-content-registries-v0 15.0.4+74ed1ea55d
	- fabric-convention-tags-v2 4.10.3+6b5b47fd5d
	- fabric-crash-report-info-v1 1.0.7+fcdff87f5d
	- fabric-creative-tab-api-v1 5.0.21+fcdff87f5d
	- fabric-data-attachment-api-v1 2.2.30+3434d6d95d
	- fabric-data-generation-api-v1 27.2.4+427eab975d
	- fabric-debug-api-v1 1.0.4+3434d6d95d
	- fabric-dimensions-v1 5.1.19+47f74c985d
	- fabric-entity-events-v1 6.0.4+3434d6d95d
	- fabric-events-interaction-v0 5.3.6+3434d6d95d
	- fabric-game-rule-api-v1 4.0.10+3434d6d95d
	- fabric-gametest-api-v1 4.0.32+3434d6d95d
	- fabric-item-api-v1 14.7.0+cf6bc2db5d
	- fabric-key-mapping-api-v1 2.0.8+3434d6d95d
	- fabric-lifecycle-events-v1 4.1.9+ffef5f675d
	- fabric-loot-api-v3 4.0.8+4068fd645d
	- fabric-menu-api-v1 2.0.27+ed66f0a35d
	- fabric-message-api-v1 7.0.10+3434d6d95d
	- fabric-model-loading-api-v1 8.0.35+fcdff87f5d
	- fabric-networking-api-v1 6.3.8+fcdff87f5d
	- fabric-object-builder-api-v1 24.1.9+3434d6d95d
	- fabric-particles-v1 5.0.24+3434d6d95d
	- fabric-permission-api-v1 1.0.8+fcdff87f5d
	- fabric-recipe-api-v1 10.0.8+fcdff87f5d
	- fabric-registry-sync-v0 8.0.1+fcdff87f5d
	- fabric-renderer-api-v1 17.0.15+79385d0b5d
	- fabric-renderer-indigo 9.1.23+b9d63e335d
	- fabric-rendering-fluids-v1 6.0.6+3434d6d95d
	- fabric-rendering-v1 27.0.14+901a437c5d
	- fabric-resource-conditions-api-v1 6.1.5+3434d6d95d
	- fabric-resource-loader-v0 3.3.26+4fc5413f5d
	- fabric-resource-loader-v1 3.0.4+fcdff87f5d
	- fabric-screen-api-v1 5.2.4+48607d035d
	- fabric-serialization-api-v1 2.0.7+74ed1ea55d
	- fabric-sound-api-v1 2.0.7+3434d6d95d
	- fabric-tag-api-v1 2.1.10+fcdff87f5d
	- fabric-transfer-api-v1 8.0.25+fcdff87f5d
	- fabric-transitive-access-wideners-v1 8.1.16+52268a0e5d
	- fabricloader 0.19.5
	- java 26
	- minecraft 26.3
	- minecraft_metal 0.2.1
	- minecraft_metal_gametest 1.0.0
	- mixinextras 0.5.5
[23:18:59] [main/INFO] (FabricLoader/Mixin) SpongePowered MIXIN Subsystem Version=0.8.7 Source=file:<home>/.gradle/caches/modules-2/files-2.1/net.fabricmc/sponge-mixin/0.17.4+mixin.0.8.7/5f66cc9f59b8efaa942155a3d5a30599bf6640dd/sponge-mixin-0.17.4+mixin.0.8.7.jar Service=Knot/Fabric Env=CLIENT
[23:19:00] [main/INFO] (FabricLoader/MixinExtras|Service) Initializing MixinExtras via com.llamalad7.mixinextras.service.MixinExtrasServiceImpl(version=0.5.5).
[23:19:00] [Datafixer Bootstrap #0/INFO] (Minecraft) 307 Datafixer optimizations took 178 milliseconds
[23:19:03] [Render thread/INFO] (Minecraft) Environment: Environment[discoveryUrl=https://discovery.minecraftservices.com/minecraft/client, name=PROD]
[23:19:03] [Render thread/INFO] (Minecraft) Setting user: Player0
[23:19:03] [Render thread/INFO] (Indigo) [Indigo] Registering Indigo renderer!
[23:19:03] [Render thread/INFO] (minecraft_metal) Native Metal backend selected. Use -Dmetal.enabled=false to use Minecraft's graphics setting.
[23:19:03] [Render thread/ERROR] (Minecraft) Illegal option value 0 for Anisotropic Filtering
[23:19:03] [Render thread/INFO] (Minecraft) Backend library: LWJGL version 3.4.3-snapshot
[23:19:03] [Render thread/INFO] (Minecraft) SDL [SYSTEM]: App name: Minecraft
[23:19:03] [Render thread/INFO] (Minecraft) SDL [SYSTEM]: App version: 26.3
[23:19:03] [Render thread/INFO] (Minecraft) SDL [SYSTEM]: App ID: com.mojang.minecraft
[23:19:03] [Render thread/INFO] (Minecraft) SDL [SYSTEM]: SDL revision: SDL-3.4.14-62f10da
2026-10-02 23:19:03.847 java[74513:9112811] Metal API Validation Enabled
[23:19:03] [Render thread/WARN] (Minecraft) Device [Apple M3 Pro] supports all extensions from FeatureSet [Vulkan Portability Subset], making required
[23:19:03] [Render thread/INFO] (MinecraftMetal) Metal device created: Apple M3 Pro. Native SDL presentation, no OpenGL context.
[23:19:03] [Render thread/INFO] (Minecraft) Using graphics backend Metal, using drivers: 26.5.2
[23:19:03] [Render thread/INFO] (Minecraft) Using graphics device: Apple M3 Pro (Apple)
[23:19:03] [Render thread/INFO] (Minecraft) Using graphics device extensions: CAMetalLayer, SPIRV-Cross, MSL
[23:19:03] [Render thread/INFO] (Minecraft) Created window using SDL video driver: cocoa
[23:19:04] [Download-1/INFO] (Minecraft) Could not authorize you against Realms server: java.lang.RuntimeException: Failed to parse into SignedJWT: FabricMC
[23:19:05] [Render thread/INFO] (Minecraft) Reloading ResourceManager: vanilla, vanilla, fabric-advancement-api-v1, fabric-api, fabric-api-base, fabric-api-lookup-api-v1, fabric-biome-api-v1, fabric-block-api-v1, fabric-block-getter-api-v2, fabric-client-gametest-api-v1, fabric-command-api-v2, fabric-content-registries-v0, fabric-convention-tags-v2, fabric-crash-report-info-v1, fabric-creative-tab-api-v1, fabric-data-attachment-api-v1, fabric-data-generation-api-v1, fabric-debug-api-v1, fabric-dimensions-v1, fabric-entity-events-v1, fabric-events-interaction-v0, fabric-game-rule-api-v1, fabric-gametest-api-v1, fabric-item-api-v1, fabric-key-mapping-api-v1, fabric-lifecycle-events-v1, fabric-loot-api-v3, fabric-menu-api-v1, fabric-message-api-v1, fabric-model-loading-api-v1, fabric-networking-api-v1, fabric-object-builder-api-v1, fabric-particles-v1, fabric-permission-api-v1, fabric-recipe-api-v1, fabric-registry-sync-v0, fabric-renderer-api-v1, fabric-renderer-indigo, fabric-rendering-fluids-v1, fabric-rendering-v1, fabric-resource-conditions-api-v1, fabric-resource-loader-v0, fabric-resource-loader-v1, fabric-screen-api-v1, fabric-serialization-api-v1, fabric-sound-api-v1, fabric-tag-api-v1, fabric-transfer-api-v1, fabric-transitive-access-wideners-v1, fabricloader
[23:19:05] [Worker-Main-4/INFO] (Minecraft) Found unifont_all_no_pua-17.0.01.hex, loading
[23:19:05] [Worker-Main-6/INFO] (Minecraft) Found unifont_pua-17.0.01.hex, loading
[23:19:05] [Worker-Main-7/INFO] (Minecraft) Found unifont_jp_patch-17.0.01.hex, loading
[23:19:06] [Render thread/INFO] (Minecraft) OpenAL initialized on device MacBook Pro Speakers
[23:19:06] [Render thread/INFO] (Minecraft) Sound engine started
[23:19:06] [Render thread/INFO] (Minecraft) Created: 512x256x0 minecraft:textures/atlas/particles.png-atlas
[23:19:06] [Render thread/INFO] (Minecraft) Created: 256x128x0 minecraft:textures/atlas/celestials.png-atlas
[23:19:06] [Render thread/INFO] (Minecraft) Created: 128x128x0 minecraft:textures/atlas/decorated_pot.png-atlas
[23:19:06] [Render thread/INFO] (Minecraft) Created: 512x256x0 minecraft:textures/atlas/paintings.png-atlas
[23:19:06] [Render thread/INFO] (Minecraft) Created: 1024x512x0 minecraft:textures/atlas/shield_patterns.png-atlas
[23:19:06] [Render thread/INFO] (Minecraft) Created: 1024x512x0 minecraft:textures/atlas/banner_patterns.png-atlas
[23:19:06] [Render thread/INFO] (Minecraft) Created: 2048x2048x4 minecraft:textures/atlas/blocks.png-atlas
[23:19:06] [Render thread/INFO] (Minecraft) Created: 1024x512x0 minecraft:textures/atlas/items.png-atlas
[23:19:06] [Render thread/INFO] (Minecraft) Created: 1024x1024x0 minecraft:textures/atlas/gui.png-atlas
[23:19:06] [Render thread/INFO] (Minecraft) Created: 128x64x0 minecraft:textures/atlas/map_decorations.png-atlas
[23:19:06] [Render thread/INFO] (Minecraft) Created: 512x512x0 minecraft:textures/atlas/chest.png-atlas
[23:19:06] [Render thread/INFO] (Minecraft) Created: 512x512x0 minecraft:textures/atlas/shulker_boxes.png-atlas
[23:19:06] [Download-1/INFO] (Minecraft) Could not authorize you against Realms server: java.lang.RuntimeException: Failed to parse into SignedJWT: FabricMC
[23:19:10] [Render thread/INFO] (Minecraft) Resizing Dynamic Transforms UBO, capacity limit of 2 reached during a single frame. New capacity will be 4.
[23:19:10] [Test thread/INFO] (Minecraft) [STDOUT]: Metal gameplay evidence: <repository>/build/run/clientGameTest/screenshots/01-title.png
[23:19:11] [Worker-Main-2/INFO] (Minecraft) Loaded 1866 advancements
[23:19:11] [Render thread/INFO] (fabric-client-gametest-api-v1) World loading finished: null screen: net.minecraft.client.gui.screens.GenericMessageScreen@1cfc8263
[23:19:11] [Render thread/INFO] (BiomeModificationImpl) Applied 0 biome modifications to 0 of 67 new biomes in 607.4 μs
[23:19:11] [Server thread/INFO] (Minecraft) Starting integrated minecraft server version 26.3
[23:19:11] [Server thread/INFO] (Minecraft) Generating keypair
[23:19:11] [Server thread/INFO] (Minecraft) Selecting global world spawn...
[23:19:11] [Server thread/INFO] (Minecraft) Loading 0 persistent chunks...
[23:19:11] [Server thread/INFO] (Minecraft) Preparing spawn area: 16%
[23:19:11] [Server thread/INFO] (Minecraft) Saving chunks for level 'ServerLevel[Metal renderer validation]'/minecraft:overworld
[23:19:11] [Server thread/INFO] (Minecraft) Saving chunks for level 'ServerLevel[Metal renderer validation]'/minecraft:the_end
[23:19:11] [Server thread/INFO] (Minecraft) Saving chunks for level 'ServerLevel[Metal renderer validation]'/minecraft:the_nether
[23:19:11] [Render thread/INFO] (fabric-client-gametest-api-v1) World loading finished: null screen: net.minecraft.client.gui.screens.LevelLoadingScreen@22cc05fe
[23:19:11] [Render thread/INFO] (fabric-client-gametest-api-v1) World loading finished: null screen: net.minecraft.client.gui.screens.LevelLoadingScreen@22cc05fe
[23:19:11] [Render thread/INFO] (fabric-client-gametest-api-v1) World loading finished: null screen: net.minecraft.client.gui.screens.LevelLoadingScreen@22cc05fe
[23:19:11] [Render thread/INFO] (fabric-client-gametest-api-v1) World loading finished: null screen: net.minecraft.client.gui.screens.LevelLoadingScreen@22cc05fe
[23:19:11] [Render thread/INFO] (fabric-client-gametest-api-v1) World loading finished: null screen: net.minecraft.client.gui.screens.LevelLoadingScreen@22cc05fe
[23:19:11] [Render thread/INFO] (fabric-client-gametest-api-v1) World loading finished: null screen: net.minecraft.client.gui.screens.LevelLoadingScreen@22cc05fe
[23:19:11] [Server thread/INFO] (Minecraft) Loading 48 chunks for player spawn...
[23:19:11] [Server thread/INFO] (Minecraft) Preparing spawn area: 16%
[23:19:11] [Render thread/INFO] (fabric-client-gametest-api-v1) World loading finished: null screen: net.minecraft.client.gui.screens.LevelLoadingScreen@22cc05fe
[23:19:11] [Render thread/INFO] (fabric-client-gametest-api-v1) World loading finished: null screen: net.minecraft.client.gui.screens.LevelLoadingScreen@22cc05fe
[23:19:11] [Render thread/INFO] (fabric-client-gametest-api-v1) World loading finished: null screen: net.minecraft.client.gui.screens.LevelLoadingScreen@22cc05fe
[23:19:11] [Server thread/INFO] (Minecraft) Time elapsed: 666 ms
[23:19:12] [Render thread/INFO] (fabric-client-gametest-api-v1) World loading finished: null screen: net.minecraft.client.gui.screens.LevelLoadingScreen@22cc05fe
[23:19:12] [Server thread/INFO] (Minecraft) Player0[local:E:0b1e9629] logged in with entity id 1 at (0.5, -60.0, 0.5)
[23:19:12] [Server thread/INFO] (Minecraft) System chat: Player0 joined the game
[23:19:12] [Server thread/INFO] (Minecraft) Changing view distance to 5, from 10
[23:19:12] [Server thread/INFO] (Minecraft) Changing simulation distance to 5, from 0
[23:19:12] [Render thread/INFO] (fabric-client-gametest-api-v1) World loading finished: ClientLevel screen: net.minecraft.client.gui.screens.LevelLoadingScreen@22cc05fe
[23:19:12] [Render thread/WARN] (Minecraft) Requested post effect does not exist: minecraft:end_of_frame
[23:19:12] [Render thread/INFO] (Minecraft) Loaded 2 advancements
[23:19:12] [Render thread/INFO] (fabric-client-gametest-api-v1) World loading finished: ClientLevel screen: net.minecraft.client.gui.screens.LevelLoadingScreen@22cc05fe
[23:19:12] [Render thread/INFO] (Minecraft) Resizing Dynamic Transforms UBO, capacity limit of 4 reached during a single frame. New capacity will be 8.
[23:19:12] [Render thread/INFO] (fabric-client-gametest-api-v1) World loading finished: ClientLevel screen: net.minecraft.client.gui.screens.LevelLoadingScreen@22cc05fe
[23:19:12] [Render thread/INFO] (Minecraft) Resizing Dynamic Transforms UBO, capacity limit of 8 reached during a single frame. New capacity will be 16.
[23:19:12] [Render thread/INFO] (fabric-client-gametest-api-v1) World loading finished: ClientLevel screen: net.minecraft.client.gui.screens.LevelLoadingScreen@22cc05fe
[23:19:12] [Render thread/INFO] (Minecraft) Resizing Chunk Sections Command Buffer, capacity limit of 2 reached during a single frame. New capacity will be 8.
[23:19:12] [Render thread/INFO] (Minecraft) Resizing Chunk Sections Instanced, capacity limit of 2 reached during a single frame. New capacity will be 8.
[23:19:12] [Render thread/INFO] (fabric-client-gametest-api-v1) World loading finished: ClientLevel screen: net.minecraft.client.gui.screens.LevelLoadingScreen@22cc05fe
[23:19:12] [Render thread/INFO] (fabric-client-gametest-api-v1) World loading finished: ClientLevel screen: net.minecraft.client.gui.screens.LevelLoadingScreen@22cc05fe
[23:19:12] [Render thread/INFO] (fabric-client-gametest-api-v1) World loading finished: ClientLevel screen: net.minecraft.client.gui.screens.LevelLoadingScreen@22cc05fe
[23:19:12] [Render thread/INFO] (fabric-client-gametest-api-v1) World loading finished: ClientLevel screen: net.minecraft.client.gui.screens.LevelLoadingScreen@22cc05fe
[23:19:12] [Render thread/INFO] (fabric-client-gametest-api-v1) World loading finished: ClientLevel screen: net.minecraft.client.gui.screens.LevelLoadingScreen@22cc05fe
[23:19:12] [Render thread/INFO] (fabric-client-gametest-api-v1) World loading finished: ClientLevel screen: net.minecraft.client.gui.screens.LevelLoadingScreen@22cc05fe
[23:19:12] [Render thread/INFO] (Minecraft) Resizing Chunk Sections Command Buffer, capacity limit of 8 reached during a single frame. New capacity will be 16.
[23:19:12] [Render thread/INFO] (Minecraft) Resizing Chunk Sections Instanced, capacity limit of 8 reached during a single frame. New capacity will be 16.
[23:19:12] [Render thread/INFO] (fabric-client-gametest-api-v1) World loading finished: ClientLevel screen: net.minecraft.client.gui.screens.LevelLoadingScreen@22cc05fe
[23:19:12] [Render thread/INFO] (fabric-client-gametest-api-v1) World loading finished: ClientLevel screen: net.minecraft.client.gui.screens.LevelLoadingScreen@22cc05fe
[23:19:12] [Render thread/INFO] (fabric-client-gametest-api-v1) World loading finished: ClientLevel screen: net.minecraft.client.gui.screens.LevelLoadingScreen@22cc05fe
[23:19:12] [Render thread/INFO] (fabric-client-gametest-api-v1) World loading finished: ClientLevel screen: net.minecraft.client.gui.screens.LevelLoadingScreen@22cc05fe
[23:19:12] [Render thread/INFO] (fabric-client-gametest-api-v1) World loading finished: ClientLevel screen: net.minecraft.client.gui.screens.LevelLoadingScreen@22cc05fe
[23:19:12] [Render thread/INFO] (fabric-client-gametest-api-v1) World loading finished: ClientLevel screen: net.minecraft.client.gui.screens.LevelLoadingScreen@22cc05fe
[23:19:12] [Render thread/INFO] (fabric-client-gametest-api-v1) World loading finished: ClientLevel screen: null
[23:19:13] [Render thread/INFO] (Minecraft) Resizing Chunk Sections Command Buffer, capacity limit of 16 reached during a single frame. New capacity will be 32.
[23:19:13] [Render thread/INFO] (Minecraft) Resizing Chunk Sections Instanced, capacity limit of 16 reached during a single frame. New capacity will be 32.
[23:19:13] [Render thread/INFO] (Minecraft) Resizing Chunk Sections Command Buffer, capacity limit of 32 reached during a single frame. New capacity will be 64.
[23:19:13] [Render thread/INFO] (Minecraft) Resizing Chunk Sections Instanced, capacity limit of 32 reached during a single frame. New capacity will be 64.
[23:19:14] [Server thread/INFO] (Minecraft) System chat: Game rule send_command_feedback is now set to false
[23:19:14] [Server thread/INFO] (Minecraft) System chat: Set Player0's game mode to Creative Mode
[23:19:14] [Server thread/INFO] (Minecraft) System chat: Set minecraft:overworld to time marker minecraft:noon
[23:19:14] [Server thread/INFO] (Minecraft) System chat: Set the weather to clear
[23:19:14] [Server thread/INFO] (Minecraft) System chat: Teleported Player0 to 0.500000, -59.000000, 9.500000
[23:19:14] [Server thread/INFO] (Minecraft) System chat: Successfully filled 48 block(s)
[23:19:14] [Server thread/INFO] (Minecraft) System chat: Successfully filled 12 block(s)
[23:19:14] [Server thread/INFO] (Minecraft) System chat: Successfully filled 8 block(s)
[23:19:14] [Server thread/INFO] (Minecraft) System chat: Changed the block at -1, -59, -3
[23:19:14] [Server thread/INFO] (Minecraft) System chat: Summoned new Pig
[23:19:14] [Server thread/INFO] (Minecraft) System chat: Summoned new Sheep
[23:19:14] [Server thread/INFO] (Minecraft) System chat: Gave 1 [Diamond Sword] to Player0
[23:19:14] [Server thread/INFO] (Minecraft) System chat: Gave 32 [Oak Log] to Player0
[23:19:14] [Render thread/INFO] (Minecraft) Loaded 5 advancements
[23:19:15] [Render thread/INFO] (Minecraft) Resizing Chunk Sections Command Buffer, capacity limit of 64 reached during a single frame. New capacity will be 128.
[23:19:15] [Render thread/INFO] (Minecraft) Resizing Chunk Sections Instanced, capacity limit of 64 reached during a single frame. New capacity will be 128.
[23:19:15] [Test thread/INFO] (Minecraft) [STDOUT]: Metal gameplay evidence: <repository>/build/run/clientGameTest/screenshots/02-terrain-water-glass-entities.png
[23:19:15] [Server thread/INFO] (Minecraft) System chat: Displaying particle minecraft:flame
[23:19:15] [Test thread/INFO] (Minecraft) [STDOUT]: Metal gameplay evidence: <repository>/build/run/clientGameTest/screenshots/03-particles.png
[23:19:16] [Test thread/INFO] (Minecraft) [STDOUT]: Metal gameplay evidence: <repository>/build/run/clientGameTest/screenshots/04-inventory.png
[23:19:17] [Test thread/INFO] (Minecraft) [STDOUT]: Metal gameplay evidence: <repository>/build/run/clientGameTest/screenshots/05-resized.png
[23:19:17] [Server thread/INFO] (Minecraft) System chat: Successfully filled 240 block(s)
[23:19:17] [Server thread/INFO] (Minecraft) System chat: Successfully filled 45 block(s)
[23:19:17] [Server thread/INFO] (Minecraft) System chat: Successfully filled 45 block(s)
[23:19:17] [Server thread/INFO] (Minecraft) System chat: Successfully filled 25 block(s)
[23:19:17] [Server thread/INFO] (Minecraft) System chat: Successfully filled 45 block(s)
[23:19:17] [Server thread/INFO] (Minecraft) System chat: Successfully filled 84 block(s)
[23:19:17] [Server thread/INFO] (Minecraft) System chat: Successfully filled 15 block(s)
[23:19:17] [Server thread/INFO] (Minecraft) System chat: Successfully filled 25 block(s)
[23:19:17] [Server thread/INFO] (Minecraft) System chat: Summoned new Oak Boat
[23:19:17] [Server thread/INFO] (Minecraft) System chat: Summoned new Slime
[23:19:17] [Server thread/INFO] (Minecraft) System chat: Teleported Player0 to 30.500000, -58.000000, 12.500000
[23:19:23] [Render thread/INFO] (Minecraft) [STDOUT]: Metal gameplay Improved Transparency active: false
[23:19:23] [Render thread/INFO] (Minecraft) Resizing Dynamic Transforms UBO, capacity limit of 16 reached during a single frame. New capacity will be 32.
[23:19:23] [Test thread/INFO] (Minecraft) [STDOUT]: Metal gameplay evidence: <repository>/build/run/clientGameTest/screenshots/13-transparency-off.png
[23:19:26] [Render thread/INFO] (Minecraft) [STDOUT]: Metal gameplay Improved Transparency active: true
[23:19:26] [Test thread/INFO] (Minecraft) [STDOUT]: Metal gameplay OIT boat water-mask passes recorded: 718
[23:19:26] [Test thread/INFO] (Minecraft) [STDOUT]: Metal gameplay evidence: <repository>/build/run/clientGameTest/screenshots/14-transparency-on-boat-water-mask.png
[23:19:26] [Server thread/INFO] (Minecraft) System chat: Displaying particle minecraft:flame
[23:19:26] [Test thread/INFO] (Minecraft) [STDOUT]: Metal gameplay evidence: <repository>/build/run/clientGameTest/screenshots/15-transparency-on-particles.png
[23:19:29] [Render thread/INFO] (Minecraft) [STDOUT]: Metal gameplay Improved Transparency active: false
[23:19:29] [Test thread/INFO] (Minecraft) [STDOUT]: Metal gameplay evidence: <repository>/build/run/clientGameTest/screenshots/16-transparency-off-restored.png
[23:19:29] [Server thread/INFO] (Minecraft) System chat: Successfully filled 1089 block(s)
[23:19:29] [Server thread/INFO] (Minecraft) System chat: Successfully filled 567 block(s)
[23:19:29] [Server thread/INFO] (Minecraft) System chat: Changed the block at -3, -59, -3
[23:19:29] [Server thread/INFO] (Minecraft) System chat: Changed the block at 3, -59, -3
[23:19:29] [Server thread/INFO] (Minecraft) System chat: Teleported Player0 to 0.500000, -59.000000, 3.500000
[23:19:31] [Test thread/INFO] (Minecraft) [STDOUT]: Metal gameplay evidence: <repository>/build/run/clientGameTest/screenshots/06-indoor-lighting.png
[23:19:31] [Server thread/INFO] (Minecraft) Player0 lost connection: Disconnected
[23:19:31] [Server thread/INFO] (Minecraft) System chat: Player0 left the game
[23:19:31] [Server thread/INFO] (Minecraft) Stopping singleplayer server as player logged out
[23:19:31] [Server thread/INFO] (Minecraft) Stopping server
[23:19:31] [Server thread/INFO] (Minecraft) Saving players
[23:19:31] [Server thread/INFO] (Minecraft) Saving worlds
[23:19:31] [Server thread/INFO] (Minecraft) Saving chunks for level 'ServerLevel[Metal renderer validation]'/minecraft:overworld
[23:19:31] [Server thread/INFO] (Minecraft) Saving chunks for level 'ServerLevel[Metal renderer validation]'/minecraft:the_end
[23:19:31] [Server thread/INFO] (Minecraft) Saving chunks for level 'ServerLevel[Metal renderer validation]'/minecraft:the_nether
[23:19:31] [Test thread/INFO] (Minecraft) [STDOUT]: Metal gameplay evidence: <repository>/build/run/clientGameTest/screenshots/07-return-to-menu.png
[23:19:31] [Render thread/INFO] (Minecraft) Stopping!

> Task :runClientNaturalGameTest
[23:19:32] [main/INFO] (FabricLoader/GameProvider) Loading Minecraft 26.3 with Fabric Loader 0.19.5
[23:19:32] [main/INFO] (FabricLoader/Mappings) Mappings not present!
[23:19:32] [main/INFO] (FabricLoader) Loading 53 mods:
	- fabric-advancement-api-v1 1.0.0+38c7a2d55d
	- fabric-api 0.161.0+26.3
	- fabric-api-base 2.0.6+fcdff87f5d
	- fabric-api-lookup-api-v1 2.0.24+3434d6d95d
	- fabric-biome-api-v1 20.0.9+74ed1ea55d
	- fabric-block-api-v1 3.1.0+0ae6f9115d
	- fabric-block-getter-api-v2 2.0.9+3434d6d95d
	- fabric-client-gametest-api-v1 6.0.7+4be74c3f5d
	- fabric-command-api-v2 3.1.2+fcdff87f5d
	- fabric-content-registries-v0 15.0.4+74ed1ea55d
	- fabric-convention-tags-v2 4.10.3+6b5b47fd5d
	- fabric-crash-report-info-v1 1.0.7+fcdff87f5d
	- fabric-creative-tab-api-v1 5.0.21+fcdff87f5d
	- fabric-data-attachment-api-v1 2.2.30+3434d6d95d
	- fabric-data-generation-api-v1 27.2.4+427eab975d
	- fabric-debug-api-v1 1.0.4+3434d6d95d
	- fabric-dimensions-v1 5.1.19+47f74c985d
	- fabric-entity-events-v1 6.0.4+3434d6d95d
	- fabric-events-interaction-v0 5.3.6+3434d6d95d
	- fabric-game-rule-api-v1 4.0.10+3434d6d95d
	- fabric-gametest-api-v1 4.0.32+3434d6d95d
	- fabric-item-api-v1 14.7.0+cf6bc2db5d
	- fabric-key-mapping-api-v1 2.0.8+3434d6d95d
	- fabric-lifecycle-events-v1 4.1.9+ffef5f675d
	- fabric-loot-api-v3 4.0.8+4068fd645d
	- fabric-menu-api-v1 2.0.27+ed66f0a35d
	- fabric-message-api-v1 7.0.10+3434d6d95d
	- fabric-model-loading-api-v1 8.0.35+fcdff87f5d
	- fabric-networking-api-v1 6.3.8+fcdff87f5d
	- fabric-object-builder-api-v1 24.1.9+3434d6d95d
	- fabric-particles-v1 5.0.24+3434d6d95d
	- fabric-permission-api-v1 1.0.8+fcdff87f5d
	- fabric-recipe-api-v1 10.0.8+fcdff87f5d
	- fabric-registry-sync-v0 8.0.1+fcdff87f5d
	- fabric-renderer-api-v1 17.0.15+79385d0b5d
	- fabric-renderer-indigo 9.1.23+b9d63e335d
	- fabric-rendering-fluids-v1 6.0.6+3434d6d95d
	- fabric-rendering-v1 27.0.14+901a437c5d
	- fabric-resource-conditions-api-v1 6.1.5+3434d6d95d
	- fabric-resource-loader-v0 3.3.26+4fc5413f5d
	- fabric-resource-loader-v1 3.0.4+fcdff87f5d
	- fabric-screen-api-v1 5.2.4+48607d035d
	- fabric-serialization-api-v1 2.0.7+74ed1ea55d
	- fabric-sound-api-v1 2.0.7+3434d6d95d
	- fabric-tag-api-v1 2.1.10+fcdff87f5d
	- fabric-transfer-api-v1 8.0.25+fcdff87f5d
	- fabric-transitive-access-wideners-v1 8.1.16+52268a0e5d
	- fabricloader 0.19.5
	- java 26
	- minecraft 26.3
	- minecraft_metal 0.2.1
	- minecraft_metal_gametest 1.0.0
	- mixinextras 0.5.5
[23:19:32] [main/INFO] (FabricLoader/Mixin) SpongePowered MIXIN Subsystem Version=0.8.7 Source=file:<home>/.gradle/caches/modules-2/files-2.1/net.fabricmc/sponge-mixin/0.17.4+mixin.0.8.7/5f66cc9f59b8efaa942155a3d5a30599bf6640dd/sponge-mixin-0.17.4+mixin.0.8.7.jar Service=Knot/Fabric Env=CLIENT
[23:19:33] [main/INFO] (FabricLoader/MixinExtras|Service) Initializing MixinExtras via com.llamalad7.mixinextras.service.MixinExtrasServiceImpl(version=0.5.5).
[23:19:33] [Datafixer Bootstrap #0/INFO] (Minecraft) 307 Datafixer optimizations took 198 milliseconds
[23:19:36] [Render thread/INFO] (Minecraft) Environment: Environment[discoveryUrl=https://discovery.minecraftservices.com/minecraft/client, name=PROD]
[23:19:36] [Render thread/INFO] (Minecraft) Setting user: Player0
[23:19:36] [Render thread/INFO] (Indigo) [Indigo] Registering Indigo renderer!
[23:19:36] [Render thread/INFO] (minecraft_metal) Native Metal backend selected. Use -Dmetal.enabled=false to use Minecraft's graphics setting.
[23:19:36] [Render thread/ERROR] (Minecraft) Illegal option value 0 for Anisotropic Filtering
[23:19:36] [Render thread/INFO] (Minecraft) Backend library: LWJGL version 3.4.3-snapshot
[23:19:36] [Render thread/INFO] (Minecraft) SDL [SYSTEM]: App name: Minecraft
[23:19:36] [Render thread/INFO] (Minecraft) SDL [SYSTEM]: App version: 26.3
[23:19:36] [Render thread/INFO] (Minecraft) SDL [SYSTEM]: App ID: com.mojang.minecraft
[23:19:36] [Render thread/INFO] (Minecraft) SDL [SYSTEM]: SDL revision: SDL-3.4.14-62f10da
2026-10-02 23:19:36.941 java[75896:9116568] Metal API Validation Enabled
[23:19:36] [Render thread/WARN] (Minecraft) Device [Apple M3 Pro] supports all extensions from FeatureSet [Vulkan Portability Subset], making required
[23:19:36] [Render thread/INFO] (MinecraftMetal) Metal device created: Apple M3 Pro. Native SDL presentation, no OpenGL context.
[23:19:36] [Render thread/INFO] (Minecraft) Using graphics backend Metal, using drivers: 26.5.2
[23:19:36] [Render thread/INFO] (Minecraft) Using graphics device: Apple M3 Pro (Apple)
[23:19:36] [Render thread/INFO] (Minecraft) Using graphics device extensions: CAMetalLayer, MSL, SPIRV-Cross
[23:19:37] [Render thread/INFO] (Minecraft) Created window using SDL video driver: cocoa
[23:19:37] [Download-1/INFO] (Minecraft) Could not authorize you against Realms server: java.lang.RuntimeException: Failed to parse into SignedJWT: FabricMC
[23:19:38] [Render thread/INFO] (Minecraft) Reloading ResourceManager: vanilla, vanilla, fabric-advancement-api-v1, fabric-api, fabric-api-base, fabric-api-lookup-api-v1, fabric-biome-api-v1, fabric-block-api-v1, fabric-block-getter-api-v2, fabric-client-gametest-api-v1, fabric-command-api-v2, fabric-content-registries-v0, fabric-convention-tags-v2, fabric-crash-report-info-v1, fabric-creative-tab-api-v1, fabric-data-attachment-api-v1, fabric-data-generation-api-v1, fabric-debug-api-v1, fabric-dimensions-v1, fabric-entity-events-v1, fabric-events-interaction-v0, fabric-game-rule-api-v1, fabric-gametest-api-v1, fabric-item-api-v1, fabric-key-mapping-api-v1, fabric-lifecycle-events-v1, fabric-loot-api-v3, fabric-menu-api-v1, fabric-message-api-v1, fabric-model-loading-api-v1, fabric-networking-api-v1, fabric-object-builder-api-v1, fabric-particles-v1, fabric-permission-api-v1, fabric-recipe-api-v1, fabric-registry-sync-v0, fabric-renderer-api-v1, fabric-renderer-indigo, fabric-rendering-fluids-v1, fabric-rendering-v1, fabric-resource-conditions-api-v1, fabric-resource-loader-v0, fabric-resource-loader-v1, fabric-screen-api-v1, fabric-serialization-api-v1, fabric-sound-api-v1, fabric-tag-api-v1, fabric-transfer-api-v1, fabric-transitive-access-wideners-v1, fabricloader
[23:19:38] [Worker-Main-3/INFO] (Minecraft) Found unifont_all_no_pua-17.0.01.hex, loading
[23:19:38] [Worker-Main-4/INFO] (Minecraft) Found unifont_pua-17.0.01.hex, loading
[23:19:38] [Worker-Main-2/INFO] (Minecraft) Found unifont_jp_patch-17.0.01.hex, loading
[23:19:39] [Render thread/INFO] (Minecraft) OpenAL initialized on device MacBook Pro Speakers
[23:19:39] [Render thread/INFO] (Minecraft) Sound engine started
[23:19:39] [Render thread/INFO] (Minecraft) Created: 512x256x0 minecraft:textures/atlas/particles.png-atlas
[23:19:39] [Render thread/INFO] (Minecraft) Created: 256x128x0 minecraft:textures/atlas/celestials.png-atlas
[23:19:39] [Render thread/INFO] (Minecraft) Created: 128x128x0 minecraft:textures/atlas/decorated_pot.png-atlas
[23:19:39] [Render thread/INFO] (Minecraft) Created: 512x256x0 minecraft:textures/atlas/paintings.png-atlas
[23:19:39] [Render thread/INFO] (Minecraft) Created: 1024x512x0 minecraft:textures/atlas/shield_patterns.png-atlas
[23:19:39] [Render thread/INFO] (Minecraft) Created: 1024x512x0 minecraft:textures/atlas/banner_patterns.png-atlas
[23:19:39] [Render thread/INFO] (Minecraft) Created: 2048x2048x4 minecraft:textures/atlas/blocks.png-atlas
[23:19:39] [Render thread/INFO] (Minecraft) Created: 1024x512x0 minecraft:textures/atlas/items.png-atlas
[23:19:39] [Render thread/INFO] (Minecraft) Created: 1024x1024x0 minecraft:textures/atlas/gui.png-atlas
[23:19:39] [Render thread/INFO] (Minecraft) Created: 128x64x0 minecraft:textures/atlas/map_decorations.png-atlas
[23:19:39] [Render thread/INFO] (Minecraft) Created: 512x512x0 minecraft:textures/atlas/chest.png-atlas
[23:19:39] [Render thread/INFO] (Minecraft) Created: 512x512x0 minecraft:textures/atlas/shulker_boxes.png-atlas
[23:19:39] [Download-1/INFO] (Minecraft) Could not authorize you against Realms server: java.lang.RuntimeException: Failed to parse into SignedJWT: FabricMC
[23:19:42] [Worker-Main-5/INFO] (Minecraft) Loaded 1866 advancements
[23:19:42] [Render thread/INFO] (fabric-client-gametest-api-v1) World loading finished: null screen: net.minecraft.client.gui.screens.GenericMessageScreen@15f5e98c
[23:19:42] [Render thread/INFO] (BiomeModificationImpl) Applied 0 biome modifications to 0 of 67 new biomes in 539.0 μs
[23:19:42] [Server thread/INFO] (Minecraft) Starting integrated minecraft server version 26.3
[23:19:42] [Server thread/INFO] (Minecraft) Generating keypair
[23:19:42] [Server thread/INFO] (Minecraft) Selecting global world spawn...
[23:19:43] [Server thread/INFO] (Minecraft) Loading 0 persistent chunks...
[23:19:43] [Server thread/INFO] (Minecraft) Preparing spawn area: 16%
[23:19:43] [Server thread/INFO] (Minecraft) Saving chunks for level 'ServerLevel[Metal natural terrain validation]'/minecraft:overworld
[23:19:43] [Server thread/INFO] (Minecraft) Saving chunks for level 'ServerLevel[Metal natural terrain validation]'/minecraft:the_nether
[23:19:43] [Server thread/INFO] (Minecraft) Saving chunks for level 'ServerLevel[Metal natural terrain validation]'/minecraft:the_end
[23:19:43] [Render thread/INFO] (fabric-client-gametest-api-v1) World loading finished: null screen: net.minecraft.client.gui.screens.LevelLoadingScreen@70d2d52a
[23:19:43] [Render thread/INFO] (fabric-client-gametest-api-v1) World loading finished: null screen: net.minecraft.client.gui.screens.LevelLoadingScreen@70d2d52a
[23:19:43] [Render thread/INFO] (fabric-client-gametest-api-v1) World loading finished: null screen: net.minecraft.client.gui.screens.LevelLoadingScreen@70d2d52a
[23:19:43] [Render thread/INFO] (fabric-client-gametest-api-v1) World loading finished: null screen: net.minecraft.client.gui.screens.LevelLoadingScreen@70d2d52a
[23:19:43] [Render thread/INFO] (fabric-client-gametest-api-v1) World loading finished: null screen: net.minecraft.client.gui.screens.LevelLoadingScreen@70d2d52a
[23:19:43] [Render thread/INFO] (fabric-client-gametest-api-v1) World loading finished: null screen: net.minecraft.client.gui.screens.LevelLoadingScreen@70d2d52a
[23:19:44] [Render thread/INFO] (fabric-client-gametest-api-v1) World loading finished: null screen: net.minecraft.client.gui.screens.LevelLoadingScreen@70d2d52a
[23:19:44] [Render thread/INFO] (fabric-client-gametest-api-v1) World loading finished: null screen: net.minecraft.client.gui.screens.LevelLoadingScreen@70d2d52a
[23:19:44] [Render thread/INFO] (fabric-client-gametest-api-v1) World loading finished: null screen: net.minecraft.client.gui.screens.LevelLoadingScreen@70d2d52a
[23:19:44] [Render thread/INFO] (fabric-client-gametest-api-v1) World loading finished: null screen: net.minecraft.client.gui.screens.LevelLoadingScreen@70d2d52a
[23:19:44] [Render thread/INFO] (fabric-client-gametest-api-v1) World loading finished: null screen: net.minecraft.client.gui.screens.LevelLoadingScreen@70d2d52a
[23:19:44] [Render thread/INFO] (fabric-client-gametest-api-v1) World loading finished: null screen: net.minecraft.client.gui.screens.LevelLoadingScreen@70d2d52a
[23:19:44] [Render thread/INFO] (fabric-client-gametest-api-v1) World loading finished: null screen: net.minecraft.client.gui.screens.LevelLoadingScreen@70d2d52a
[23:19:44] [Server thread/INFO] (Minecraft) Loading 47 chunks for player spawn...
[23:19:44] [Server thread/INFO] (Minecraft) Preparing spawn area: 16%
[23:19:44] [Render thread/INFO] (fabric-client-gametest-api-v1) World loading finished: null screen: net.minecraft.client.gui.screens.LevelLoadingScreen@70d2d52a
[23:19:44] [Server thread/INFO] (Minecraft) Preparing spawn area: 16%
[23:19:44] [Render thread/INFO] (fabric-client-gametest-api-v1) World loading finished: null screen: net.minecraft.client.gui.screens.LevelLoadingScreen@70d2d52a
[23:19:44] [Server thread/INFO] (Minecraft) Preparing spawn area: 18%
[23:19:44] [Render thread/INFO] (fabric-client-gametest-api-v1) World loading finished: null screen: net.minecraft.client.gui.screens.LevelLoadingScreen@70d2d52a
[23:19:44] [Server thread/INFO] (Minecraft) Preparing spawn area: 18%
[23:19:44] [Render thread/INFO] (fabric-client-gametest-api-v1) World loading finished: null screen: net.minecraft.client.gui.screens.LevelLoadingScreen@70d2d52a
[23:19:44] [Render thread/INFO] (fabric-client-gametest-api-v1) World loading finished: null screen: net.minecraft.client.gui.screens.LevelLoadingScreen@70d2d52a
[23:19:44] [Render thread/INFO] (fabric-client-gametest-api-v1) World loading finished: null screen: net.minecraft.client.gui.screens.LevelLoadingScreen@70d2d52a
[23:19:44] [Render thread/INFO] (fabric-client-gametest-api-v1) World loading finished: null screen: net.minecraft.client.gui.screens.LevelLoadingScreen@70d2d52a
[23:19:44] [Render thread/INFO] (fabric-client-gametest-api-v1) World loading finished: null screen: net.minecraft.client.gui.screens.LevelLoadingScreen@70d2d52a
[23:19:44] [Render thread/INFO] (fabric-client-gametest-api-v1) World loading finished: null screen: net.minecraft.client.gui.screens.LevelLoadingScreen@70d2d52a
[23:19:44] [Render thread/INFO] (fabric-client-gametest-api-v1) World loading finished: null screen: net.minecraft.client.gui.screens.LevelLoadingScreen@70d2d52a
[23:19:44] [Render thread/INFO] (fabric-client-gametest-api-v1) World loading finished: null screen: net.minecraft.client.gui.screens.LevelLoadingScreen@70d2d52a
[23:19:44] [Render thread/INFO] (fabric-client-gametest-api-v1) World loading finished: null screen: net.minecraft.client.gui.screens.LevelLoadingScreen@70d2d52a
[23:19:44] [Server thread/INFO] (Minecraft) Time elapsed: 2460 ms
[23:19:44] [Render thread/INFO] (fabric-client-gametest-api-v1) World loading finished: null screen: net.minecraft.client.gui.screens.LevelLoadingScreen@70d2d52a
[23:19:45] [Server thread/INFO] (Minecraft) Player0[local:E:f14088b3] logged in with entity id 9 at (156.5, 71.0, 151.5)
[23:19:45] [Server thread/INFO] (Minecraft) System chat: Player0 joined the game
[23:19:45] [Server thread/INFO] (Minecraft) Changing view distance to 8, from 10
[23:19:45] [Server thread/INFO] (Minecraft) Changing simulation distance to 5, from 0
[23:19:45] [Render thread/INFO] (fabric-client-gametest-api-v1) World loading finished: ClientLevel screen: net.minecraft.client.gui.screens.LevelLoadingScreen@70d2d52a
[23:19:45] [Render thread/WARN] (Minecraft) Requested post effect does not exist: minecraft:end_of_frame
[23:19:45] [Render thread/INFO] (Minecraft) Resizing Dynamic Transforms UBO, capacity limit of 2 reached during a single frame. New capacity will be 4.
[23:19:45] [Render thread/INFO] (Minecraft) Loaded 2 advancements
[23:19:45] [Render thread/INFO] (fabric-client-gametest-api-v1) World loading finished: ClientLevel screen: net.minecraft.client.gui.screens.LevelLoadingScreen@70d2d52a
[23:19:45] [Render thread/INFO] (Minecraft) Resizing Dynamic Transforms UBO, capacity limit of 4 reached during a single frame. New capacity will be 8.
[23:19:45] [Render thread/INFO] (fabric-client-gametest-api-v1) World loading finished: ClientLevel screen: net.minecraft.client.gui.screens.LevelLoadingScreen@70d2d52a
[23:19:45] [Render thread/INFO] (Minecraft) Resizing Dynamic Transforms UBO, capacity limit of 8 reached during a single frame. New capacity will be 16.
[23:19:45] [Render thread/INFO] (fabric-client-gametest-api-v1) World loading finished: ClientLevel screen: net.minecraft.client.gui.screens.LevelLoadingScreen@70d2d52a
[23:19:45] [Render thread/INFO] (fabric-client-gametest-api-v1) World loading finished: ClientLevel screen: net.minecraft.client.gui.screens.LevelLoadingScreen@70d2d52a
[23:19:45] [Render thread/INFO] (Minecraft) Resizing Chunk Sections Command Buffer, capacity limit of 2 reached during a single frame. New capacity will be 8.
[23:19:45] [Render thread/INFO] (Minecraft) Resizing Chunk Sections Instanced, capacity limit of 2 reached during a single frame. New capacity will be 4.
[23:19:45] [Render thread/INFO] (Minecraft) Resizing Chunk Sections Command Buffer, capacity limit of 8 reached during a single frame. New capacity will be 16.
[23:19:45] [Render thread/INFO] (Minecraft) Resizing Chunk Sections Instanced, capacity limit of 4 reached during a single frame. New capacity will be 8.
[23:19:45] [Render thread/INFO] (Minecraft) Resizing Chunk Sections Command Buffer, capacity limit of 16 reached during a single frame. New capacity will be 32.
[23:19:45] [Render thread/INFO] (Minecraft) Resizing Chunk Sections Instanced, capacity limit of 8 reached during a single frame. New capacity will be 16.
[23:19:45] [Render thread/INFO] (fabric-client-gametest-api-v1) World loading finished: ClientLevel screen: net.minecraft.client.gui.screens.LevelLoadingScreen@70d2d52a
[23:19:45] [Render thread/INFO] (fabric-client-gametest-api-v1) World loading finished: ClientLevel screen: net.minecraft.client.gui.screens.LevelLoadingScreen@70d2d52a
[23:19:45] [Render thread/INFO] (fabric-client-gametest-api-v1) World loading finished: ClientLevel screen: net.minecraft.client.gui.screens.LevelLoadingScreen@70d2d52a
[23:19:45] [Render thread/INFO] (fabric-client-gametest-api-v1) World loading finished: ClientLevel screen: net.minecraft.client.gui.screens.LevelLoadingScreen@70d2d52a
[23:19:45] [Render thread/INFO] (fabric-client-gametest-api-v1) World loading finished: ClientLevel screen: net.minecraft.client.gui.screens.LevelLoadingScreen@70d2d52a
[23:19:45] [Render thread/INFO] (fabric-client-gametest-api-v1) World loading finished: ClientLevel screen: net.minecraft.client.gui.screens.LevelLoadingScreen@70d2d52a
[23:19:45] [Render thread/INFO] (fabric-client-gametest-api-v1) World loading finished: ClientLevel screen: net.minecraft.client.gui.screens.LevelLoadingScreen@70d2d52a
[23:19:45] [Render thread/INFO] (fabric-client-gametest-api-v1) World loading finished: ClientLevel screen: net.minecraft.client.gui.screens.LevelLoadingScreen@70d2d52a
[23:19:45] [Render thread/INFO] (fabric-client-gametest-api-v1) World loading finished: ClientLevel screen: net.minecraft.client.gui.screens.LevelLoadingScreen@70d2d52a
[23:19:45] [Render thread/INFO] (fabric-client-gametest-api-v1) World loading finished: ClientLevel screen: net.minecraft.client.gui.screens.LevelLoadingScreen@70d2d52a
[23:19:45] [Render thread/INFO] (Minecraft) Resizing Chunk Sections Command Buffer, capacity limit of 32 reached during a single frame. New capacity will be 64.
[23:19:45] [Render thread/INFO] (Minecraft) Resizing Chunk Sections Instanced, capacity limit of 16 reached during a single frame. New capacity will be 32.
[23:19:45] [Render thread/INFO] (fabric-client-gametest-api-v1) World loading finished: ClientLevel screen: net.minecraft.client.gui.screens.LevelLoadingScreen@70d2d52a
[23:19:45] [Render thread/INFO] (fabric-client-gametest-api-v1) World loading finished: ClientLevel screen: net.minecraft.client.gui.screens.LevelLoadingScreen@70d2d52a
[23:19:45] [Render thread/INFO] (fabric-client-gametest-api-v1) World loading finished: ClientLevel screen: null
[23:19:46] [Render thread/INFO] (Minecraft) Resizing Chunk Sections Command Buffer, capacity limit of 64 reached during a single frame. New capacity will be 128.
[23:19:46] [Render thread/INFO] (Minecraft) Resizing Chunk Sections Instanced, capacity limit of 32 reached during a single frame. New capacity will be 64.
[23:19:47] [Render thread/INFO] (Minecraft) Resizing Chunk Sections Command Buffer, capacity limit of 128 reached during a single frame. New capacity will be 256.
[23:19:47] [Render thread/INFO] (Minecraft) Resizing Chunk Sections Instanced, capacity limit of 64 reached during a single frame. New capacity will be 128.
[23:19:49] [Render thread/INFO] (Minecraft) Resizing Chunk Sections Command Buffer, capacity limit of 256 reached during a single frame. New capacity will be 512.
[23:19:49] [Server thread/INFO] (Minecraft) System chat: Game rule send_command_feedback is now set to false
[23:19:49] [Server thread/INFO] (Minecraft) System chat: Set Player0's game mode to Spectator Mode
[23:19:49] [Server thread/INFO] (Minecraft) System chat: Set minecraft:overworld to time marker minecraft:noon
[23:19:49] [Server thread/INFO] (Minecraft) System chat: Set the weather to clear
[23:19:49] [Server thread/INFO] (Minecraft) System chat: Teleported Player0 to 156.500000, 91.000000, 151.500000
[23:19:50] [Render thread/INFO] (Minecraft) Resizing Chunk Sections Instanced, capacity limit of 128 reached during a single frame. New capacity will be 256.
[23:19:54] [Render thread/INFO] (Minecraft) [STDOUT]: Metal natural terrain visible sections: 226
[23:19:54] [Render thread/INFO] (Minecraft) [STDOUT]: Metal natural terrain uses indexed indirect draws: true
[23:19:54] [Render thread/INFO] (Minecraft) Resizing Chunk Sections Command Buffer, capacity limit of 512 reached during a single frame. New capacity will be 1024.
[23:19:54] [Render thread/INFO] (Minecraft) Resizing Chunk Sections Instanced, capacity limit of 256 reached during a single frame. New capacity will be 512.
[23:19:54] [Test thread/INFO] (Minecraft) [STDOUT]: Metal gameplay evidence: <repository>/build/run/clientNaturalGameTest/screenshots/08-natural-terrain.png
[23:19:57] [Render thread/INFO] (Minecraft) [STDOUT]: Metal gameplay Improved Transparency active: true
[23:19:57] [Test thread/INFO] (Minecraft) [STDOUT]: Metal gameplay evidence: <repository>/build/run/clientNaturalGameTest/screenshots/17-natural-terrain-transparency-on.png
[23:20:03] [Test thread/INFO] (Minecraft) [STDOUT]: Metal gameplay evidence: <repository>/build/run/clientNaturalGameTest/screenshots/09-natural-terrain-after-flight.png
[23:20:03] [Render thread/INFO] (Minecraft) Reloading ResourceManager: vanilla, vanilla, fabric-advancement-api-v1, fabric-api, fabric-api-base, fabric-api-lookup-api-v1, fabric-biome-api-v1, fabric-block-api-v1, fabric-block-getter-api-v2, fabric-client-gametest-api-v1, fabric-command-api-v2, fabric-content-registries-v0, fabric-convention-tags-v2, fabric-crash-report-info-v1, fabric-creative-tab-api-v1, fabric-data-attachment-api-v1, fabric-data-generation-api-v1, fabric-debug-api-v1, fabric-dimensions-v1, fabric-entity-events-v1, fabric-events-interaction-v0, fabric-game-rule-api-v1, fabric-gametest-api-v1, fabric-item-api-v1, fabric-key-mapping-api-v1, fabric-lifecycle-events-v1, fabric-loot-api-v3, fabric-menu-api-v1, fabric-message-api-v1, fabric-model-loading-api-v1, fabric-networking-api-v1, fabric-object-builder-api-v1, fabric-particles-v1, fabric-permission-api-v1, fabric-recipe-api-v1, fabric-registry-sync-v0, fabric-renderer-api-v1, fabric-renderer-indigo, fabric-rendering-fluids-v1, fabric-rendering-v1, fabric-resource-conditions-api-v1, fabric-resource-loader-v0, fabric-resource-loader-v1, fabric-screen-api-v1, fabric-serialization-api-v1, fabric-sound-api-v1, fabric-tag-api-v1, fabric-transfer-api-v1, fabric-transitive-access-wideners-v1, fabricloader
[23:20:03] [Server thread/INFO] (Minecraft) Saving and pausing game...
[23:20:03] [Worker-Main-7/INFO] (Minecraft) Found unifont_all_no_pua-17.0.01.hex, loading
[23:20:03] [Worker-Main-2/INFO] (Minecraft) Found unifont_pua-17.0.01.hex, loading
[23:20:03] [Server thread/INFO] (Minecraft) Saving chunks for level 'ServerLevel[Metal natural terrain validation]'/minecraft:overworld
[23:20:03] [Server thread/INFO] (Minecraft) Saving chunks for level 'ServerLevel[Metal natural terrain validation]'/minecraft:the_nether
[23:20:03] [Server thread/INFO] (Minecraft) Saving chunks for level 'ServerLevel[Metal natural terrain validation]'/minecraft:the_end
[23:20:03] [Worker-Main-7/INFO] (Minecraft) Found unifont_jp_patch-17.0.01.hex, loading
[23:20:04] [Render thread/INFO] (Minecraft) OpenAL initialized on device MacBook Pro Speakers
[23:20:04] [Render thread/INFO] (Minecraft) Sound engine started
[23:20:04] [Render thread/INFO] (Minecraft) Created: 512x256x0 minecraft:textures/atlas/particles.png-atlas
[23:20:04] [Render thread/INFO] (Minecraft) Created: 256x128x0 minecraft:textures/atlas/celestials.png-atlas
[23:20:04] [Render thread/INFO] (Minecraft) Created: 128x128x0 minecraft:textures/atlas/decorated_pot.png-atlas
[23:20:04] [Render thread/INFO] (Minecraft) Created: 512x256x0 minecraft:textures/atlas/paintings.png-atlas
[23:20:04] [Render thread/INFO] (Minecraft) Created: 1024x512x0 minecraft:textures/atlas/shield_patterns.png-atlas
[23:20:04] [Render thread/INFO] (Minecraft) Created: 1024x512x0 minecraft:textures/atlas/banner_patterns.png-atlas
[23:20:04] [Render thread/INFO] (Minecraft) Created: 2048x2048x4 minecraft:textures/atlas/blocks.png-atlas
[23:20:04] [Render thread/INFO] (Minecraft) Created: 1024x512x0 minecraft:textures/atlas/items.png-atlas
[23:20:04] [Render thread/INFO] (Minecraft) Created: 1024x1024x0 minecraft:textures/atlas/gui.png-atlas
[23:20:04] [Render thread/INFO] (Minecraft) Created: 128x64x0 minecraft:textures/atlas/map_decorations.png-atlas
[23:20:04] [Render thread/INFO] (Minecraft) Created: 512x512x0 minecraft:textures/atlas/chest.png-atlas
[23:20:04] [Render thread/INFO] (Minecraft) Created: 512x512x0 minecraft:textures/atlas/shulker_boxes.png-atlas
[23:20:04] [Render thread/WARN] (Minecraft) Requested post effect does not exist: minecraft:end_of_frame
[23:20:06] [Test thread/INFO] (Minecraft) [STDOUT]: Metal gameplay evidence: <repository>/build/run/clientNaturalGameTest/screenshots/10-resource-reload.png
[23:20:08] [Test thread/INFO] (Minecraft) [STDOUT]: Metal gameplay evidence: <repository>/build/run/clientNaturalGameTest/screenshots/11-fullscreen.png
[23:20:14] [Test thread/INFO] (Minecraft) [STDOUT]: Metal gameplay evidence: <repository>/build/run/clientNaturalGameTest/screenshots/12-windowed-after-fullscreen.png
[23:20:17] [Render thread/INFO] (Minecraft) [STDOUT]: Metal gameplay Improved Transparency active: false
[23:20:17] [Test thread/INFO] (Minecraft) [STDOUT]: Metal gameplay evidence: <repository>/build/run/clientNaturalGameTest/screenshots/18-natural-terrain-transparency-off-restored.png
[23:20:17] [Render thread/INFO] (Minecraft) [STDOUT]: Metal gameplay diagnostic (test scheduling, validation enabled): 120 reported FPS, 1687291 ns last CPU frame
[23:20:17] [Server thread/INFO] (Minecraft) Player0 lost connection: Disconnected
[23:20:17] [Server thread/INFO] (Minecraft) System chat: Player0 left the game
[23:20:17] [Server thread/INFO] (Minecraft) Stopping singleplayer server as player logged out
[23:20:17] [Server thread/INFO] (Minecraft) Stopping server
[23:20:17] [Server thread/INFO] (Minecraft) Saving players
[23:20:17] [Server thread/INFO] (Minecraft) Saving worlds
[23:20:17] [Server thread/INFO] (Minecraft) Saving chunks for level 'ServerLevel[Metal natural terrain validation]'/minecraft:overworld
[23:20:17] [Server thread/INFO] (Minecraft) Saving chunks for level 'ServerLevel[Metal natural terrain validation]'/minecraft:the_nether
[23:20:17] [Server thread/INFO] (Minecraft) Saving chunks for level 'ServerLevel[Metal natural terrain validation]'/minecraft:the_end
[23:20:17] [Render thread/INFO] (Minecraft) Stopping!

BUILD SUCCESSFUL in 1m 19s
12 actionable tasks: 4 executed, 8 up-to-date
Consider enabling configuration cache to speed up this build: https://docs.gradle.org/9.7.1/userguide/configuration_cache_enabling.html
