
> Configure project :
Fabric Loom: 1.18.2

> Task :compileJava UP-TO-DATE
> Task :configureNative UP-TO-DATE
> Task :buildNative UP-TO-DATE
> Task :processResources UP-TO-DATE
> Task :classes UP-TO-DATE
> Task :generateLog4jConfig UP-TO-DATE
> Task :generateDLIConfig UP-TO-DATE
> Task :configureLaunch UP-TO-DATE
> Task :downloadAssets UP-TO-DATE
> Task :configureClientLaunch UP-TO-DATE

> Task :runClient
[17:38:08] [main/INFO] (FabricLoader/GameProvider) Loading Minecraft 26.3 with Fabric Loader 0.19.5
[17:38:08] [main/INFO] (FabricLoader/Mappings) Mappings not present!
[17:38:08] [main/INFO] (FabricLoader) Loading 52 mods:
	- fabric-advancement-api-v1 1.0.0+38c7a2d55d
	- fabric-api 0.161.0+26.3
	- fabric-api-base 2.0.6+fcdff87f5d
	- fabric-api-lookup-api-v1 2.0.24+3434d6d95d
	- fabric-biome-api-v1 20.0.9+74ed1ea55d
	- fabric-block-api-v1 3.1.0+0ae6f9115d
	- fabric-block-getter-api-v2 2.0.9+3434d6d95d
	- fabric-client-gametest-api-v1 6.0.7+4be74c3f5d
	- fabric-command-api-v2 3.1.2+fcdff87f5d
	- fabric-content-registries-v0 15.0.4+74ed1ea55d
	- fabric-convention-tags-v2 4.10.3+6b5b47fd5d
	- fabric-crash-report-info-v1 1.0.7+fcdff87f5d
	- fabric-creative-tab-api-v1 5.0.21+fcdff87f5d
	- fabric-data-attachment-api-v1 2.2.30+3434d6d95d
	- fabric-data-generation-api-v1 27.2.4+427eab975d
	- fabric-debug-api-v1 1.0.4+3434d6d95d
	- fabric-dimensions-v1 5.1.19+47f74c985d
	- fabric-entity-events-v1 6.0.4+3434d6d95d
	- fabric-events-interaction-v0 5.3.6+3434d6d95d
	- fabric-game-rule-api-v1 4.0.10+3434d6d95d
	- fabric-gametest-api-v1 4.0.32+3434d6d95d
	- fabric-item-api-v1 14.7.0+cf6bc2db5d
	- fabric-key-mapping-api-v1 2.0.8+3434d6d95d
	- fabric-lifecycle-events-v1 4.1.9+ffef5f675d
	- fabric-loot-api-v3 4.0.8+4068fd645d
	- fabric-menu-api-v1 2.0.27+ed66f0a35d
	- fabric-message-api-v1 7.0.10+3434d6d95d
	- fabric-model-loading-api-v1 8.0.35+fcdff87f5d
	- fabric-networking-api-v1 6.3.8+fcdff87f5d
	- fabric-object-builder-api-v1 24.1.9+3434d6d95d
	- fabric-particles-v1 5.0.24+3434d6d95d
	- fabric-permission-api-v1 1.0.8+fcdff87f5d
	- fabric-recipe-api-v1 10.0.8+fcdff87f5d
	- fabric-registry-sync-v0 8.0.1+fcdff87f5d
	- fabric-renderer-api-v1 17.0.15+79385d0b5d
	- fabric-renderer-indigo 9.1.23+b9d63e335d
	- fabric-rendering-fluids-v1 6.0.6+3434d6d95d
	- fabric-rendering-v1 27.0.14+901a437c5d
	- fabric-resource-conditions-api-v1 6.1.5+3434d6d95d
	- fabric-resource-loader-v0 3.3.26+4fc5413f5d
	- fabric-resource-loader-v1 3.0.4+fcdff87f5d
	- fabric-screen-api-v1 5.2.4+48607d035d
	- fabric-serialization-api-v1 2.0.7+74ed1ea55d
	- fabric-sound-api-v1 2.0.7+3434d6d95d
	- fabric-tag-api-v1 2.1.10+fcdff87f5d
	- fabric-transfer-api-v1 8.0.25+fcdff87f5d
	- fabric-transitive-access-wideners-v1 8.1.16+52268a0e5d
	- fabricloader 0.19.5
	- java 26
	- minecraft 26.3
	- minecraft_metal 0.2.0
	- mixinextras 0.5.5
[17:38:08] [main/INFO] (FabricLoader/Mixin) SpongePowered MIXIN Subsystem Version=0.8.7 Source=file:<USER_HOME>/.gradle/caches/modules-2/files-2.1/net.fabricmc/sponge-mixin/0.17.4+mixin.0.8.7/5f66cc9f59b8efaa942155a3d5a30599bf6640dd/sponge-mixin-0.17.4+mixin.0.8.7.jar Service=Knot/Fabric Env=CLIENT
[17:38:08] [main/INFO] (FabricLoader/MixinExtras|Service) Initializing MixinExtras via com.llamalad7.mixinextras.service.MixinExtrasServiceImpl(version=0.5.5).
[17:38:09] [Datafixer Bootstrap #0/INFO] (Minecraft) 307 Datafixer optimizations took 175 milliseconds
[17:38:12] [Render thread/INFO] (Minecraft) Environment: Environment[discoveryUrl=https://discovery.minecraftservices.com/minecraft/client, name=PROD]
[17:38:12] [Render thread/INFO] (Minecraft) Setting user: Player633
[17:38:12] [Render thread/INFO] (Indigo) [Indigo] Registering Indigo renderer!
[17:38:12] [Render thread/INFO] (minecraft_metal) Native Metal backend selected. Use -Dmetal.enabled=false to use Minecraft's graphics setting.
[17:38:12] [Render thread/INFO] (Minecraft) Backend library: LWJGL version 3.4.3-snapshot
[17:38:12] [Render thread/INFO] (Minecraft) SDL [SYSTEM]: App name: Minecraft
[17:38:12] [Render thread/INFO] (Minecraft) SDL [SYSTEM]: App version: 26.3
[17:38:12] [Render thread/INFO] (Minecraft) SDL [SYSTEM]: App ID: com.mojang.minecraft
[17:38:12] [Render thread/INFO] (Minecraft) SDL [SYSTEM]: SDL revision: SDL-3.4.14-62f10da
[17:38:12] [Render thread/INFO] (MinecraftMetal) Metal device created: Apple M3 Pro. Native SDL presentation, no OpenGL context.
[17:38:12] [Render thread/INFO] (Minecraft) Using graphics backend Metal, using drivers: 26.5.2
[17:38:12] [Render thread/INFO] (Minecraft) Using graphics device: Apple M3 Pro (Apple)
[17:38:12] [Render thread/INFO] (Minecraft) Using graphics device extensions: CAMetalLayer, MSL, SPIRV-Cross
[17:38:12] [Render thread/INFO] (Minecraft) Created window using SDL video driver: cocoa
[17:38:13] [Download-1/INFO] (Minecraft) Could not authorize you against Realms server: java.lang.RuntimeException: Failed to parse into SignedJWT: FabricMC
[17:38:13] [Render thread/INFO] (Minecraft) Reloading ResourceManager: vanilla, vanilla, fabric-advancement-api-v1, fabric-api, fabric-api-base, fabric-api-lookup-api-v1, fabric-biome-api-v1, fabric-block-api-v1, fabric-block-getter-api-v2, fabric-client-gametest-api-v1, fabric-command-api-v2, fabric-content-registries-v0, fabric-convention-tags-v2, fabric-crash-report-info-v1, fabric-creative-tab-api-v1, fabric-data-attachment-api-v1, fabric-data-generation-api-v1, fabric-debug-api-v1, fabric-dimensions-v1, fabric-entity-events-v1, fabric-events-interaction-v0, fabric-game-rule-api-v1, fabric-gametest-api-v1, fabric-item-api-v1, fabric-key-mapping-api-v1, fabric-lifecycle-events-v1, fabric-loot-api-v3, fabric-menu-api-v1, fabric-message-api-v1, fabric-model-loading-api-v1, fabric-networking-api-v1, fabric-object-builder-api-v1, fabric-particles-v1, fabric-permission-api-v1, fabric-recipe-api-v1, fabric-registry-sync-v0, fabric-renderer-api-v1, fabric-renderer-indigo, fabric-rendering-fluids-v1, fabric-rendering-v1, fabric-resource-conditions-api-v1, fabric-resource-loader-v0, fabric-resource-loader-v1, fabric-screen-api-v1, fabric-serialization-api-v1, fabric-sound-api-v1, fabric-tag-api-v1, fabric-transfer-api-v1, fabric-transitive-access-wideners-v1, fabricloader
[17:38:13] [Worker-Main-6/INFO] (Minecraft) Found unifont_all_no_pua-17.0.01.hex, loading
[17:38:13] [Worker-Main-5/INFO] (Minecraft) Found unifont_jp_patch-17.0.01.hex, loading
[17:38:14] [Worker-Main-10/INFO] (Minecraft) Found unifont_pua-17.0.01.hex, loading
[17:38:14] [Render thread/INFO] (Minecraft) OpenAL initialized on device MacBook Pro Speakers
[17:38:14] [Render thread/INFO] (Minecraft) Sound engine started
[17:38:14] [Render thread/INFO] (Minecraft) Created: 512x512x0 minecraft:textures/atlas/particles.png-atlas
[17:38:14] [Render thread/INFO] (Minecraft) Created: 256x128x0 minecraft:textures/atlas/celestials.png-atlas
[17:38:14] [Render thread/INFO] (Minecraft) Created: 128x128x0 minecraft:textures/atlas/decorated_pot.png-atlas
[17:38:14] [Render thread/INFO] (Minecraft) Created: 512x256x0 minecraft:textures/atlas/paintings.png-atlas
[17:38:14] [Render thread/INFO] (Minecraft) Created: 1024x512x0 minecraft:textures/atlas/shield_patterns.png-atlas
[17:38:14] [Render thread/INFO] (Minecraft) Created: 1024x512x0 minecraft:textures/atlas/banner_patterns.png-atlas
[17:38:14] [Render thread/INFO] (Minecraft) Created: 4096x4096x4 minecraft:textures/atlas/blocks.png-atlas
[17:38:14] [Render thread/INFO] (Minecraft) Created: 1024x512x0 minecraft:textures/atlas/items.png-atlas
[17:38:14] [Render thread/INFO] (Minecraft) Created: 1024x1024x0 minecraft:textures/atlas/gui.png-atlas
[17:38:14] [Render thread/INFO] (Minecraft) Created: 128x64x0 minecraft:textures/atlas/map_decorations.png-atlas
[17:38:14] [Render thread/INFO] (Minecraft) Created: 512x512x0 minecraft:textures/atlas/chest.png-atlas
[17:38:14] [Render thread/INFO] (Minecraft) Created: 512x512x0 minecraft:textures/atlas/shulker_boxes.png-atlas
[17:38:15] [Download-1/INFO] (Minecraft) Could not authorize you against Realms server: java.lang.RuntimeException: Failed to parse into SignedJWT: FabricMC
[17:38:49] [Worker-Main-9/INFO] (Minecraft) Loaded 1866 advancements
[17:38:51] [Render thread/INFO] (BiomeModificationImpl) Applied 0 biome modifications to 0 of 67 new biomes in 499.2 μs
[17:38:51] [Server thread/INFO] (Minecraft) Starting integrated minecraft server version 26.3
[17:38:51] [Server thread/INFO] (Minecraft) Generating keypair
[17:38:51] [Server thread/INFO] (Minecraft) Selecting global world spawn...
[17:38:52] [Server thread/INFO] (Minecraft) Loading 0 persistent chunks...
[17:38:52] [Server thread/INFO] (Minecraft) Preparing spawn area: 16%
[17:38:52] [Server thread/INFO] (Minecraft) Saving chunks for level 'ServerLevel[New World]'/minecraft:overworld
[17:38:52] [Server thread/INFO] (Minecraft) Saving chunks for level 'ServerLevel[New World]'/minecraft:the_nether
[17:38:52] [Server thread/INFO] (Minecraft) Saving chunks for level 'ServerLevel[New World]'/minecraft:the_end
[17:38:52] [Server thread/INFO] (Minecraft) Loading 48 chunks for player spawn...
[17:38:52] [Server thread/INFO] (Minecraft) Preparing spawn area: 16%
[17:38:52] [Server thread/INFO] (Minecraft) Preparing spawn area: 16%
[17:38:52] [Server thread/INFO] (Minecraft) Preparing spawn area: 16%
[17:38:53] [Server thread/INFO] (Minecraft) Preparing spawn area: 30%
[17:38:53] [Server thread/INFO] (Minecraft) Time elapsed: 2339 ms
[17:38:53] [Server thread/INFO] (Minecraft) Player633[local:E:21e6e26a] logged in with entity id 24 at (0.5, 72.0, 1.5)
[17:38:53] [Server thread/INFO] (Minecraft) System chat: Player633 joined the game
[17:38:53] [Server thread/INFO] (Minecraft) Changing view distance to 32, from 10
[17:38:53] [Server thread/INFO] (Minecraft) Changing simulation distance to 12, from 0
[17:38:53] [Render thread/INFO] (Minecraft) Loaded 2 advancements
[17:38:53] [Render thread/WARN] (Minecraft) Requested post effect does not exist: minecraft:end_of_frame
[17:38:53] [Render thread/INFO] (Minecraft) Resizing Dynamic Transforms UBO, capacity limit of 2 reached during a single frame. New capacity will be 4.
[17:38:53] [Render thread/INFO] (Minecraft) Resizing Dynamic Transforms UBO, capacity limit of 4 reached during a single frame. New capacity will be 8.
[17:38:53] [Render thread/INFO] (Minecraft) Resizing Dynamic Transforms UBO, capacity limit of 8 reached during a single frame. New capacity will be 16.
[17:38:54] [Render thread/INFO] (Minecraft) Resizing Chunk Sections Command Buffer, capacity limit of 2 reached during a single frame. New capacity will be 16.
[17:38:54] [Render thread/INFO] (Minecraft) Resizing Chunk Sections Instanced, capacity limit of 2 reached during a single frame. New capacity will be 8.
[17:38:54] [Render thread/INFO] (Minecraft) Resizing Chunk Sections Command Buffer, capacity limit of 16 reached during a single frame. New capacity will be 32.
[17:38:54] [Render thread/INFO] (Minecraft) Resizing Chunk Sections Instanced, capacity limit of 8 reached during a single frame. New capacity will be 16.
[17:38:54] [Render thread/INFO] (Minecraft) Resizing Chunk Sections Command Buffer, capacity limit of 32 reached during a single frame. New capacity will be 64.
[17:38:54] [Render thread/INFO] (Minecraft) Resizing Chunk Sections Instanced, capacity limit of 16 reached during a single frame. New capacity will be 32.
[17:38:54] [Render thread/INFO] (Minecraft) Resizing Chunk Sections Command Buffer, capacity limit of 64 reached during a single frame. New capacity will be 128.
[17:38:54] [Render thread/INFO] (Minecraft) Resizing Chunk Sections Instanced, capacity limit of 32 reached during a single frame. New capacity will be 64.
[17:38:55] [Render thread/INFO] (Minecraft) Resizing Chunk Sections Command Buffer, capacity limit of 128 reached during a single frame. New capacity will be 256.
[17:38:55] [Render thread/INFO] (Minecraft) Resizing Chunk Sections Instanced, capacity limit of 64 reached during a single frame. New capacity will be 128.
[17:38:55] [Render thread/INFO] (Minecraft) Resizing Chunk Sections Command Buffer, capacity limit of 256 reached during a single frame. New capacity will be 512.
[17:38:55] [Render thread/INFO] (Minecraft) Resizing Chunk Sections Instanced, capacity limit of 128 reached during a single frame. New capacity will be 256.
[17:38:57] [Render thread/INFO] (Minecraft) Resizing Chunk Sections Command Buffer, capacity limit of 512 reached during a single frame. New capacity will be 1024.
[17:38:58] [Render thread/INFO] (Minecraft) Resizing Chunk Sections Instanced, capacity limit of 256 reached during a single frame. New capacity will be 512.
[17:39:00] [Render thread/INFO] (Minecraft) Resizing Chunk Sections Command Buffer, capacity limit of 1024 reached during a single frame. New capacity will be 2048.
[17:39:01] [Render thread/INFO] (Minecraft) Resizing Chunk Sections Instanced, capacity limit of 512 reached during a single frame. New capacity will be 1024.
[17:39:07] [Render thread/INFO] (Minecraft) Resizing Chunk Sections Command Buffer, capacity limit of 2048 reached during a single frame. New capacity will be 4096.
[17:39:10] [Render thread/INFO] (Minecraft) Resizing Chunk Sections Instanced, capacity limit of 1024 reached during a single frame. New capacity will be 2048.
[17:39:13] [Server thread/INFO] (Minecraft) Player Player633 standing on air - force-sending blocks below
[17:39:24] [Server thread/INFO] (Minecraft) Player Player633 standing on air - force-sending blocks below
[17:39:26] [Server thread/INFO] (Minecraft) Saving and pausing game...
[17:39:26] [Server thread/INFO] (Minecraft) Saving chunks for level 'ServerLevel[New World]'/minecraft:overworld
[17:39:27] [Server thread/INFO] (Minecraft) Saving chunks for level 'ServerLevel[New World]'/minecraft:the_nether
[17:39:27] [Server thread/INFO] (Minecraft) Saving chunks for level 'ServerLevel[New World]'/minecraft:the_end
[17:40:00] [Render thread/INFO] (Minecraft) Resizing Chunk Sections Command Buffer, capacity limit of 4096 reached during a single frame. New capacity will be 8192.
[17:40:00] [Render thread/INFO] (Minecraft) Resizing Chunk Sections Instanced, capacity limit of 2048 reached during a single frame. New capacity will be 4096.
[17:40:25] [Render thread/INFO] (Minecraft) Loaded 4 advancements
[17:40:43] [Server thread/INFO] (Minecraft) Saving and pausing game...
[17:40:43] [Server thread/INFO] (Minecraft) Saving chunks for level 'ServerLevel[New World]'/minecraft:overworld
[17:40:43] [Server thread/INFO] (Minecraft) Saving chunks for level 'ServerLevel[New World]'/minecraft:the_nether
[17:40:43] [Server thread/INFO] (Minecraft) Saving chunks for level 'ServerLevel[New World]'/minecraft:the_end
[17:40:44] [Server thread/INFO] (Minecraft) Stopping server
[17:40:44] [Server thread/INFO] (Minecraft) Saving players
[17:40:44] [Server thread/INFO] (Minecraft) Player633 lost connection: Disconnected
[17:40:44] [Server thread/INFO] (Minecraft) System chat: Player633 left the game
[17:40:44] [Server thread/INFO] (Minecraft) Stopping singleplayer server as player logged out
[17:40:44] [Server thread/INFO] (Minecraft) Saving worlds
[17:40:44] [Server thread/INFO] (Minecraft) Saving chunks for level 'ServerLevel[New World]'/minecraft:overworld
[17:40:45] [Server thread/INFO] (Minecraft) Saving chunks for level 'ServerLevel[New World]'/minecraft:the_nether
[17:40:45] [Server thread/INFO] (Minecraft) Saving chunks for level 'ServerLevel[New World]'/minecraft:the_end
[17:40:46] [Render thread/INFO] (Minecraft) Stopping!

BUILD SUCCESSFUL in 2m 39s
8 actionable tasks: 1 executed, 7 up-to-date
Consider enabling configuration cache to speed up this build: https://docs.gradle.org/9.7.1/userguide/configuration_cache_enabling.html
