
> Configure project :
Fabric Loom: 1.18.2

> Task :compileJava UP-TO-DATE
> Task :configureNative UP-TO-DATE
> Task :buildNative UP-TO-DATE
> Task :processResources
> Task :classes
> Task :processIncludeJars UP-TO-DATE
> Task :jar
> Task :sourcesJar
> Task :assemble
> Task :compileTestJava UP-TO-DATE
> Task :processTestResources NO-SOURCE
> Task :testClasses UP-TO-DATE

> Task :nativeSmokeTest
2026-10-02 18:03:10.199 java[78767:6998129] Metal API Validation Enabled
Native smoke test GPU: Apple M3 Pro
PASS: Metal copies, mip clears, push constants, float MRT blending/depth output, draw/scissor, texel reads, calibrated GPU timestamps, and zero leaked handles

> Task :shaderSmokeTest
2026-10-02 18:03:10.702 java[78770:6998173] Metal API Validation Enabled
[18:03:10] [main/INFO]: Metal device created: Apple M3 Pro. Native SDL presentation, no OpenGL context.
WARNING: A terminally deprecated method in sun.misc.Unsafe has been called
WARNING: sun.misc.Unsafe::objectFieldOffset has been called by org.lwjgl.system.MemoryBackendUnsafeLegacy (file:<USER_HOME>/.gradle/caches/modules-2/files-2.1/org.lwjgl/lwjgl/3.4.3/7ab5265a73d8a959ed62332d546536ae6be2f0d5/lwjgl-3.4.3.jar)
WARNING: Please consider reporting this to the maintainers of class org.lwjgl.system.MemoryBackendUnsafeLegacy
WARNING: sun.misc.Unsafe::objectFieldOffset will be removed in a future release
PASS: 195 vanilla pipeline variants (including all OIT stages and optional terrain) compiled twice, 390 total; numeric uniforms + shared push constants rendered/read back, 1.219 s

> Task :test

> Task :transientMemorySmokeTest
2026-10-02 18:03:12.268 java[78849:6998466] Metal API Validation Enabled
[18:03:12] [main/INFO]: Metal device created: Apple M3 Pro. Native SDL presentation, no OpenGL context.
PASS: transient alignment, empty uploads, source slices, independent view ownership, expiration, and fenced GPU lifetime

> Task :validateAccessWidener NO-SOURCE
> Task :check
> Task :build

[Incubating] Problems report is available at: file://<USER_HOME>/Programs/minecraft-metal-renderer/build/reports/problems/problems-report.html

Deprecated Gradle features were used in this build, making it incompatible with Gradle 10.

You can use '--warning-mode all' to show the individual deprecation warnings and determine if they come from your own scripts or plugins.

For more on this, please refer to https://docs.gradle.org/9.7.1/userguide/command_line_interface.html#sec:command_line_warnings in the Gradle documentation.

BUILD SUCCESSFUL in 2s
12 actionable tasks: 7 executed, 5 up-to-date
